******************************************************************************
             TMS320C2000 Linker PC v22.6.0                     
******************************************************************************
>> Linked Wed Nov 23 14:46:19 2022

OUTPUT FILE NAME:   <v303_CBAMD.out>
ENTRY POINT SYMBOL: "code_start"  address: 00080000


MEMORY CONFIGURATION

         name            origin    length      used     unused   attr    fill
----------------------  --------  ---------  --------  --------  ----  --------
PAGE 0:
  RAMD0                 0000b000   00000800  00000000  00000800  RWIX
  RAMD1                 0000b800   00000800  00000000  00000800  RWIX
  RAMGS_ROM             00012000   00004000  00003533  00000acd  RWIX
  BEGIN                 00080000   00000002  00000002  00000000  RWIX
  FLASHA                00080002   00003ffe  00000ce2  0000331c  RWIX
  FLASHC                00084000   00004000  00000afe  00003502  RWIX
  FLASHE                00088000   00008000  00007626  000009da  RWIX
  FLASHF                00090000   00008000  00000000  00008000  RWIX
  FLASHG                00098000   00008000  00000000  00008000  RWIX
  FLASHH                000a0000   00008000  00000000  00008000  RWIX
  FLASHIJ               000a8000   00010000  00003533  0000cacd  RWIX
  FLASHK                000b8000   00002000  00000000  00002000  RWIX
  FLASHL                000ba000   00006000  0000209e  00003f62  RWIX
  RESET                 003fffc0   00000002  00000000  00000002  RWIX

PAGE 1:
  BOOT_RSVD             00000002   00000120  00000000  00000120  RWIX
  RAMM01                00000122   000006de  000006de  00000000  RWIX
  ADCA_RESULT           00000b00   00000020  00000018  00000008  RWIX
  ADCB_RESULT           00000b20   00000020  00000018  00000008  RWIX
  ADCC_RESULT           00000b40   00000020  00000018  00000008  RWIX
  ADCD_RESULT           00000b60   00000020  00000018  00000008  RWIX
  CPU_TIMER0            00000c00   00000008  00000008  00000000  RWIX
  CPU_TIMER1            00000c08   00000008  00000008  00000000  RWIX
  CPU_TIMER2            00000c10   00000008  00000008  00000000  RWIX
  PIE_CTRL              00000ce0   00000020  0000001a  00000006  RWIX
  PIE_VECT              00000d00   00000200  000001c0  00000040  RWIX
  DMA                   00001000   00000200  000000e0  00000120  RWIX
  CLA1                  00001400   00000040  0000003e  00000002  RWIX
  EPWM1                 00004000   00000100  00000100  00000000  RWIX
  EPWM2                 00004100   00000100  00000100  00000000  RWIX
  EPWM3                 00004200   00000100  00000100  00000000  RWIX
  EPWM4                 00004300   00000100  00000100  00000000  RWIX
  EPWM5                 00004400   00000100  00000100  00000000  RWIX
  EPWM6                 00004500   00000100  00000100  00000000  RWIX
  EPWM7                 00004600   00000100  00000100  00000000  RWIX
  EPWM8                 00004700   00000100  00000100  00000000  RWIX
  EPWM9                 00004800   00000100  00000100  00000000  RWIX
  EPWM10                00004900   00000100  00000100  00000000  RWIX
  EPWM11                00004a00   00000100  00000100  00000000  RWIX
  EPWM12                00004b00   00000100  00000100  00000000  RWIX
  ECAP1                 00005000   00000020  00000020  00000000  RWIX
  ECAP2                 00005020   00000020  00000020  00000000  RWIX
  ECAP3                 00005040   00000020  00000020  00000000  RWIX
  ECAP4                 00005060   00000020  00000020  00000000  RWIX
  ECAP5                 00005080   00000020  00000020  00000000  RWIX
  ECAP6                 000050a0   00000020  00000020  00000000  RWIX
  EQEP1                 00005100   00000040  00000022  0000001e  RWIX
  EQEP2                 00005140   00000040  00000022  0000001e  RWIX
  EQEP3                 00005180   00000040  00000022  0000001e  RWIX
  DACA                  00005c00   00000010  00000008  00000008  RWIX
  DACB                  00005c10   00000010  00000008  00000008  RWIX
  DACC                  00005c20   00000010  00000008  00000008  RWIX
  CMPSS1                00005c80   00000020  00000020  00000000  RWIX
  CMPSS2                00005ca0   00000020  00000020  00000000  RWIX
  CMPSS3                00005cc0   00000020  00000020  00000000  RWIX
  CMPSS4                00005ce0   00000020  00000020  00000000  RWIX
  CMPSS5                00005d00   00000020  00000020  00000000  RWIX
  CMPSS6                00005d20   00000020  00000020  00000000  RWIX
  CMPSS7                00005d40   00000020  00000020  00000000  RWIX
  CMPSS8                00005d60   00000020  00000020  00000000  RWIX
  SDFM1                 00005e00   00000080  00000080  00000000  RWIX
  SDFM2                 00005e80   00000080  00000080  00000000  RWIX
  MCBSPA                00006000   00000040  00000024  0000001c  RWIX
  MCBSPB                00006040   00000040  00000024  0000001c  RWIX
  SPIA                  00006100   00000010  00000010  00000000  RWIX
  SPIB                  00006110   00000010  00000010  00000000  RWIX
  SPIC                  00006120   00000010  00000010  00000000  RWIX
  SPID                  00006130   00000010  00000000  00000010  RWIX
  UPP                   00006200   00000100  00000048  000000b8  RWIX
  WD                    00007000   00000040  0000002b  00000015  RWIX
  NMIINTRUPT            00007060   00000010  00000007  00000009  RWIX
  XINT                  00007070   00000010  0000000b  00000005  RWIX
  SCIA                  00007200   00000010  00000010  00000000  RWIX
  SCIB                  00007210   00000010  00000010  00000000  RWIX
  SCIC                  00007220   00000010  00000010  00000000  RWIX
  SCID                  00007230   00000010  00000010  00000000  RWIX
  I2CA                  00007300   00000040  00000022  0000001e  RWIX
  I2CB                  00007340   00000040  00000022  0000001e  RWIX
  ADCA                  00007400   00000080  00000080  00000000  RWIX
  ADCB                  00007480   00000080  00000080  00000000  RWIX
  ADCC                  00007500   00000080  00000080  00000000  RWIX
  ADCD                  00007580   00000080  00000080  00000000  RWIX
  INPUT_XBAR            00007900   00000020  00000020  00000000  RWIX
  XBAR                  00007920   00000020  00000020  00000000  RWIX
  SYNC_SOC              00007940   00000010  00000006  0000000a  RWIX
  DMACLASRCSEL          00007980   00000040  0000001a  00000026  RWIX
  EPWM_XBAR             00007a00   00000040  00000040  00000000  RWIX
  CLB_XBAR              00007a40   00000040  00000000  00000040  RWIX
  OUTPUT_XBAR           00007a80   00000040  00000040  00000000  RWIX
  GPIOCTRL              00007c00   00000180  00000180  00000000  RWIX
  GPIODAT               00007f00   00000030  00000030  00000000  RWIX
  RAMLS_RAM             00008000   00003000  00000720  000028e0  RWIX
  RAMGS_RAM             0000b000   00007000  00003c73  0000338d  RWIX
  EMIF1                 00047000   00000800  00000070  00000790  RWIX
  EMIF2                 00047800   00000800  00000070  00000790  RWIX
  CANA                  00048000   00000800  00000164  0000069c  RWIX
  CANB                  0004a000   00000800  00000164  0000069c  RWIX
  FLASHPUMPSEMAPHORE    00050024   00000002  00000002  00000000  RWIX
  DEV_CFG               0005d000   00000180  0000012e  00000052  RWIX
  ANALOG_SUBSYS         0005d180   00000080  00000048  00000038  RWIX
  CLK_CFG               0005d200   00000100  00000032  000000ce  RWIX
  CPU_SYS               0005d300   00000100  00000082  0000007e  RWIX
  ROMPREFETCH           0005e608   00000002  00000002  00000000  RWIX
  DCSM_Z1               0005f000   00000030  00000024  0000000c  RWIX
  DCSM_Z2               0005f040   00000030  00000024  0000000c  RWIX
  DCSM_COMMON           0005f070   00000010  00000008  00000008  RWIX
  MEMCFG                0005f400   00000080  00000080  00000000  RWIX
  EMIF1CONFIG           0005f480   00000020  00000020  00000000  RWIX
  EMIF2CONFIG           0005f4a0   00000020  00000020  00000000  RWIX
  ACCESSPROTECTION      0005f4c0   00000040  00000040  00000000  RWIX
  MEMORYERROR           0005f500   00000040  00000040  00000000  RWIX
  ROMWAITSTATE          0005f540   00000002  00000002  00000000  RWIX
  FLASH0_CTRL           0005f800   00000300  00000182  0000017e  RWIX
  FLASH0_ECC            0005fb00   00000040  00000028  00000018  RWIX
  FLASH1_CTRL           0005fc00   00000300  00000182  0000017e  RWIX
  FLASH1_ECC            0005ff00   00000040  00000028  00000018  RWIX


SECTION ALLOCATION MAP

 output                                  attributes/
section   page    origin      length       input sections
--------  ----  ----------  ----------   ----------------
.cinit     0    00080004    00000ce2     
                  00080004    000007af     sci.obj (.cinit:_sKeySet)
                  000807b3    00000131     tigerwin.obj (.cinit:_lKTY81_210)
                  000808e4    00000103     adc.obj (.cinit:_fCos)
                  000809e7    00000103     adc.obj (.cinit:_fSin)
                  00080aea    000000c3     tigerwin.obj (.cinit:_sRmsSet)
                  00080bad    00000026     rts2800_fpu32.lib : defs.c.obj (.cinit:__ftable)
                  00080bd3    00000024     emif.obj (.cinit:_bSerial)
                  00080bf7    0000001b     rts2800_fpu32.lib : host_device.c.obj (.cinit:__device)
                  00080c12    0000001a     tigerwin.obj (.cinit)
                  00080c2c    00000019     wizchip_conf.obj (.cinit)
                  00080c45    00000014     emif.obj (.cinit:_bModel)
                  00080c59    00000013     tigerwin.obj (.cinit:_wiznet_memsize)
                  00080c6c    0000000f     rts2800_fpu32.lib : tmzone.c.obj (.cinit)
                  00080c7b    0000000e                       : host_device.c.obj (.cinit:__stream)
                  00080c89    0000000e                       : exit.c.obj (.cinit)
                  00080c97    0000000c     socket.obj (.cinit)
                  00080ca3    0000000a     emif.obj (.cinit)
                  00080cad    00000005     rts2800_fpu32.lib : _lock.c.obj (.cinit:__lock)
                  00080cb2    00000005                       : _lock.c.obj (.cinit:__unlock)
                  00080cb7    00000005     socket.obj (.cinit:_sock_remained_size)
                  00080cbc    00000004     socket.obj (.cinit:_sock_pack_info)
                  00080cc0    00000004     socket.obj (.cinit:_sock_remained_byte)
                  00080cc4    00000004     adc.obj (.cinit)
                  00080cc8    00000004     loopback.obj (.cinit)
                  00080ccc    00000004     rts2800_fpu32.lib : defs.c.obj (.cinit)
                  00080cd0    00000004                       : errno.c.obj (.cinit)
                  00080cd4    00000004                       : fopen.c.obj (.cinit)
                  00080cd8    00000004                       : localtim64.c.obj (.cinit)
                  00080cdc    00000004                       : memory.c.obj (.cinit)
                  00080ce0    00000004                       : open.c.obj (.cinit)
                  00080ce4    00000002     --HOLE-- [fill = 0]

.pinit     0    00080004    00000000     UNINITIALIZED

codestart 
*          0    00080000    00000002     
                  00080000    00000002     F2837xS_CodeStartBranch.obj (codestart)

.switch    0    00084000    00000afe     
                  00084000    0000028e     sci.obj (.switch:_Debug_Make)
                  0008428e    00000288     tigerwin.obj (.switch:_Integral_Make)
                  00084516    000000ea     sci.obj (.switch:_Debug_TCursor)
                  00084600    000000ea     sci.obj (.switch:_Debug_THelpList)
                  000846ea    000000ea     sci.obj (.switch:_Debug_THelpListFull)
                  000847d4    000000ea     sci.obj (.switch:_Debug_TList)
                  000848be    00000086     sci.obj (.switch:_Setting_View)
                  00084944    0000007e     tigerwin.obj (.switch:_Debug_ViewChk)
                  000849c2    00000072     tigerwin.obj (.switch:_w5300_Make)
                  00084a34    00000040     tigerwin.obj (.switch:_List_Evt)
                  00084a74    00000030     modbus.obj (.switch:_Modbus_RxMake)
                  00084aa4    00000024     tigerwin.obj (.switch:_SvCheck)
                  00084ac8    0000001c     modbus.obj (.switch:_Modbus_Addr)
                  00084ae4    0000001a     socket.obj (.switch:_getsockopt)

.TI.ramfunc 
*          0    000a8000    00003533     RUN ADDR = 00012000
                  000a8000    00002946     sci.obj (.TI.ramfunc)
                  000aa946    00000556     tigerwin.obj (.TI.ramfunc)
                  000aae9c    000004a7     adc.obj (.TI.ramfunc)
                  000ab343    000000ff     timer.obj (.TI.ramfunc:retain)
                  000ab442    0000007f     sci.obj (.TI.ramfunc:retain)
                  000ab4c1    0000006e     F2837xS_SysCtrl.obj (.TI.ramfunc)
                  000ab52f    00000004     F2837xS_usDelay.obj (.TI.ramfunc)

.stack     1    00000122    000006de     UNINITIALIZED
                  00000122    000006de     --HOLE--

.esysmem   1    00008000    00000600     UNINITIALIZED
                  00008000    00000004     rts2800_fpu32.lib : memory.c.obj (.esysmem)
                  00008004    000005fc     --HOLE--

.cio       1    00008600    00000120     UNINITIALIZED
                  00008600    00000120     rts2800_fpu32.lib : trgmsg.c.obj (.cio)

.reset     0    003fffc0    00000002     DSECT
                  003fffc0    00000002     rts2800_fpu32.lib : boot28.asm.obj (.reset)

.econst    0    000ba000    0000209e     
                  000ba000    0000196d     sci.obj (.econst:.string)
                  000bb96d    00000001     --HOLE-- [fill = 0]
                  000bb96e    000001c0     F2837xS_PieVect.obj (.econst:_PieVectTableInit)
                  000bbb2e    0000018a     tigerwin.obj (.econst:.string)
                  000bbcb8    0000013f     loopback.obj (.econst:.string)
                  000bbdf7    00000101     rts2800_fpu32.lib : ctype.c.obj (.econst:.string:__ctypes_)
                  000bbef8    00000100     modbus.obj (.econst:_wCRCTable)
                  000bbff8    00000026     rts2800_fpu32.lib : _printfi.c.obj (.econst:.string)
                  000bc01e    0000001c     tigerwin.obj (.econst:_ADDRESS_MAP)
                  000bc03a    0000001c     rts2800_fpu32.lib : _printfi.c.obj (.econst)
                  000bc056    0000001c                       : s_scalbn.c.obj (.econst)
                  000bc072    0000000c                       : mktime64.c.obj (.econst:_mon_day)
                  000bc07e    0000000c                       : mktime64.c.obj (.econst:_mon_len)
                  000bc08a    00000008                       : s_frexp.c.obj (.econst)
                  000bc092    00000005     socket.obj (.econst:.string)
                  000bc097    00000004     socket.obj (.econst:.string:_$P$T0$1)
                  000bc09b    00000001     --HOLE-- [fill = 0]
                  000bc09c    00000002     rts2800_fpu32.lib : fputs.c.obj (.econst:.string)

AdcaResultFile 
*          1    00000b00    00000018     UNINITIALIZED
                  00000b00    00000018     F2837xS_GlobalVariableDefs.obj (AdcaResultFile)

AdcbResultFile 
*          1    00000b20    00000018     UNINITIALIZED
                  00000b20    00000018     F2837xS_GlobalVariableDefs.obj (AdcbResultFile)

AdccResultFile 
*          1    00000b40    00000018     UNINITIALIZED
                  00000b40    00000018     F2837xS_GlobalVariableDefs.obj (AdccResultFile)

AdcdResultFile 
*          1    00000b60    00000018     UNINITIALIZED
                  00000b60    00000018     F2837xS_GlobalVariableDefs.obj (AdcdResultFile)

CpuTimer0RegsFile 
*          1    00000c00    00000008     UNINITIALIZED
                  00000c00    00000008     F2837xS_GlobalVariableDefs.obj (CpuTimer0RegsFile)

CpuTimer1RegsFile 
*          1    00000c08    00000008     UNINITIALIZED
                  00000c08    00000008     F2837xS_GlobalVariableDefs.obj (CpuTimer1RegsFile)

CpuTimer2RegsFile 
*          1    00000c10    00000008     UNINITIALIZED
                  00000c10    00000008     F2837xS_GlobalVariableDefs.obj (CpuTimer2RegsFile)

PieCtrlRegsFile 
*          1    00000ce0    0000001a     UNINITIALIZED
                  00000ce0    0000001a     F2837xS_GlobalVariableDefs.obj (PieCtrlRegsFile)

PieVectTableFile 
*          1    00000d00    000001c0     UNINITIALIZED
                  00000d00    000001c0     F2837xS_GlobalVariableDefs.obj (PieVectTableFile)

EmuBModeVar 
*          1    00000d00    00000001     UNINITIALIZED
                  00000d00    00000001     F2837xS_GlobalVariableDefs.obj (EmuBModeVar)

EmuBootPinsVar 
*          1    00000d01    00000001     UNINITIALIZED
                  00000d01    00000001     F2837xS_GlobalVariableDefs.obj (EmuBootPinsVar)

DmaRegsFile 
*          1    00001000    000000e0     UNINITIALIZED
                  00001000    000000e0     F2837xS_GlobalVariableDefs.obj (DmaRegsFile)

Cla1RegsFile 
*          1    00001400    0000003e     UNINITIALIZED
                  00001400    0000003e     F2837xS_GlobalVariableDefs.obj (Cla1RegsFile)

EPwm1RegsFile 
*          1    00004000    00000100     UNINITIALIZED
                  00004000    00000100     F2837xS_GlobalVariableDefs.obj (EPwm1RegsFile)

EPwm2RegsFile 
*          1    00004100    00000100     UNINITIALIZED
                  00004100    00000100     F2837xS_GlobalVariableDefs.obj (EPwm2RegsFile)

EPwm3RegsFile 
*          1    00004200    00000100     UNINITIALIZED
                  00004200    00000100     F2837xS_GlobalVariableDefs.obj (EPwm3RegsFile)

EPwm4RegsFile 
*          1    00004300    00000100     UNINITIALIZED
                  00004300    00000100     F2837xS_GlobalVariableDefs.obj (EPwm4RegsFile)

EPwm5RegsFile 
*          1    00004400    00000100     UNINITIALIZED
                  00004400    00000100     F2837xS_GlobalVariableDefs.obj (EPwm5RegsFile)

EPwm6RegsFile 
*          1    00004500    00000100     UNINITIALIZED
                  00004500    00000100     F2837xS_GlobalVariableDefs.obj (EPwm6RegsFile)

EPwm7RegsFile 
*          1    00004600    00000100     UNINITIALIZED
                  00004600    00000100     F2837xS_GlobalVariableDefs.obj (EPwm7RegsFile)

EPwm8RegsFile 
*          1    00004700    00000100     UNINITIALIZED
                  00004700    00000100     F2837xS_GlobalVariableDefs.obj (EPwm8RegsFile)

EPwm9RegsFile 
*          1    00004800    00000100     UNINITIALIZED
                  00004800    00000100     F2837xS_GlobalVariableDefs.obj (EPwm9RegsFile)

EPwm10RegsFile 
*          1    00004900    00000100     UNINITIALIZED
                  00004900    00000100     F2837xS_GlobalVariableDefs.obj (EPwm10RegsFile)

EPwm11RegsFile 
*          1    00004a00    00000100     UNINITIALIZED
                  00004a00    00000100     F2837xS_GlobalVariableDefs.obj (EPwm11RegsFile)

EPwm12RegsFile 
*          1    00004b00    00000100     UNINITIALIZED
                  00004b00    00000100     F2837xS_GlobalVariableDefs.obj (EPwm12RegsFile)

ECap1RegsFile 
*          1    00005000    00000020     UNINITIALIZED
                  00005000    00000020     F2837xS_GlobalVariableDefs.obj (ECap1RegsFile)

ECap2RegsFile 
*          1    00005020    00000020     UNINITIALIZED
                  00005020    00000020     F2837xS_GlobalVariableDefs.obj (ECap2RegsFile)

ECap3RegsFile 
*          1    00005040    00000020     UNINITIALIZED
                  00005040    00000020     F2837xS_GlobalVariableDefs.obj (ECap3RegsFile)

ECap4RegsFile 
*          1    00005060    00000020     UNINITIALIZED
                  00005060    00000020     F2837xS_GlobalVariableDefs.obj (ECap4RegsFile)

ECap5RegsFile 
*          1    00005080    00000020     UNINITIALIZED
                  00005080    00000020     F2837xS_GlobalVariableDefs.obj (ECap5RegsFile)

ECap6RegsFile 
*          1    000050a0    00000020     UNINITIALIZED
                  000050a0    00000020     F2837xS_GlobalVariableDefs.obj (ECap6RegsFile)

EQep1RegsFile 
*          1    00005100    00000022     UNINITIALIZED
                  00005100    00000022     F2837xS_GlobalVariableDefs.obj (EQep1RegsFile)

EQep2RegsFile 
*          1    00005140    00000022     UNINITIALIZED
                  00005140    00000022     F2837xS_GlobalVariableDefs.obj (EQep2RegsFile)

EQep3RegsFile 
*          1    00005180    00000022     UNINITIALIZED
                  00005180    00000022     F2837xS_GlobalVariableDefs.obj (EQep3RegsFile)

DacaRegsFile 
*          1    00005c00    00000008     UNINITIALIZED
                  00005c00    00000008     F2837xS_GlobalVariableDefs.obj (DacaRegsFile)

DacbRegsFile 
*          1    00005c10    00000008     UNINITIALIZED
                  00005c10    00000008     F2837xS_GlobalVariableDefs.obj (DacbRegsFile)

DaccRegsFile 
*          1    00005c20    00000008     UNINITIALIZED
                  00005c20    00000008     F2837xS_GlobalVariableDefs.obj (DaccRegsFile)

Sdfm1RegsFile 
*          1    00005e00    00000080     UNINITIALIZED
                  00005e00    00000080     F2837xS_GlobalVariableDefs.obj (Sdfm1RegsFile)

Sdfm2RegsFile 
*          1    00005e80    00000080     UNINITIALIZED
                  00005e80    00000080     F2837xS_GlobalVariableDefs.obj (Sdfm2RegsFile)

McbspaRegsFile 
*          1    00006000    00000024     UNINITIALIZED
                  00006000    00000024     F2837xS_GlobalVariableDefs.obj (McbspaRegsFile)

McbspbRegsFile 
*          1    00006040    00000024     UNINITIALIZED
                  00006040    00000024     F2837xS_GlobalVariableDefs.obj (McbspbRegsFile)

SpiaRegsFile 
*          1    00006100    00000010     UNINITIALIZED
                  00006100    00000010     F2837xS_GlobalVariableDefs.obj (SpiaRegsFile)

SpibRegsFile 
*          1    00006110    00000010     UNINITIALIZED
                  00006110    00000010     F2837xS_GlobalVariableDefs.obj (SpibRegsFile)

SpicRegsFile 
*          1    00006120    00000010     UNINITIALIZED
                  00006120    00000010     F2837xS_GlobalVariableDefs.obj (SpicRegsFile)

UppRegsFile 
*          1    00006200    00000048     UNINITIALIZED
                  00006200    00000048     F2837xS_GlobalVariableDefs.obj (UppRegsFile)

WdRegsFile 
*          1    00007000    0000002b     UNINITIALIZED
                  00007000    0000002b     F2837xS_GlobalVariableDefs.obj (WdRegsFile)

NmiIntruptRegsFile 
*          1    00007060    00000007     UNINITIALIZED
                  00007060    00000007     F2837xS_GlobalVariableDefs.obj (NmiIntruptRegsFile)

XintRegsFile 
*          1    00007070    0000000b     UNINITIALIZED
                  00007070    0000000b     F2837xS_GlobalVariableDefs.obj (XintRegsFile)

SciaRegsFile 
*          1    00007200    00000010     UNINITIALIZED
                  00007200    00000010     F2837xS_GlobalVariableDefs.obj (SciaRegsFile)

ScibRegsFile 
*          1    00007210    00000010     UNINITIALIZED
                  00007210    00000010     F2837xS_GlobalVariableDefs.obj (ScibRegsFile)

ScicRegsFile 
*          1    00007220    00000010     UNINITIALIZED
                  00007220    00000010     F2837xS_GlobalVariableDefs.obj (ScicRegsFile)

ScidRegsFile 
*          1    00007230    00000010     UNINITIALIZED
                  00007230    00000010     F2837xS_GlobalVariableDefs.obj (ScidRegsFile)

I2caRegsFile 
*          1    00007300    00000022     UNINITIALIZED
                  00007300    00000022     F2837xS_GlobalVariableDefs.obj (I2caRegsFile)

I2cbRegsFile 
*          1    00007340    00000022     UNINITIALIZED
                  00007340    00000022     F2837xS_GlobalVariableDefs.obj (I2cbRegsFile)

AdcaRegsFile 
*          1    00007400    00000080     UNINITIALIZED
                  00007400    00000080     F2837xS_GlobalVariableDefs.obj (AdcaRegsFile)

AdcbRegsFile 
*          1    00007480    00000080     UNINITIALIZED
                  00007480    00000080     F2837xS_GlobalVariableDefs.obj (AdcbRegsFile)

AdccRegsFile 
*          1    00007500    00000080     UNINITIALIZED
                  00007500    00000080     F2837xS_GlobalVariableDefs.obj (AdccRegsFile)

AdcdRegsFile 
*          1    00007580    00000080     UNINITIALIZED
                  00007580    00000080     F2837xS_GlobalVariableDefs.obj (AdcdRegsFile)

CanaRegsFile 
*          1    00048000    00000164     UNINITIALIZED
                  00048000    00000164     F2837xS_GlobalVariableDefs.obj (CanaRegsFile)

CanbRegsFile 
*          1    0004a000    00000164     UNINITIALIZED
                  0004a000    00000164     F2837xS_GlobalVariableDefs.obj (CanbRegsFile)

AnalogSubsysRegsFile 
*          1    0005d180    00000048     UNINITIALIZED
                  0005d180    00000048     F2837xS_GlobalVariableDefs.obj (AnalogSubsysRegsFile)

Cla1SoftIntRegsFile 
*          1    00000ce0    00000004     DSECT
                  00000ce0    00000004     F2837xS_GlobalVariableDefs.obj (Cla1SoftIntRegsFile)

Cmpss1RegsFile 
*          1    00005c80    00000020     UNINITIALIZED
                  00005c80    00000020     F2837xS_GlobalVariableDefs.obj (Cmpss1RegsFile)

Cmpss2RegsFile 
*          1    00005ca0    00000020     UNINITIALIZED
                  00005ca0    00000020     F2837xS_GlobalVariableDefs.obj (Cmpss2RegsFile)

Cmpss3RegsFile 
*          1    00005cc0    00000020     UNINITIALIZED
                  00005cc0    00000020     F2837xS_GlobalVariableDefs.obj (Cmpss3RegsFile)

Cmpss4RegsFile 
*          1    00005ce0    00000020     UNINITIALIZED
                  00005ce0    00000020     F2837xS_GlobalVariableDefs.obj (Cmpss4RegsFile)

Cmpss5RegsFile 
*          1    00005d00    00000020     UNINITIALIZED
                  00005d00    00000020     F2837xS_GlobalVariableDefs.obj (Cmpss5RegsFile)

Cmpss6RegsFile 
*          1    00005d20    00000020     UNINITIALIZED
                  00005d20    00000020     F2837xS_GlobalVariableDefs.obj (Cmpss6RegsFile)

Cmpss7RegsFile 
*          1    00005d40    00000020     UNINITIALIZED
                  00005d40    00000020     F2837xS_GlobalVariableDefs.obj (Cmpss7RegsFile)

Cmpss8RegsFile 
*          1    00005d60    00000020     UNINITIALIZED
                  00005d60    00000020     F2837xS_GlobalVariableDefs.obj (Cmpss8RegsFile)

InputXbarRegsFile 
*          1    00007900    00000020     UNINITIALIZED
                  00007900    00000020     F2837xS_GlobalVariableDefs.obj (InputXbarRegsFile)

XbarRegsFile 
*          1    00007920    00000020     UNINITIALIZED
                  00007920    00000020     F2837xS_GlobalVariableDefs.obj (XbarRegsFile)

SyncSocRegsFile 
*          1    00007940    00000006     UNINITIALIZED
                  00007940    00000006     F2837xS_GlobalVariableDefs.obj (SyncSocRegsFile)

DmaClaSrcSelRegsFile 
*          1    00007980    0000001a     UNINITIALIZED
                  00007980    0000001a     F2837xS_GlobalVariableDefs.obj (DmaClaSrcSelRegsFile)

EPwmXbarRegsFile 
*          1    00007a00    00000040     UNINITIALIZED
                  00007a00    00000040     F2837xS_GlobalVariableDefs.obj (EPwmXbarRegsFile)

OutputXbarRegsFile 
*          1    00007a80    00000040     UNINITIALIZED
                  00007a80    00000040     F2837xS_GlobalVariableDefs.obj (OutputXbarRegsFile)

GpioCtrlRegsFile 
*          1    00007c00    00000180     UNINITIALIZED
                  00007c00    00000180     F2837xS_GlobalVariableDefs.obj (GpioCtrlRegsFile)

GpioDataRegsFile 
*          1    00007f00    00000030     UNINITIALIZED
                  00007f00    00000030     F2837xS_GlobalVariableDefs.obj (GpioDataRegsFile)

Emif1RegsFile 
*          1    00047000    00000070     UNINITIALIZED
                  00047000    00000070     F2837xS_GlobalVariableDefs.obj (Emif1RegsFile)

Emif2RegsFile 
*          1    00047800    00000070     UNINITIALIZED
                  00047800    00000070     F2837xS_GlobalVariableDefs.obj (Emif2RegsFile)

FlashPumpSemaphoreRegsFile 
*          1    00050024    00000002     UNINITIALIZED
                  00050024    00000002     F2837xS_GlobalVariableDefs.obj (FlashPumpSemaphoreRegsFile)

RomPrefetchRegsFile 
*          1    0005e608    00000002     UNINITIALIZED
                  0005e608    00000002     F2837xS_GlobalVariableDefs.obj (RomPrefetchRegsFile)

DcsmZ1RegsFile 
*          1    0005f000    00000024     UNINITIALIZED
                  0005f000    00000024     F2837xS_GlobalVariableDefs.obj (DcsmZ1RegsFile)

DcsmZ2RegsFile 
*          1    0005f040    00000024     UNINITIALIZED
                  0005f040    00000024     F2837xS_GlobalVariableDefs.obj (DcsmZ2RegsFile)

DcsmCommonRegsFile 
*          1    0005f070    00000008     UNINITIALIZED
                  0005f070    00000008     F2837xS_GlobalVariableDefs.obj (DcsmCommonRegsFile)

MemCfgRegsFile 
*          1    0005f400    00000080     UNINITIALIZED
                  0005f400    00000080     F2837xS_GlobalVariableDefs.obj (MemCfgRegsFile)

Emif1ConfigRegsFile 
*          1    0005f480    00000020     UNINITIALIZED
                  0005f480    00000020     F2837xS_GlobalVariableDefs.obj (Emif1ConfigRegsFile)

Emif2ConfigRegsFile 
*          1    0005f4a0    00000020     UNINITIALIZED
                  0005f4a0    00000020     F2837xS_GlobalVariableDefs.obj (Emif2ConfigRegsFile)

AccessProtectionRegsFile 
*          1    0005f4c0    00000040     UNINITIALIZED
                  0005f4c0    00000040     F2837xS_GlobalVariableDefs.obj (AccessProtectionRegsFile)

MemoryErrorRegsFile 
*          1    0005f500    00000040     UNINITIALIZED
                  0005f500    00000040     F2837xS_GlobalVariableDefs.obj (MemoryErrorRegsFile)

RomWaitStateRegsFile 
*          1    0005f540    00000002     UNINITIALIZED
                  0005f540    00000002     F2837xS_GlobalVariableDefs.obj (RomWaitStateRegsFile)

Flash0CtrlRegsFile 
*          1    0005f800    00000182     UNINITIALIZED
                  0005f800    00000182     F2837xS_GlobalVariableDefs.obj (Flash0CtrlRegsFile)

Flash0EccRegsFile 
*          1    0005fb00    00000028     UNINITIALIZED
                  0005fb00    00000028     F2837xS_GlobalVariableDefs.obj (Flash0EccRegsFile)

Flash1CtrlRegsFile 
*          1    0005fc00    00000182     UNINITIALIZED
                  0005fc00    00000182     F2837xS_GlobalVariableDefs.obj (Flash1CtrlRegsFile)

Flash1EccRegsFile 
*          1    0005ff00    00000028     UNINITIALIZED
                  0005ff00    00000028     F2837xS_GlobalVariableDefs.obj (Flash1EccRegsFile)

DevCfgRegsFile 
*          1    0005d000    0000012e     UNINITIALIZED
                  0005d000    0000012e     F2837xS_GlobalVariableDefs.obj (DevCfgRegsFile)

ClkCfgRegsFile 
*          1    0005d200    00000032     UNINITIALIZED
                  0005d200    00000032     F2837xS_GlobalVariableDefs.obj (ClkCfgRegsFile)

CpuSysRegsFile 
*          1    0005d300    00000082     UNINITIALIZED
                  0005d300    00000082     F2837xS_GlobalVariableDefs.obj (CpuSysRegsFile)

.text      0    00088000    00007626     
                  00088000    00000f68     sci.obj (.text)
                  00088f68    00000bb0     socket.obj (.text)
                  00089b18    0000081d     tigerwin.obj (.text)
                  0008a335    0000073d     adc.obj (.text)
                  0008aa72    0000071f     modbus.obj (.text)
                  0008b191    00000001     rts2800_fpu32.lib : startup.c.obj (.text)
                  0008b192    000006d0                       : _printfi.c.obj (.text)
                  0008b862    000005f5                       : _printfi.c.obj (.text:__TI_printfi)
                  0008be57    00000588     emif.obj (.text)
                  0008c3df    00000585     F2837xS_DefaultISR.obj (.text:retain)
                  0008c964    00000490     F2837xS_SysCtrl.obj (.text)
                  0008cdf4    00000449     wizchip_conf.obj (.text)
                  0008d23d    0000040b     rtc.obj (.text)
                  0008d648    0000031c     F2837xS_Emif.obj (.text)
                  0008d964    0000028c     rts2800_fpu32.lib : memory.c.obj (.text)
                  0008dbf0    00000258     loopback.obj (.text)
                  0008de48    00000240     F2837xS_Gpio.obj (.text)
                  0008e088    000001bc     rts2800_fpu32.lib : mktime64.c.obj (.text)
                  0008e244    00000198     w5300.obj (.text)
                  0008e3dc    00000137     io.obj (.text)
                  0008e513    00000121     rts2800_fpu32.lib : fopen.c.obj (.text)
                  0008e634    00000107                       : ll_div28.asm.obj (.text)
                  0008e73b    000000f8                       : localtim64.c.obj (.text)
                  0008e833    000000a9                       : s_scalbn.c.obj (.text)
                  0008e8dc    000000a8                       : fputs.c.obj (.text)
                  0008e984    0000009c                       : fd_add28.asm.obj (.text)
                  0008ea20    00000095                       : trgmsg.c.obj (.text)
                  0008eab5    0000008b                       : fd_div28.asm.obj (.text)
                  0008eb40    00000083                       : fd_mpy28.asm.obj (.text)
                  0008ebc3    0000007c     F2837xS_CpuTimers.obj (.text)
                  0008ec3f    0000007c     rts2800_fpu32.lib : setvbuf.c.obj (.text)
                  0008ecbb    00000073                       : fflush.c.obj (.text)
                  0008ed2e    00000071                       : open.c.obj (.text)
                  0008ed9f    00000065                       : _io_perm.c.obj (.text)
                  0008ee04    0000005d                       : fclose.c.obj (.text)
                  0008ee61    0000005b                       : hostlseek.c.obj (.text)
                  0008eebc    0000005a                       : s_frexp.c.obj (.text)
                  0008ef16    00000057     timer.obj (.text)
                  0008ef6d    00000056     rts2800_fpu32.lib : boot28.asm.obj (.text)
                  0008efc3    00000056                       : gmtime64.c.obj (.text)
                  0008f019    00000053                       : fputc.c.obj (.text)
                  0008f06c    00000051                       : getdevice.c.obj (.text)
                  0008f0bd    0000003e                       : hostrename.c.obj (.text)
                  0008f0fb    0000003d                       : fseek.c.obj (.text)
                  0008f138    00000038                       : hostopen.c.obj (.text)
                  0008f170    00000037                       : hostwrite.c.obj (.text)
                  0008f1a7    00000036                       : hostread.c.obj (.text)
                  0008f1dd    00000034                       : printf.c.obj (.text)
                  0008f211    00000032                       : sprintf.c.obj (.text)
                  0008f243    00000031                       : atoi.c.obj (.text)
                  0008f274    00000030                       : _ltoa.c.obj (.text)
                  0008f2a4    0000002a                       : fd_cmp28.asm.obj (.text)
                  0008f2ce    0000002a                       : l_div28.asm.obj (.text)
                  0008f2f8    00000029     main.obj (.text)
                  0008f321    00000029     rts2800_fpu32.lib : exit.c.obj (.text)
                  0008f34a    00000028     F2837xS_PieCtrl.obj (.text)
                  0008f372    00000027     rts2800_fpu32.lib : hostclose.c.obj (.text)
                  0008f399    00000026     F2837xS_PieVect.obj (.text)
                  0008f3bf    00000024     rts2800_fpu32.lib : cpy_tbl.c.obj (.text)
                  0008f3e3    00000024                       : hostunlink.c.obj (.text)
                  0008f407    00000024                       : s_copysign.c.obj (.text)
                  0008f42b    00000022                       : i_div28.asm.obj (.text)
                  0008f44d    00000021                       : fd_toi28.asm.obj (.text)
                  0008f46e    0000001f                       : fd_tol28.asm.obj (.text)
                  0008f48d    0000001e                       : ll_cmp28.asm.obj (.text)
                  0008f4ab    0000001d                       : i_tofd28.asm.obj (.text)
                  0008f4c8    0000001d                       : memcpy.c.obj (.text)
                  0008f4e5    0000001c                       : fs_tofdfpu32.asm.obj (.text)
                  0008f501    0000001c                       : l_tofd28.asm.obj (.text)
                  0008f51d    00000019                       : unlink.c.obj (.text)
                  0008f536    00000019                       : write.c.obj (.text)
                  0008f54f    00000018                       : ll_aox28.asm.obj (.text)
                  0008f567    00000018                       : lseek.c.obj (.text)
                  0008f57f    00000015                       : strncpy.c.obj (.text)
                  0008f594    00000012                       : args_main.c.obj (.text)
                  0008f5a6    00000010                       : memccpy.c.obj (.text)
                  0008f5b6    0000000e                       : fd_sub28.asm.obj (.text)
                  0008f5c4    0000000d                       : memchr.c.obj (.text)
                  0008f5d1    0000000c                       : strchr.c.obj (.text)
                  0008f5dd    0000000b                       : u_div28.asm.obj (.text)
                  0008f5e8    0000000a                       : strcmp.c.obj (.text)
                  0008f5f2    00000009                       : _lock.c.obj (.text)
                  0008f5fb    00000009                       : fd_neg28.asm.obj (.text)
                  0008f604    00000009                       : wcslen.c.obj (.text)
                  0008f60d    00000008                       : strlen.c.obj (.text)
                  0008f615    00000007                       : memset.c.obj (.text)
                  0008f61c    00000005                       : strcpy.c.obj (.text)
                  0008f621    00000003                       : remove.c.obj (.text)
                  0008f624    00000002                       : pre_init.c.obj (.text)

.ebss      1    0000b000    00003c73     UNINITIALIZED
                  0000b000    0000147a     adc.obj (.ebss)
                  0000c47a    00000006     rts2800_fpu32.lib : exit.c.obj (.ebss)
                  0000c480    0000101c     tigerwin.obj (.ebss)
                  0000d49c    00000021     emif.obj (.ebss:_bSerial)
                  0000d4bd    00000003     socket.obj (.ebss)
                  0000d4c0    000007b8     sci.obj (.ebss:_sKeySet)
                  0000dc78    00000008     rts2800_fpu32.lib : hostopen.c.obj (.ebss:_parmbuf)
                  0000dc80    000007b4     sci.obj (.ebss)
                  0000e434    0000000c     rts2800_fpu32.lib : tmzone.c.obj (.ebss)
                  0000e440    0000018c     modbus.obj (.ebss)
                  0000e5cc    00000028     rts2800_fpu32.lib : host_device.c.obj (.ebss:__stream)
                  0000e5f4    0000000a     rtc.obj (.ebss)
                  0000e5fe    00000002     rts2800_fpu32.lib : _lock.c.obj (.ebss:__lock)
                  0000e600    0000012e     tigerwin.obj (.ebss:_lKTY81_210)
                  0000e72e    00000011     emif.obj (.ebss:_bModel)
                  0000e73f    00000001     loopback.obj (.ebss)
                  0000e740    00000100     adc.obj (.ebss:_fCos)
                  0000e840    00000100     adc.obj (.ebss:_fSin)
                  0000e940    000000c0     tigerwin.obj (.ebss:_sRmsSet)
                  0000ea00    000000a0     rts2800_fpu32.lib : defs.c.obj (.ebss:___TI_tmpnams)
                  0000eaa0    0000001c     main.obj (.ebss)
                  0000eabc    00000004     wizchip_conf.obj (.ebss:__DNS_)
                  0000eac0    00000078     rts2800_fpu32.lib : defs.c.obj (.ebss:__ftable)
                  0000eb38    00000008     socket.obj (.ebss:_sock_pack_info)
                  0000eb40    00000048     rts2800_fpu32.lib : host_device.c.obj (.ebss:__device)
                  0000eb88    0000001c     wizchip_conf.obj (.ebss)
                  0000eba4    00000018     F2837xS_CpuTimers.obj (.ebss)
                  0000ebbc    00000004     emif.obj (.ebss)
                  0000ebc0    00000040     sci.obj (.ebss:_pbChr2)
                  0000ec00    00000040     sci.obj (.ebss:_pbChr)
                  0000ec40    00000010     tigerwin.obj (.ebss:_wiznet_memsize)
                  0000ec50    00000009     rts2800_fpu32.lib : localtim64.c.obj (.ebss)
                  0000ec59    00000008     socket.obj (.ebss:_sock_remained_byte)
                  0000ec61    00000008     socket.obj (.ebss:_sock_remained_size)
                  0000ec69    00000001     rts2800_fpu32.lib : defs.c.obj (.ebss)
                  0000ec6a    00000004                       : memory.c.obj (.ebss)
                  0000ec6e    00000002                       : _lock.c.obj (.ebss:__unlock)
                  0000ec70    00000001                       : errno.c.obj (.ebss)
                  0000ec71    00000001                       : fopen.c.obj (.ebss)
                  0000ec72    00000001                       : open.c.obj (.ebss)

MODULE SUMMARY

       Module                           code    initialized data   uninitialized data
       ------                           ----    ----------------   ------------------
    .\
       sci.obj                          25330   10200              4076              
       tigerwin.obj                     4809    1955               4634              
       adc.obj                          4235    522                5754              
       socket.obj                       2992    60                 27                
       modbus.obj                       1823    332                396               
       emif.obj                         1416    66                 54                
       wizchip_conf.obj                 1097    25                 32                
       rtc.obj                          1035    0                  10                
       loopback.obj                     600     323                1                 
       timer.obj                        597     0                  0                 
       w5300.obj                        408     0                  0                 
       io.obj                           311     0                  0                 
       main.obj                         41      0                  28                
    +--+--------------------------------+-------+------------------+--------------------+
       Total:                           44694   13483              15012             
                                                                                     
    .\common\
       F2837xS_GlobalVariableDefs.obj   0       0                  9085              
       F2837xS_DefaultISR.obj           1413    0                  0                 
       F2837xS_SysCtrl.obj              1388    0                  0                 
       F2837xS_Emif.obj                 796     0                  0                 
       F2837xS_Gpio.obj                 576     0                  0                 
       F2837xS_PieVect.obj              38      448                0                 
       F2837xS_CpuTimers.obj            124     0                  24                
       F2837xS_PieCtrl.obj              40      0                  0                 
       F2837xS_usDelay.obj              8       0                  0                 
       F2837xS_CodeStartBranch.obj      2       0                  0                 
    +--+--------------------------------+-------+------------------+--------------------+
       Total:                           4385    448                9109              
                                                                                     
    C:/ti/ccs1200/ccs/tools/compiler/ti-cgt-c2000_22.6.0.LTS/lib/rts2800_fpu32.lib
       _printfi.c.obj                   3269    66                 0                 
       memory.c.obj                     652     4                  4                 
       mktime64.c.obj                   444     24                 0                 
       trgmsg.c.obj                     149     0                  288               
       defs.c.obj                       0       42                 281               
       fopen.c.obj                      289     4                  1                 
       ll_div28.asm.obj                 263     0                  0                 
       localtim64.c.obj                 248     4                  9                 
       ctype.c.obj                      0       257                0                 
       s_scalbn.c.obj                   169     28                 0                 
       fputs.c.obj                      168     2                  0                 
       fd_add28.asm.obj                 156     0                  0                 
       host_device.c.obj                0       41                 112               
       fd_div28.asm.obj                 139     0                  0                 
       fd_mpy28.asm.obj                 131     0                  0                 
       setvbuf.c.obj                    124     0                  0                 
       open.c.obj                       113     4                  1                 
       fflush.c.obj                     115     0                  0                 
       _io_perm.c.obj                   101     0                  0                 
       s_frexp.c.obj                    90      8                  0                 
       fclose.c.obj                     93      0                  0                 
       hostlseek.c.obj                  91      0                  0                 
       boot28.asm.obj                   86      0                  0                 
       gmtime64.c.obj                   86      0                  0                 
       fputc.c.obj                      83      0                  0                 
       getdevice.c.obj                  81      0                  0                 
       hostopen.c.obj                   56      0                  8                 
       hostrename.c.obj                 62      0                  0                 
       exit.c.obj                       41      14                 6                 
       fseek.c.obj                      61      0                  0                 
       hostwrite.c.obj                  55      0                  0                 
       hostread.c.obj                   54      0                  0                 
       printf.c.obj                     52      0                  0                 
       sprintf.c.obj                    50      0                  0                 
       atoi.c.obj                       49      0                  0                 
       _ltoa.c.obj                      48      0                  0                 
       fd_cmp28.asm.obj                 42      0                  0                 
       l_div28.asm.obj                  42      0                  0                 
       hostclose.c.obj                  39      0                  0                 
       cpy_tbl.c.obj                    36      0                  0                 
       hostunlink.c.obj                 36      0                  0                 
       s_copysign.c.obj                 36      0                  0                 
       i_div28.asm.obj                  34      0                  0                 
       fd_toi28.asm.obj                 33      0                  0                 
       fd_tol28.asm.obj                 31      0                  0                 
       ll_cmp28.asm.obj                 30      0                  0                 
       i_tofd28.asm.obj                 29      0                  0                 
       memcpy.c.obj                     29      0                  0                 
       fs_tofdfpu32.asm.obj             28      0                  0                 
       l_tofd28.asm.obj                 28      0                  0                 
       tmzone.c.obj                     0       15                 12                
       unlink.c.obj                     25      0                  0                 
       write.c.obj                      25      0                  0                 
       ll_aox28.asm.obj                 24      0                  0                 
       lseek.c.obj                      24      0                  0                 
       _lock.c.obj                      9       10                 4                 
       strncpy.c.obj                    21      0                  0                 
       args_main.c.obj                  18      0                  0                 
       memccpy.c.obj                    16      0                  0                 
       fd_sub28.asm.obj                 14      0                  0                 
       memchr.c.obj                     13      0                  0                 
       strchr.c.obj                     12      0                  0                 
       u_div28.asm.obj                  11      0                  0                 
       strcmp.c.obj                     10      0                  0                 
       fd_neg28.asm.obj                 9       0                  0                 
       wcslen.c.obj                     9       0                  0                 
       strlen.c.obj                     8       0                  0                 
       memset.c.obj                     7       0                  0                 
       errno.c.obj                      0       4                  1                 
       strcpy.c.obj                     5       0                  0                 
       remove.c.obj                     3       0                  0                 
       pre_init.c.obj                   2       0                  0                 
       startup.c.obj                    1       0                  0                 
    +--+--------------------------------+-------+------------------+--------------------+
       Total:                           8407    527                727               
                                                                                     
       Heap:                            0       0                  1536              
       Stack:                           0       0                  1758              
    +--+--------------------------------+-------+------------------+--------------------+
       Grand Total:                     57486   14458              28142             


GLOBAL DATA SYMBOLS: SORTED BY DATA PAGE

address     data page           name
--------    ----------------    ----
00000122       4 (00000100)     __stack

00000b00      2c (00000b00)     _AdcaResultRegs
00000b20      2c (00000b00)     _AdcbResultRegs

00000b40      2d (00000b40)     _AdccResultRegs
00000b60      2d (00000b40)     _AdcdResultRegs

00000c00      30 (00000c00)     _CpuTimer0Regs
00000c08      30 (00000c00)     _CpuTimer1Regs
00000c10      30 (00000c00)     _CpuTimer2Regs

00000ce0      33 (00000cc0)     _Cla1SoftIntRegs
00000ce0      33 (00000cc0)     _PieCtrlRegs

00000d00      34 (00000d00)     _EmuBMode
00000d00      34 (00000d00)     _PieVectTable
00000d01      34 (00000d00)     _EmuBootPins

00001000      40 (00001000)     _DmaRegs

00001400      50 (00001400)     _Cla1Regs

00004000     100 (00004000)     _EPwm1Regs

00004100     104 (00004100)     _EPwm2Regs

00004200     108 (00004200)     _EPwm3Regs

00004300     10c (00004300)     _EPwm4Regs

00004400     110 (00004400)     _EPwm5Regs

00004500     114 (00004500)     _EPwm6Regs

00004600     118 (00004600)     _EPwm7Regs

00004700     11c (00004700)     _EPwm8Regs

00004800     120 (00004800)     _EPwm9Regs

00004900     124 (00004900)     _EPwm10Regs

00004a00     128 (00004a00)     _EPwm11Regs

00004b00     12c (00004b00)     _EPwm12Regs

00005000     140 (00005000)     _ECap1Regs
00005020     140 (00005000)     _ECap2Regs

00005040     141 (00005040)     _ECap3Regs
00005060     141 (00005040)     _ECap4Regs

00005080     142 (00005080)     _ECap5Regs
000050a0     142 (00005080)     _ECap6Regs

00005100     144 (00005100)     _EQep1Regs

00005140     145 (00005140)     _EQep2Regs

00005180     146 (00005180)     _EQep3Regs

00005c00     170 (00005c00)     _DacaRegs
00005c10     170 (00005c00)     _DacbRegs
00005c20     170 (00005c00)     _DaccRegs

00005c80     172 (00005c80)     _Cmpss1Regs
00005ca0     172 (00005c80)     _Cmpss2Regs

00005cc0     173 (00005cc0)     _Cmpss3Regs
00005ce0     173 (00005cc0)     _Cmpss4Regs

00005d00     174 (00005d00)     _Cmpss5Regs
00005d20     174 (00005d00)     _Cmpss6Regs

00005d40     175 (00005d40)     _Cmpss7Regs
00005d60     175 (00005d40)     _Cmpss8Regs

00005e00     178 (00005e00)     _Sdfm1Regs

00005e80     17a (00005e80)     _Sdfm2Regs

00006000     180 (00006000)     _McbspaRegs

00006040     181 (00006040)     _McbspbRegs

00006100     184 (00006100)     _SpiaRegs
00006110     184 (00006100)     _SpibRegs
00006120     184 (00006100)     _SpicRegs

00006200     188 (00006200)     _UppRegs

00007000     1c0 (00007000)     _WdRegs

00007060     1c1 (00007040)     _NmiIntruptRegs
00007070     1c1 (00007040)     _XintRegs

00007200     1c8 (00007200)     _SciaRegs
00007210     1c8 (00007200)     _ScibRegs
00007220     1c8 (00007200)     _ScicRegs
00007230     1c8 (00007200)     _ScidRegs

00007300     1cc (00007300)     _I2caRegs

00007340     1cd (00007340)     _I2cbRegs

00007400     1d0 (00007400)     _AdcaRegs

00007480     1d2 (00007480)     _AdcbRegs

00007500     1d4 (00007500)     _AdccRegs

00007580     1d6 (00007580)     _AdcdRegs

00007900     1e4 (00007900)     _InputXbarRegs
00007920     1e4 (00007900)     _XbarRegs

00007940     1e5 (00007940)     _SyncSocRegs

00007980     1e6 (00007980)     _DmaClaSrcSelRegs

00007a00     1e8 (00007a00)     _EPwmXbarRegs

00007a80     1ea (00007a80)     _OutputXbarRegs

00007c00     1f0 (00007c00)     _GpioCtrlRegs

00007f00     1fc (00007f00)     _GpioDataRegs

00008000     200 (00008000)     __sys_memory

00008600     218 (00008600)     __CIOBUF_

0000b000     2c0 (0000b000)     _uFail

0000b040     2c1 (0000b040)     _sAdc

0000c47a     311 (0000c440)     ___TI_enable_exit_profile_output
0000c47c     311 (0000c440)     ___TI_cleanup_ptr
0000c47e     311 (0000c440)     ___TI_dtors_ptr

0000c480     312 (0000c480)     _sStep
0000c482     312 (0000c480)     _sSta
0000c490     312 (0000c480)     _sStaTemp
0000c49e     312 (0000c480)     _sCnt
0000c4ae     312 (0000c480)     _sRms

0000c4c0     313 (0000c4c0)     _gWIZNETINFO

0000c500     314 (0000c500)     _sSet

0000c5c0     317 (0000c5c0)     _sSetTemp

0000c680     31a (0000c680)     _sDsp

0000c740     31d (0000c740)     _sDspTemp

0000c800     320 (0000c800)     _sInt

0000cc80     332 (0000cc80)     _sEth

0000d49c     352 (0000d480)     _bSerial

0000d4c0     353 (0000d4c0)     _sKeySet

0000dc78     371 (0000dc40)     _parmbuf

0000dc80     372 (0000dc80)     _sEvt
0000dc90     372 (0000dc80)     _sKey

0000dcc0     373 (0000dcc0)     _sFatRd

0000dd00     374 (0000dd00)     _sDbg

0000df40     37d (0000df40)     _sFat

0000e434     390 (0000e400)     __tz

0000e440     391 (0000e440)     _sMb

0000e5cc     397 (0000e5c0)     __stream
0000e5f4     397 (0000e5c0)     _timeinfo
0000e5f6     397 (0000e5c0)     _sRtc
0000e5fe     397 (0000e5c0)     __lock

0000e600     398 (0000e600)     _lKTY81_210

0000e72e     39c (0000e700)     _bModel

0000e740     39d (0000e740)     _fCos

0000e840     3a1 (0000e840)     _fSin

0000e940     3a5 (0000e940)     _sRmsSet

0000ea00     3a8 (0000ea00)     ___TI_tmpnams

0000eaa0     3aa (0000ea80)     _pMram
0000eaa2     3aa (0000ea80)     _pEvent
0000eaa4     3aa (0000ea80)     _pFault
0000eaa6     3aa (0000ea80)     _pWave
0000eaa8     3aa (0000ea80)     _pRaw
0000eaaa     3aa (0000ea80)     _pAdc
0000eaac     3aa (0000ea80)     _pW5300
0000eaae     3aa (0000ea80)     _sIn
0000eab4     3aa (0000ea80)     _sTest

0000eac0     3ab (0000eac0)     __ftable

0000eb38     3ac (0000eb00)     _sock_pack_info

0000eb40     3ad (0000eb40)     __device

0000eb8a     3ae (0000eb80)     _WIZCHIP
0000eba4     3ae (0000eb80)     _CpuTimer0
0000ebac     3ae (0000eb80)     _CpuTimer1
0000ebb4     3ae (0000eb80)     _CpuTimer2
0000ebbc     3ae (0000eb80)     _WriteReadStatus
0000ebbe     3ae (0000eb80)     _Index

0000ebc0     3af (0000ebc0)     _pbChr2

0000ec00     3b0 (0000ec00)     _pbChr

0000ec40     3b1 (0000ec40)     _wiznet_memsize
0000ec59     3b1 (0000ec40)     _sock_remained_byte
0000ec69     3b1 (0000ec40)     ___TI_ft_end
0000ec6e     3b1 (0000ec40)     __unlock
0000ec70     3b1 (0000ec40)     _errno

00047000    11c0 (00047000)     _Emif1Regs

00047800    11e0 (00047800)     _Emif2Regs

00048000    1200 (00048000)     _CanaRegs

0004a000    1280 (0004a000)     _CanbRegs

00050024    1400 (00050000)     _FlashPumpSemaphoreRegs

0005d000    1740 (0005d000)     _DevCfgRegs

0005d180    1746 (0005d180)     _AnalogSubsysRegs

0005d200    1748 (0005d200)     _ClkCfgRegs

0005d300    174c (0005d300)     _CpuSysRegs

0005e608    1798 (0005e600)     _RomPrefetchRegs

0005f000    17c0 (0005f000)     _DcsmZ1Regs

0005f040    17c1 (0005f040)     _DcsmZ2Regs
0005f070    17c1 (0005f040)     _DcsmCommonRegs

0005f400    17d0 (0005f400)     _MemCfgRegs

0005f480    17d2 (0005f480)     _Emif1ConfigRegs
0005f4a0    17d2 (0005f480)     _Emif2ConfigRegs

0005f4c0    17d3 (0005f4c0)     _AccessProtectionRegs

0005f500    17d4 (0005f500)     _MemoryErrorRegs

0005f540    17d5 (0005f540)     _RomWaitStateRegs

0005f800    17e0 (0005f800)     _Flash0CtrlRegs

0005fb00    17ec (0005fb00)     _Flash0EccRegs

0005fc00    17f0 (0005fc00)     _Flash1CtrlRegs

0005ff00    17fc (0005ff00)     _Flash1EccRegs

000bb96e    2ee5 (000bb940)     _PieVectTableInit

000bbdf7    2ef7 (000bbdc0)     __ctypes_

000bc01e    2f00 (000bc000)     _ADDRESS_MAP


GLOBAL SYMBOLS: SORTED ALPHABETICALLY BY Name 

page  address   name                                  
----  -------   ----                                  
abs   ffffffff  .text                                 
0     0008f321  C$$EXIT                               
0     0008ea73  C$$IO$$                               
0     0008e984  FD$$ADD                               
0     0008f2a4  FD$$CMP                               
0     0008eab5  FD$$DIV                               
0     0008eb40  FD$$MPY                               
0     0008f5fb  FD$$NEG                               
0     0008f5b6  FD$$SUB                               
0     0008f44d  FD$$TOI                               
0     0008f46e  FD$$TOL                               
0     0008f4e5  FS$$TOFD                              
0     0008f42b  I$$DIV                                
0     0008f43c  I$$MOD                                
0     0008f4ab  I$$TOFD                               
0     0008f2ce  L$$DIV                                
0     0008f2dd  L$$MOD                                
0     0008f501  L$$TOFD                               
0     0008f54f  LL$$AND                               
0     0008f48d  LL$$CMP                               
0     0008e634  LL$$DIV                               
0     0008e670  LL$$MOD                               
0     0008f557  LL$$OR                                
0     0008f55f  LL$$XOR                               
0     0008f5dd  U$$DIV                                
0     0008f5e2  U$$MOD                                
0     0008f2eb  UL$$DIV                               
0     0008f2f2  UL$$MOD                               
0     0008f49f  ULL$$CMP                              
0     0008e6aa  ULL$$DIV                              
0     0008e6d9  ULL$$MOD                              
0     0008c49d  _ADCA1_ISR                            
0     0008c71d  _ADCA2_ISR                            
0     0008c727  _ADCA3_ISR                            
0     0008c731  _ADCA4_ISR                            
0     0008c713  _ADCA_EVT_ISR                         
0     0008c4a7  _ADCB1_ISR                            
0     0008c745  _ADCB2_ISR                            
0     0008c74f  _ADCB3_ISR                            
0     0008c759  _ADCB4_ISR                            
0     0008c73b  _ADCB_EVT_ISR                         
0     0008c4b1  _ADCC1_ISR                            
0     0008c8ad  _ADCC2_ISR                            
0     0008c8b7  _ADCC3_ISR                            
0     0008c8c1  _ADCC4_ISR                            
0     0008c8a3  _ADCC_EVT_ISR                         
0     0008c4cf  _ADCD1_ISR                            
0     0008c8d5  _ADCD2_ISR                            
0     0008c8df  _ADCD3_ISR                            
0     0008c8e9  _ADCD4_ISR                            
0     0008c8cb  _ADCD_EVT_ISR                         
0     000bc01e  _ADDRESS_MAP                          
0     0008d681  _ASync_cs2_config                     
0     0008d721  _ASync_cs3_config                     
0     0008d773  _ASync_cs4_config                     
0     0008d65e  _ASync_wait_config                    
0     0008c925  _AUX_PLL_SLIP_ISR                     
1     0005f4c0  _AccessProtectionRegs                 
0     0008a087  _Adc2Temp                             
0     00014f7c  _Adc_Conv                             
0     0008a358  _Adc_DataFix                          
0     00014ebd  _Adc_LowDataRead                      
0     00014f77  _Adc_Make                             
0     0008a997  _Adc_Phase                            
0     00014e9c  _Adc_Read                             
1     00007400  _AdcaRegs                             
1     00000b00  _AdcaResultRegs                       
1     00007480  _AdcbRegs                             
1     00000b20  _AdcbResultRegs                       
1     00007500  _AdccRegs                             
1     00000b40  _AdccResultRegs                       
1     00007580  _AdcdRegs                             
1     00000b60  _AdcdResultRegs                       
0     0008aa6e  _Ai_Conv                              
1     0005d180  _AnalogSubsysRegs                     
0     0008cdb1  _AuxAuxClkSel                         
0     0008cd9b  _AuxIntOsc2Sel                        
0     0008cda5  _AuxXtalOscSel                        
0     00088038  _BCD2DEC                              
0     00089ed7  _BIN2HEX                              
0     00089eec  _Boot_Make                            
0     0008c6eb  _CANA0_ISR                            
0     0008c6f5  _CANA1_ISR                            
0     0008c6ff  _CANB0_ISR                            
0     0008c709  _CANB1_ISR                            
0     0008c763  _CLA1_1_ISR                           
0     0008c76d  _CLA1_2_ISR                           
0     0008c777  _CLA1_3_ISR                           
0     0008c781  _CLA1_4_ISR                           
0     0008c78b  _CLA1_5_ISR                           
0     0008c795  _CLA1_6_ISR                           
0     0008c79f  _CLA1_7_ISR                           
0     0008c7a9  _CLA1_8_ISR                           
0     0008c92f  _CLA_OVERFLOW_ISR                     
0     0008c939  _CLA_UNDERFLOW_ISR                    
1     00048000  _CanaRegs                             
1     0004a000  _CanbRegs                             
0     00088bc5  _Char2Float                           
0     00088b94  _Char2WordChar                        
0     000147c1  _Char_Start                           
1     00001400  _Cla1Regs                             
0     00000ce0  _Cla1SoftIntRegs                      
1     0005d200  _ClkCfgRegs                           
1     00005c80  _Cmpss1Regs                           
1     00005ca0  _Cmpss2Regs                           
1     00005cc0  _Cmpss3Regs                           
1     00005ce0  _Cmpss4Regs                           
1     00005d00  _Cmpss5Regs                           
1     00005d20  _Cmpss6Regs                           
1     00005d40  _Cmpss7Regs                           
1     00005d60  _Cmpss8Regs                           
0     0008ec04  _ConfigCpuTimer                       
0     0008a2dc  _ConvXCs                              
0     00089fe5  _Conv_CODE2PHASE                      
0     00089f89  _Conv_CODE2RMS                        
0     0008c1b9  _Conv_MramRd                          
0     0008c1e1  _Conv_MramRdXCs                       
0     0008c1cd  _Conv_MramWr                          
0     0008c1f9  _Conv_MramWrXCs                       
0     0008a05e  _Conv_VOLT2CURR                       
1     0005d300  _CpuSysRegs                           
1     0000eba4  _CpuTimer0                            
1     00000c00  _CpuTimer0Regs                        
1     0000ebac  _CpuTimer1                            
1     00000c08  _CpuTimer1Regs                        
1     0000ebb4  _CpuTimer2                            
1     00000c10  _CpuTimer2Regs                        
0     0008cd56  _CsmUnlock                            
0     0008c3f3  _DATALOG_ISR                          
0     00088051  _DEC2BCD                              
0     0008c637  _DMA_CH1_ISR                          
0     0008c641  _DMA_CH2_ISR                          
0     0008c64b  _DMA_CH3_ISR                          
0     0008c655  _DMA_CH4_ISR                          
0     0008c65f  _DMA_CH5_ISR                          
0     0008c669  _DMA_CH6_ISR                          
1     00005c00  _DacaRegs                             
1     00005c10  _DacbRegs                             
1     00005c20  _DaccRegs                             
0     0008a996  _DcCurr_Gain                          
1     0005f070  _DcsmCommonRegs                       
1     0005f000  _DcsmZ1Regs                           
1     0005f040  _DcsmZ2Regs                           
0     00012000  _Debug_Make                           
0     00014851  _Debug_Normal                         
0     0008853f  _Debug_TCursor                        
0     000886d5  _Debug_THelpList                      
0     00088799  _Debug_THelpListFull                  
0     00088082  _Debug_TList                          
0     0008a2ed  _Debug_View                           
0     0008a300  _Debug_ViewChk                        
1     0005d000  _DevCfgRegs                           
0     0001504f  _Dft_Conv                             
0     0008ca73  _DisableDog                           
0     0008ca25  _DisablePeripheralClocks              
1     00007980  _DmaClaSrcSelRegs                     
1     00001000  _DmaRegs                              
0     0008c58d  _ECAP1_ISR                            
0     0008c597  _ECAP2_ISR                            
0     0008c5a1  _ECAP3_ISR                            
0     0008c5ab  _ECAP4_ISR                            
0     0008c5b5  _ECAP5_ISR                            
0     0008c5bf  _ECAP6_ISR                            
1     00005000  _ECap1Regs                            
1     00005020  _ECap2Regs                            
1     00005040  _ECap3Regs                            
1     00005060  _ECap4Regs                            
1     00005080  _ECap5Regs                            
1     000050a0  _ECap6Regs                            
0     0008c8f3  _EMIF_ERROR_ISR                       
0     0008c94d  _EMPTY_ISR                            
0     0008c407  _EMU_ISR                              
0     0008c849  _EPWM10_ISR                           
0     0008c821  _EPWM10_TZ_ISR                        
0     0008c853  _EPWM11_ISR                           
0     0008c82b  _EPWM11_TZ_ISR                        
0     0008c85d  _EPWM12_ISR                           
0     0008c835  _EPWM12_TZ_ISR                        
0     0008c53d  _EPWM1_ISR                            
0     0008c4ed  _EPWM1_TZ_ISR                         
0     0008c547  _EPWM2_ISR                            
0     0008c4f7  _EPWM2_TZ_ISR                         
0     0008c551  _EPWM3_ISR                            
0     0008c501  _EPWM3_TZ_ISR                         
0     0008c55b  _EPWM4_ISR                            
0     0008c50b  _EPWM4_TZ_ISR                         
0     0008c565  _EPWM5_ISR                            
0     0008c515  _EPWM5_TZ_ISR                         
0     0008c56f  _EPWM6_ISR                            
0     0008c51f  _EPWM6_TZ_ISR                         
0     0008c579  _EPWM7_ISR                            
0     0008c529  _EPWM7_TZ_ISR                         
0     0008c583  _EPWM8_ISR                            
0     0008c533  _EPWM8_TZ_ISR                         
0     0008c83f  _EPWM9_ISR                            
0     0008c817  _EPWM9_TZ_ISR                         
1     00004900  _EPwm10Regs                           
1     00004a00  _EPwm11Regs                           
1     00004b00  _EPwm12Regs                           
1     00004000  _EPwm1Regs                            
1     00004100  _EPwm2Regs                            
1     00004200  _EPwm3Regs                            
1     00004300  _EPwm4Regs                            
1     00004400  _EPwm5Regs                            
1     00004500  _EPwm6Regs                            
1     00004600  _EPwm7Regs                            
1     00004700  _EPwm8Regs                            
1     00004800  _EPwm9Regs                            
1     00007a00  _EPwmXbarRegs                         
0     0008c5c9  _EQEP1_ISR                            
0     0008c5d3  _EQEP2_ISR                            
0     0008c5dd  _EQEP3_ISR                            
1     00005100  _EQep1Regs                            
1     00005140  _EQep2Regs                            
1     00005180  _EQep3Regs                            
1     0005f480  _Emif1ConfigRegs                      
0     0008d648  _Emif1Initialize                      
1     00047000  _Emif1Regs                            
1     0005f4a0  _Emif2ConfigRegs                      
0     0008d653  _Emif2Initialize                      
1     00047800  _Emif2Regs                            
0     0008be84  _Emif_MagicCheck                      
1     00000d00  _EmuBMode                             
1     00000d01  _EmuBootPins                          
0     0008f369  _EnableInterrupts                     
0     00014c78  _EventRd                              
0     00014c9a  _EventWr                              
0     0001552f  _F28x_usDelay                         
0     0008c907  _FLASH_CORRECTABLE_ERROR_ISR          
0     0008c7db  _FPU_OVERFLOW_ISR                     
0     0008c7e5  _FPU_UNDERFLOW_ISR                    
0     00014ce7  _FaultRd                              
0     00014d09  _FaultWr                              
0     0008a5dd  _FaultWr_Run                          
0     0008a488  _FaultWr_Start                        
0     0008a359  _Fault_Make                           
1     0005f800  _Flash0CtrlRegs                       
1     0005fb00  _Flash0EccRegs                        
1     0005fc00  _Flash1CtrlRegs                       
1     0005ff00  _Flash1EccRegs                        
0     00015513  _FlashOff_Bank0                       
0     00015521  _FlashOff_Bank1                       
1     00050024  _FlashPumpSemaphoreRegs               
0     0008ef48  _Freq_TimeSetting                     
0     0008e03d  _GPIO_EnableUnbondedIOPullups         
0     0008e018  _GPIO_EnableUnbondedIOPullupsFor100Pin
0     0008dfff  _GPIO_EnableUnbondedIOPullupsFor176Pin
0     0008e053  _GPIO_ReadPin                         
0     00089b18  _GPIO_Setup                           
0     0008dfa4  _GPIO_SetupLock                       
0     0008de88  _GPIO_SetupPinMux                     
0     0008df10  _GPIO_SetupPinOptions                 
0     0008dfcd  _GPIO_SetupXINT1Gpio                  
0     0008dfd7  _GPIO_SetupXINT2Gpio                  
0     0008dfe1  _GPIO_SetupXINT3Gpio                  
0     0008dfeb  _GPIO_SetupXINT4Gpio                  
0     0008dff5  _GPIO_SetupXINT5Gpio                  
0     0008e06a  _GPIO_WritePin                        
1     00007c00  _GpioCtrlRegs                         
1     00007f00  _GpioDataRegs                         
0     0008cdcf  _HALT                                 
0     00089ec2  _HEX2BIN                              
0     0008cde0  _HIB                                  
0     0008f372  _HOSTclose                            
0     0008ee61  _HOSTlseek                            
0     0008f138  _HOSTopen                             
0     0008f1a7  _HOSTread                             
0     0008f0bd  _HOSTrename                           
0     0008f3e3  _HOSTunlink                           
0     0008f170  _HOSTwrite                            
0     0008c67d  _I2CA_FIFO_ISR                        
0     0008c673  _I2CA_ISR                             
0     0008c691  _I2CB_FIFO_ISR                        
0     0008c687  _I2CB_ISR                             
1     00007300  _I2caRegs                             
1     00007340  _I2cbRegs                             
0     0008cdbb  _IDLE                                 
0     0008c41b  _ILLEGAL_ISR                          
0     0008e3dc  _IO_Make                              
0     0008c7ef  _IPC0_ISR                             
0     0008c7f9  _IPC1_ISR                             
0     0008c803  _IPC2_ISR                             
0     0008c80d  _IPC3_ISR                             
1     0000ebbe  _Index                                
0     0008cc6f  _InitAuxPll                           
0     0008ebc3  _InitCpuTimers                        
0     000154c1  _InitFlash_Bank0                      
0     000154ea  _InitFlash_Bank1                      
0     0008de48  _InitGpio                             
0     0008c9a1  _InitPeripheralClocks                 
0     0008f34a  _InitPieCtrl                          
0     0008f399  _InitPieVectTable                     
0     0008c964  _InitSysCtrl                          
0     0008ca81  _InitSysPll                           
0     00089e3b  _Init_BootVariable                    
0     0008be57  _Init_EM1                             
0     0008c218  _Init_FactoryMramData                 
0     00089b26  _Init_Gpio                            
0     00089ea1  _Init_Interrupt                       
0     00089e0f  _Init_MemoryPointer                   
0     0008aac2  _Init_Modbus                          
0     00089e3a  _Init_RebootVariable                  
0     0008d57d  _Init_Reg_Rtc                         
0     00089e3d  _Init_Register                        
0     0008d23d  _Init_Rtc                             
0     00088000  _Init_Sci                             
0     00088016  _Init_Scia                            
0     00089e3c  _Init_SettingRegister                 
0     00089ea0  _Init_StartRegister                   
0     0008d2a5  _Init_Time                            
0     0008ef16  _Init_Timer                           
0     0008a18e  _Init_w5300                           
1     00007900  _InputXbarRegs                        
0     00014999  _Integral_Make                        
0     00088ce5  _Key_MinMax                           
0     000147f3  _List_Char                            
0     00014c0a  _List_Evt                             
0     00014cd4  _List_Fat                             
0     000147db  _List_Help                            
0     00014807  _List_ShotKey                         
0     0008c60f  _MCBSPA_RX_ISR                        
0     0008c619  _MCBSPA_TX_ISR                        
0     0008c623  _MCBSPB_RX_ISR                        
0     0008c62d  _MCBSPB_TX_ISR                        
1     00006000  _McbspaRegs                           
1     00006040  _McbspbRegs                           
1     0005f400  _MemCfgRegs                           
1     0005f500  _MemoryErrorRegs                      
0     0008acec  _Modbus_Addr                          
0     0008ac77  _Modbus_CommError                     
0     0008b121  _Modbus_Crc                           
0     0008aa72  _Modbus_Data                          
0     0008ab02  _Modbus_RxMake                        
0     0008aa9f  _Modbus_WaveRd                        
0     0008c411  _NMI_ISR                              
0     0008c95a  _NOTUSED_ISR                          
1     00007060  _NmiIntruptRegs                       
0     000147a7  _Number_Start                         
1     00007a80  _OutputXbarRegs                       
0     0008c943  _PIE_RESERVED_ISR                     
0     000151fd  _Phase_Gain                           
1     00000ce0  _PieCtrlRegs                          
1     00000d00  _PieVectTable                         
0     000bb96e  _PieVectTableInit                     
0     0008c911  _RAM_ACCESS_VIOLATION_ISR             
0     0008c8fd  _RAM_CORRECTABLE_ERROR_ISR            
0     0008c3fd  _RTOS_ISR                             
0     000ab533  _RamfuncsLoadEnd                      
abs   00003533  _RamfuncsLoadSize                     
0     000a8000  _RamfuncsLoadStart                    
0     00015533  _RamfuncsRunEnd                       
abs   00003533  _RamfuncsRunSize                      
0     00012000  _RamfuncsRunStart                     
0     0008ca5b  _ReleaseFlashPump                     
1     0005e608  _RomPrefetchRegs                      
1     0005f540  _RomWaitStateRegs                     
0     0008d583  _Rtc2Utc                              
0     0008d498  _Rtc_ChargeWrite                      
0     0008d54b  _Rtc_DataRead                         
0     0008d526  _Rtc_DataWrite                        
0     0008d2be  _Rtc_Make                             
0     0008d501  _Rtc_Read                             
0     0008d43a  _Rtc_TempLoad                         
0     0008d40f  _Rtc_TempSave                         
0     0008d4a5  _Rtc_TimeBackUp                       
0     0008d4d8  _Rtc_TimeBackUpRead                   
0     0008d3e6  _Rtc_TimeRead                         
0     0008d3d0  _Rtc_TimeReadSec                      
0     0008d465  _Rtc_TimeWrite                        
0     0008d513  _Rtc_Write                            
0     0008b13c  _Rx_ErrorCount                        
0     0008c6c3  _SCIA_RX_ISR                          
0     0008c6cd  _SCIA_TX_ISR                          
0     0008c6d7  _SCIB_RX_ISR                          
0     0008c6e1  _SCIB_TX_ISR                          
0     0008c69b  _SCIC_RX_ISR                          
0     0008c6a5  _SCIC_TX_ISR                          
0     0008c6af  _SCID_RX_ISR                          
0     0008c6b9  _SCID_TX_ISR                          
0     0008c867  _SD1_ISR                              
0     0008c871  _SD2_ISR                              
0     0008c5e7  _SPIA_RX_ISR                          
0     0008c5f1  _SPIA_TX_ISR                          
[...]
0     0008d09e  _wizphy_getphylink                    
0     0008d0a5  _wizphy_getphypmode                   
0     0008d0ac  _wizchip_setnetinfo                   
0     0008d13f  _wizchip_getnetinfo                   
0     0008d1ff  _wizchip_setnetmode                   
0     0008d213  _wizchip_getnetmode                   
0     0008d217  _wizchip_settimeout                   
0     0008d22a  _wizchip_gettimeout                   
0     0008d23d  _Init_Rtc                             
0     0008d246  _Time_ErrorCheck                      
0     0008d2a5  _Init_Time                            
0     0008d2be  _Rtc_Make                             
0     0008d3d0  _Rtc_TimeReadSec                      
0     0008d3e6  _Rtc_TimeRead                         
0     0008d40f  _Rtc_TempSave                         
0     0008d43a  _Rtc_TempLoad                         
0     0008d465  _Rtc_TimeWrite                        
0     0008d498  _Rtc_ChargeWrite                      
0     0008d4a5  _Rtc_TimeBackUp                       
0     0008d4d8  _Rtc_TimeBackUpRead                   
0     0008d501  _Rtc_Read                             
0     0008d513  _Rtc_Write                            
0     0008d526  _Rtc_DataWrite                        
0     0008d54b  _Rtc_DataRead                         
0     0008d57d  _Init_Reg_Rtc                         
0     0008d583  _Rtc2Utc                              
0     0008d5f4  _Utc2Rtc                              
0     0008d648  _Emif1Initialize                      
0     0008d653  _Emif2Initialize                      
0     0008d65e  _ASync_wait_config                    
0     0008d681  _ASync_cs2_config                     
0     0008d721  _ASync_cs3_config                     
0     0008d773  _ASync_cs4_config                     
0     0008d7c5  _setup_emif1_pinmux_async_16bit       
0     0008d81b  _setup_emif1_pinmux_async_32bit       
0     0008d864  _setup_emif2_pinmux_async_16bit       
0     0008d88f  _setup_emif1_pinmux_sdram_16bit       
0     0008d8e7  _setup_emif2_pinmux_sdram_16bit       
0     0008d915  _setup_emif1_pinmux_sdram_32bit       
0     0008d964  _malloc                               
0     0008d98f  _free                                 
0     0008da59  _realloc                              
0     0008dadd  _minit                                
0     0008dae1  _calloc                               
0     0008db0e  _aligned_alloc                        
0     0008db0e  _memalign                             
0     0008dbb4  ___TI_heap_total_available            
0     0008dbd1  ___TI_heap_largest_available          
0     0008dbee  ___TI_heap_check                      
0     0008dbf0  _loopback_tcps                        
0     0008dcee  _loopback_tcpc                        
0     0008ddca  _loopback_udps                        
0     0008de48  _InitGpio                             
0     0008de88  _GPIO_SetupPinMux                     
0     0008df10  _GPIO_SetupPinOptions                 
0     0008dfa4  _GPIO_SetupLock                       
0     0008dfcd  _GPIO_SetupXINT1Gpio                  
0     0008dfd7  _GPIO_SetupXINT2Gpio                  
0     0008dfe1  _GPIO_SetupXINT3Gpio                  
0     0008dfeb  _GPIO_SetupXINT4Gpio                  
0     0008dff5  _GPIO_SetupXINT5Gpio                  
0     0008dfff  _GPIO_EnableUnbondedIOPullupsFor176Pin
0     0008e018  _GPIO_EnableUnbondedIOPullupsFor100Pin
0     0008e03d  _GPIO_EnableUnbondedIOPullups         
0     0008e053  _GPIO_ReadPin                         
0     0008e06a  _GPIO_WritePin                        
0     0008e088  ___mktime64                           
0     0008e244  _WIZCHIP_WRITE                        
0     0008e25f  _WIZCHIP_READ                         
0     0008e27a  _setTMSR                              
0     0008e29e  _getTMSR                              
0     0008e2b9  _setRMSR                              
0     0008e2dd  _getRMSR                              
0     0008e2f8  _getSn_TX_FSR                         
0     0008e328  _getSn_RX_RSR                         
0     0008e362  _wiz_send_data                        
0     0008e38d  _wiz_recv_data                        
0     0008e3c1  _wiz_recv_ignore                      
0     0008e3dc  _IO_Make                              
0     0008e5b2  ___TI_cleanup                         
0     0008e5cf  _freopen                              
0     0008e5ed  _fopen                                
0     0008e634  LL$$DIV                               
0     0008e670  LL$$MOD                               
0     0008e6aa  ULL$$DIV                              
0     0008e6d9  ULL$$MOD                              
0     0008e73b  ___localtime64                        
0     0008e833  _ldexpl                               
0     0008e833  _scalbnl                              
0     0008e8dc  _fputs                                
0     0008e971  _puts                                 
0     0008e984  FD$$ADD                               
0     0008ea20  ___TI_writemsg                        
0     0008ea73  C$$IO$$                               
0     0008ea78  ___TI_readmsg                         
0     0008eab5  FD$$DIV                               
0     0008eb40  FD$$MPY                               
0     0008ebc3  _InitCpuTimers                        
0     0008ec04  _ConfigCpuTimer                       
0     0008ec3f  _setvbuf                              
0     0008ecbb  ___TI_doflush                         
0     0008ecea  _fflush                               
0     0008ed2e  _open                                 
0     0008ed9f  ___TI_wrt_ok                          
0     0008edd9  ___TI_rd_ok                           
0     0008ee04  ___TI_closefile                       
0     0008ee48  _fclose                               
0     0008ee61  _HOSTlseek                            
0     0008eebc  _frexpl                               
0     0008ef16  _Init_Timer                           
0     0008ef48  _Freq_TimeSetting                     
0     0008ef6d  _c_int00                              
0     0008efc3  ___gmtime64                           
0     0008f019  _fputc                                
0     0008f019  _putc                                 
0     0008f067  _putchar                              
0     0008f06c  _finddevice                           
0     0008f087  _getdevice                            
0     0008f0bd  _HOSTrename                           
0     0008f0fb  _fseek                                
0     0008f0fb  _fseeko                               
0     0008f138  _HOSTopen                             
0     0008f170  _HOSTwrite                            
0     0008f1a7  _HOSTread                             
0     0008f1e3  _printf                               
0     0008f211  _sprintf                              
0     0008f243  _atoi                                 
0     0008f274  ___TI_ltoa                            
0     0008f2a4  FD$$CMP                               
0     0008f2ce  L$$DIV                                
0     0008f2dd  L$$MOD                                
0     0008f2eb  UL$$DIV                               
0     0008f2f2  UL$$MOD                               
0     0008f2f8  _main                                 
0     0008f321  C$$EXIT                               
0     0008f321  _abort                                
0     0008f323  _exit                                 
0     0008f34a  _InitPieCtrl                          
0     0008f369  _EnableInterrupts                     
0     0008f372  _HOSTclose                            
0     0008f399  _InitPieVectTable                     
0     0008f3bf  _copy_in                              
0     0008f3e3  _HOSTunlink                           
0     0008f407  _copysignl                            
0     0008f42b  I$$DIV                                
0     0008f43c  I$$MOD                                
0     0008f44d  FD$$TOI                               
0     0008f46e  FD$$TOL                               
0     0008f48d  LL$$CMP                               
0     0008f49f  ULL$$CMP                              
0     0008f4ab  I$$TOFD                               
0     0008f4c8  _memcpy                               
0     0008f4e5  FS$$TOFD                              
0     0008f501  L$$TOFD                               
0     0008f51d  _unlink                               
0     0008f536  _write                                
0     0008f54f  LL$$AND                               
0     0008f557  LL$$OR                                
0     0008f55f  LL$$XOR                               
0     0008f567  _lseek                                
0     0008f57f  _strncpy                              
0     0008f594  __args_main                           
0     0008f5a6  _memccpy                              
0     0008f5b6  FD$$SUB                               
0     0008f5c4  _memchr                               
0     0008f5d1  _strchr                               
0     0008f5dd  U$$DIV                                
0     0008f5e2  U$$MOD                                
0     0008f5e8  _strcmp                               
0     0008f5f2  __register_unlock                     
0     0008f5f6  __register_lock                       
0     0008f5fa  __nop                                 
0     0008f5fb  FD$$NEG                               
0     0008f604  _wcslen                               
0     0008f60d  _strlen                               
0     0008f615  _memset                               
0     0008f61c  _strcpy                               
0     0008f621  _remove                               
0     0008f624  __system_pre_init                     
0     000a8000  _RamfuncsLoadStart                    
0     000ab533  _RamfuncsLoadEnd                      
0     000bb96e  _PieVectTableInit                     
0     000bbdf7  __ctypes_                             
0     000bc01e  _ADDRESS_MAP                          
1     00000122  __stack                               
1     00000800  __STACK_END                           
1     00000b00  _AdcaResultRegs                       
1     00000b20  _AdcbResultRegs                       
1     00000b40  _AdccResultRegs                       
1     00000b60  _AdcdResultRegs                       
1     00000c00  _CpuTimer0Regs                        
1     00000c08  _CpuTimer1Regs                        
1     00000c10  _CpuTimer2Regs                        
1     00000ce0  _PieCtrlRegs                          
1     00000d00  _EmuBMode                             
1     00000d00  _PieVectTable                         
1     00000d01  _EmuBootPins                          
1     00001000  _DmaRegs                              
1     00001400  _Cla1Regs                             
1     00004000  _EPwm1Regs                            
1     00004100  _EPwm2Regs                            
1     00004200  _EPwm3Regs                            
1     00004300  _EPwm4Regs                            
1     00004400  _EPwm5Regs                            
1     00004500  _EPwm6Regs                            
1     00004600  _EPwm7Regs                            
1     00004700  _EPwm8Regs                            
1     00004800  _EPwm9Regs                            
1     00004900  _EPwm10Regs                           
1     00004a00  _EPwm11Regs                           
1     00004b00  _EPwm12Regs                           
1     00005000  _ECap1Regs                            
1     00005020  _ECap2Regs                            
1     00005040  _ECap3Regs                            
1     00005060  _ECap4Regs                            
1     00005080  _ECap5Regs                            
1     000050a0  _ECap6Regs                            
1     00005100  _EQep1Regs                            
1     00005140  _EQep2Regs                            
1     00005180  _EQep3Regs                            
1     00005c00  _DacaRegs                             
1     00005c10  _DacbRegs                             
1     00005c20  _DaccRegs                             
1     00005c80  _Cmpss1Regs                           
1     00005ca0  _Cmpss2Regs                           
1     00005cc0  _Cmpss3Regs                           
1     00005ce0  _Cmpss4Regs                           
1     00005d00  _Cmpss5Regs                           
1     00005d20  _Cmpss6Regs                           
1     00005d40  _Cmpss7Regs                           
1     00005d60  _Cmpss8Regs                           
1     00005e00  _Sdfm1Regs                            
1     00005e80  _Sdfm2Regs                            
1     00006000  _McbspaRegs                           
1     00006040  _McbspbRegs                           
1     00006100  _SpiaRegs                             
1     00006110  _SpibRegs                             
1     00006120  _SpicRegs                             
1     00006200  _UppRegs                              
1     00007000  _WdRegs                               
1     00007060  _NmiIntruptRegs                       
1     00007070  _XintRegs                             
1     00007200  _SciaRegs                             
1     00007210  _ScibRegs                             
1     00007220  _ScicRegs                             
1     00007230  _ScidRegs                             
1     00007300  _I2caRegs                             
1     00007340  _I2cbRegs                             
1     00007400  _AdcaRegs                             
1     00007480  _AdcbRegs                             
1     00007500  _AdccRegs                             
1     00007580  _AdcdRegs                             
1     00007900  _InputXbarRegs                        
1     00007920  _XbarRegs                             
1     00007940  _SyncSocRegs                          
1     00007980  _DmaClaSrcSelRegs                     
1     00007a00  _EPwmXbarRegs                         
1     00007a80  _OutputXbarRegs                       
1     00007c00  _GpioCtrlRegs                         
1     00007f00  _GpioDataRegs                         
1     00008000  __sys_memory                          
1     00008600  __CIOBUF_                             
1     0000b000  _uFail                                
1     0000b040  _sAdc                                 
1     0000c47a  ___TI_enable_exit_profile_output      
1     0000c47c  ___TI_cleanup_ptr                     
1     0000c47e  ___TI_dtors_ptr                       
1     0000c480  _sStep                                
1     0000c482  _sSta                                 
1     0000c490  _sStaTemp                             
1     0000c49e  _sCnt                                 
1     0000c4ae  _sRms                                 
1     0000c4c0  _gWIZNETINFO                          
1     0000c500  _sSet                                 
1     0000c5c0  _sSetTemp                             
1     0000c680  _sDsp                                 
1     0000c740  _sDspTemp                             
1     0000c800  _sInt                                 
1     0000cc80  _sEth                                 
1     0000d49c  _bSerial                              
1     0000d4c0  _sKeySet                              
1     0000dc78  _parmbuf                              
1     0000dc80  _sEvt                                 
1     0000dc90  _sKey                                 
1     0000dcc0  _sFatRd                               
1     0000dd00  _sDbg                                 
1     0000df40  _sFat                                 
1     0000e434  __tz                                  
1     0000e440  _sMb                                  
1     0000e5cc  __stream                              
1     0000e5f4  _timeinfo                             
1     0000e5f6  _sRtc                                 
1     0000e5fe  __lock                                
1     0000e600  _lKTY81_210                           
1     0000e72e  _bModel                               
1     0000e740  _fCos                                 
1     0000e840  _fSin                                 
1     0000e940  _sRmsSet                              
1     0000ea00  ___TI_tmpnams                         
1     0000eaa0  _pMram                                
1     0000eaa2  _pEvent                               
1     0000eaa4  _pFault                               
1     0000eaa6  _pWave                                
1     0000eaa8  _pRaw                                 
1     0000eaaa  _pAdc                                 
1     0000eaac  _pW5300                               
1     0000eaae  _sIn                                  
1     0000eab4  _sTest                                
1     0000eac0  __ftable                              
1     0000eb38  _sock_pack_info                       
1     0000eb40  __device                              
1     0000eb8a  _WIZCHIP                              
1     0000eba4  _CpuTimer0                            
1     0000ebac  _CpuTimer1                            
1     0000ebb4  _CpuTimer2                            
1     0000ebbc  _WriteReadStatus                      
1     0000ebbe  _Index                                
1     0000ebc0  _pbChr2                               
1     0000ec00  _pbChr                                
1     0000ec40  _wiznet_memsize                       
1     0000ec59  _sock_remained_byte                   
1     0000ec69  ___TI_ft_end                          
1     0000ec6e  __unlock                              
1     0000ec70  _errno                                
1     00047000  _Emif1Regs                            
1     00047800  _Emif2Regs                            
1     00048000  _CanaRegs                             
1     0004a000  _CanbRegs                             
1     00050024  _FlashPumpSemaphoreRegs               
1     0005d000  _DevCfgRegs                           
1     0005d180  _AnalogSubsysRegs                     
1     0005d200  _ClkCfgRegs                           
1     0005d300  _CpuSysRegs                           
1     0005e608  _RomPrefetchRegs                      
1     0005f000  _DcsmZ1Regs                           
1     0005f040  _DcsmZ2Regs                           
1     0005f070  _DcsmCommonRegs                       
1     0005f400  _MemCfgRegs                           
1     0005f480  _Emif1ConfigRegs                      
1     0005f4a0  _Emif2ConfigRegs                      
1     0005f4c0  _AccessProtectionRegs                 
1     0005f500  _MemoryErrorRegs                      
1     0005f540  _RomWaitStateRegs                     
1     0005f800  _Flash0CtrlRegs                       
1     0005fb00  _Flash0EccRegs                        
1     0005fc00  _Flash1CtrlRegs                       
1     0005ff00  _Flash1EccRegs                        
abs   00000600  __SYSMEM_SIZE                         
abs   000006de  __STACK_SIZE                          
abs   00003533  _RamfuncsLoadSize                     
abs   00003533  _RamfuncsRunSize                      
abs   ffffffff  .text                                 
abs   ffffffff  ___TI_pprof_out_hndl                  
abs   ffffffff  ___TI_prof_data_size                  
abs   ffffffff  ___TI_prof_data_start                 
abs   ffffffff  ___binit__                            
abs   ffffffff  ___c_args__                           
abs   ffffffff  ___etext__                            
abs   ffffffff  ___pinit__                            
abs   ffffffff  ___text__                             
abs   ffffffff  binit                                 
abs   ffffffff  etext                                 
abs   ffffffff  pinit                                 

[662 symbols]
