Archive member included to satisfy reference by file (symbol)

c:/program files (x86)/atmel/studio/7.0/toolchain/arm/arm-gnu-toolchain/bin/../lib/gcc/arm-none-eabi/6.3.1/../../../../arm-none-eabi/lib/thumb/v7e-m\libc.a(lib_a-exit.o)
                              c:/program files (x86)/atmel/studio/7.0/toolchain/arm/arm-gnu-toolchain/bin/../lib/gcc/arm-none-eabi/6.3.1/../../../../arm-none-eabi/lib/thumb/v7e-m/crt0.o (exit)
c:/program files (x86)/atmel/studio/7.0/toolchain/arm/arm-gnu-toolchain/bin/../lib/gcc/arm-none-eabi/6.3.1/../../../../arm-none-eabi/lib/thumb/v7e-m\libc.a(lib_a-impure.o)
                              c:/program files (x86)/atmel/studio/7.0/toolchain/arm/arm-gnu-toolchain/bin/../lib/gcc/arm-none-eabi/6.3.1/../../../../arm-none-eabi/lib/thumb/v7e-m\libc.a(lib_a-exit.o) (_global_impure_ptr)
c:/program files (x86)/atmel/studio/7.0/toolchain/arm/arm-gnu-toolchain/bin/../lib/gcc/arm-none-eabi/6.3.1/../../../../arm-none-eabi/lib/thumb/v7e-m\libc.a(lib_a-init.o)
                              c:/program files (x86)/atmel/studio/7.0/toolchain/arm/arm-gnu-toolchain/bin/../lib/gcc/arm-none-eabi/6.3.1/../../../../arm-none-eabi/lib/thumb/v7e-m/crt0.o (__libc_init_array)
c:/program files (x86)/atmel/studio/7.0/toolchain/arm/arm-gnu-toolchain/bin/../lib/gcc/arm-none-eabi/6.3.1/../../../../arm-none-eabi/lib/thumb/v7e-m\libc.a(lib_a-iprintf.o)
                              src/main.o (iprintf)
c:/program files (x86)/atmel/studio/7.0/toolchain/arm/arm-gnu-toolchain/bin/../lib/gcc/arm-none-eabi/6.3.1/../../../../arm-none-eabi/lib/thumb/v7e-m\libc.a(lib_a-memset.o)
                              c:/program files (x86)/atmel/studio/7.0/toolchain/arm/arm-gnu-toolchain/bin/../lib/gcc/arm-none-eabi/6.3.1/../../../../arm-none-eabi/lib/thumb/v7e-m/crt0.o (memset)
c:/program files (x86)/atmel/studio/7.0/toolchain/arm/arm-gnu-toolchain/bin/../lib/gcc/arm-none-eabi/6.3.1/../../../../arm-none-eabi/lib/thumb/v7e-m\libc.a(lib_a-setbuf.o)
                              src/ASF/thirdparty/wireless/addons/sio2host/uart/sio2host.o (setbuf)
c:/program files (x86)/atmel/studio/7.0/toolchain/arm/arm-gnu-toolchain/bin/../lib/gcc/arm-none-eabi/6.3.1/../../../../arm-none-eabi/lib/thumb/v7e-m\libc.a(lib_a-setvbuf.o)
                              c:/program files (x86)/atmel/studio/7.0/toolchain/arm/arm-gnu-toolchain/bin/../lib/gcc/arm-none-eabi/6.3.1/../../../../arm-none-eabi/lib/thumb/v7e-m\libc.a(lib_a-setbuf.o) (setvbuf)
c:/program files (x86)/atmel/studio/7.0/toolchain/arm/arm-gnu-toolchain/bin/../lib/gcc/arm-none-eabi/6.3.1/../../../../arm-none-eabi/lib/thumb/v7e-m\libc.a(lib_a-vfiprintf.o)
                              c:/program files (x86)/atmel/studio/7.0/toolchain/arm/arm-gnu-toolchain/bin/../lib/gcc/arm-none-eabi/6.3.1/../../../../arm-none-eabi/lib/thumb/v7e-m\libc.a(lib_a-iprintf.o) (_vfiprintf_r)
c:/program files (x86)/atmel/studio/7.0/toolchain/arm/arm-gnu-toolchain/bin/../lib/gcc/arm-none-eabi/6.3.1/../../../../arm-none-eabi/lib/thumb/v7e-m\libc.a(lib_a-wsetup.o)
                              c:/program files (x86)/atmel/studio/7.0/toolchain/arm/arm-gnu-toolchain/bin/../lib/gcc/arm-none-eabi/6.3.1/../../../../arm-none-eabi/lib/thumb/v7e-m\libc.a(lib_a-vfiprintf.o) (__swsetup_r)
c:/program files (x86)/atmel/studio/7.0/toolchain/arm/arm-gnu-toolchain/bin/../lib/gcc/arm-none-eabi/6.3.1/../../../../arm-none-eabi/lib/thumb/v7e-m\libc.a(lib_a-__call_atexit.o)
                              c:/program files (x86)/atmel/studio/7.0/toolchain/arm/arm-gnu-toolchain/bin/../lib/gcc/arm-none-eabi/6.3.1/../../../../arm-none-eabi/lib/thumb/v7e-m\libc.a(lib_a-exit.o) (__call_exitprocs)
c:/program files (x86)/atmel/studio/7.0/toolchain/arm/arm-gnu-toolchain/bin/../lib/gcc/arm-none-eabi/6.3.1/../../../../arm-none-eabi/lib/thumb/v7e-m\libc.a(lib_a-atexit.o)
                              c:/program files (x86)/atmel/studio/7.0/toolchain/arm/arm-gnu-toolchain/bin/../lib/gcc/arm-none-eabi/6.3.1/../../../../arm-none-eabi/lib/thumb/v7e-m\libc.a(lib_a-__call_atexit.o) (atexit)
c:/program files (x86)/atmel/studio/7.0/toolchain/arm/arm-gnu-toolchain/bin/../lib/gcc/arm-none-eabi/6.3.1/../../../../arm-none-eabi/lib/thumb/v7e-m\libc.a(lib_a-fflush.o)
                              c:/program files (x86)/atmel/studio/7.0/toolchain/arm/arm-gnu-toolchain/bin/../lib/gcc/arm-none-eabi/6.3.1/../../../../arm-none-eabi/lib/thumb/v7e-m\libc.a(lib_a-setvbuf.o) (_fflush_r)
c:/program files (x86)/atmel/studio/7.0/toolchain/arm/arm-gnu-toolchain/bin/../lib/gcc/arm-none-eabi/6.3.1/../../../../arm-none-eabi/lib/thumb/v7e-m\libc.a(lib_a-findfp.o)
                              c:/program files (x86)/atmel/studio/7.0/toolchain/arm/arm-gnu-toolchain/bin/../lib/gcc/arm-none-eabi/6.3.1/../../../../arm-none-eabi/lib/thumb/v7e-m\libc.a(lib_a-setvbuf.o) (__sinit)
c:/program files (x86)/atmel/studio/7.0/toolchain/arm/arm-gnu-toolchain/bin/../lib/gcc/arm-none-eabi/6.3.1/../../../../arm-none-eabi/lib/thumb/v7e-m\libc.a(lib_a-fini.o)
[...]
Memory Configuration

Name             Origin             Length             Attributes
rom              0x00400000         0x00100000         xr
ram              0x20000000         0x00020000         xrw
*default*        0x00000000         0xffffffff

Linker script and memory map

LOAD c:/program files (x86)/atmel/studio/7.0/toolchain/arm/arm-gnu-toolchain/bin/../lib/gcc/arm-none-eabi/6.3.1/thumb/v7e-m/crti.o
LOAD c:/program files (x86)/atmel/studio/7.0/toolchain/arm/arm-gnu-toolchain/bin/../lib/gcc/arm-none-eabi/6.3.1/thumb/v7e-m/crtbegin.o
LOAD c:/program files (x86)/atmel/studio/7.0/toolchain/arm/arm-gnu-toolchain/bin/../lib/gcc/arm-none-eabi/6.3.1/../../../../arm-none-eabi/lib/thumb/v7e-m/crt0.o
LOAD src/ASF/sam/drivers/tc/tc.o
LOAD src/trismed/drivers/TMOUT.o
LOAD src/ASF/common/services/delay/sam/cycle_counter.o
LOAD src/ASF/common/services/spi/sam_usart_spi/usart_spi.o
LOAD src/ASF/common/utils/stdio/read.o
LOAD src/ASF/sam/drivers/pio/pio_handler.o
LOAD src/ASF/sam/drivers/spi/spi.o
LOAD src/ASF/sam/drivers/usart/usart.o
LOAD src/ASF/sam/drivers/wdt/wdt.o
LOAD src/ASF/thirdparty/wireless/addons/sio2host/uart/sio2host.o
LOAD src/ASF/common/utils/stdio/write.o
LOAD src/ASF/common/services/serial/usart_serial.o
LOAD src/ASF/common/services/clock/sam4s/sysclk.o
LOAD src/ASF/sam/drivers/pio/pio.o
LOAD src/ASF/sam/drivers/pmc/pmc.o
LOAD src/ASF/sam/drivers/uart/uart.o
LOAD src/ASF/sam/drivers/pmc/sleep.o
LOAD src/ASF/common/boards/user_board/init.o
LOAD src/ASF/common/utils/interrupt/interrupt_sam_nvic.o
LOAD src/ASF/sam/utils/cmsis/sam4s/source/templates/gcc/startup_sam4s.o
LOAD src/ASF/sam/utils/cmsis/sam4s/source/templates/system_sam4s.o
LOAD src/ASF/sam/utils/syscalls/gcc/syscalls.o
LOAD src/main.o
START GROUP
LOAD ../src/ASF/thirdparty/CMSIS/Lib/GCC\libarm_cortexM4l_math.a
LOAD c:/program files (x86)/atmel/studio/7.0/toolchain/arm/arm-gnu-toolchain/bin/../lib/gcc/arm-none-eabi/6.3.1/../../../../arm-none-eabi/lib/thumb/v7e-m\libm.a
END GROUP
START GROUP
LOAD c:/program files (x86)/atmel/studio/7.0/toolchain/arm/arm-gnu-toolchain/bin/../lib/gcc/arm-none-eabi/6.3.1/thumb/v7e-m\libgcc.a
LOAD c:/program files (x86)/atmel/studio/7.0/toolchain/arm/arm-gnu-toolchain/bin/../lib/gcc/arm-none-eabi/6.3.1/../../../../arm-none-eabi/lib/thumb/v7e-m\libc.a
END GROUP
LOAD c:/program files (x86)/atmel/studio/7.0/toolchain/arm/arm-gnu-toolchain/bin/../lib/gcc/arm-none-eabi/6.3.1/thumb/v7e-m/crtend.o
LOAD c:/program files (x86)/atmel/studio/7.0/toolchain/arm/arm-gnu-toolchain/bin/../lib/gcc/arm-none-eabi/6.3.1/thumb/v7e-m/crtn.o
                0x00003000                __stack_size__ = DEFINED (__stack_size__)?__stack_size__:0x3000
                0x2001fffc                __ram_end__ = ((ORIGIN (ram) + LENGTH (ram)) - 0x4)

.text           0x00400000     0x3f28
                0x00400000                . = ALIGN (0x4)
                0x00400000                _sfixed = .
 *(.vectors .vectors.*)
 .vectors       0x00400000       0xcc src/ASF/sam/utils/cmsis/sam4s/source/templates/gcc/startup_sam4s.o
                0x00400000                exception_table
 *(.text .text.* .gnu.linkonce.t.*)
 .text          0x004000cc       0x6c c:/program files (x86)/atmel/studio/7.0/toolchain/arm/arm-gnu-toolchain/bin/../lib/gcc/arm-none-eabi/6.3.1/thumb/v7e-m/crtbegin.o
 .text.tc_init  0x00400138       0x18 src/ASF/sam/drivers/tc/tc.o
                0x00400138                tc_init
 .text.tc_set_block_mode
                0x00400150        0x6 src/ASF/sam/drivers/tc/tc.o
                0x00400150                tc_set_block_mode
 .text.tc_start
                0x00400156        0x8 src/ASF/sam/drivers/tc/tc.o
                0x00400156                tc_start
 .text.tc_write_rc
                0x0040015e        0x8 src/ASF/sam/drivers/tc/tc.o
                0x0040015e                tc_write_rc
 .text.tc_enable_interrupt
                0x00400166        0x8 src/ASF/sam/drivers/tc/tc.o
                0x00400166                tc_enable_interrupt
 .text.tc_get_status
                0x0040016e        0x8 src/ASF/sam/drivers/tc/tc.o
                0x0040016e                tc_get_status
 .text.tc_find_mck_divisor
                0x00400176       0x70 src/ASF/sam/drivers/tc/tc.o
                0x00400176                tc_find_mck_divisor
 *fill*         0x004001e6        0x2 
 .text.TMOUT_AddTick
                0x004001e8       0x34 src/trismed/drivers/TMOUT.o
                0x004001e8                TMOUT_AddTick
 .text.TC0_Handler
                0x0040021c       0x50 src/trismed/drivers/TMOUT.o
                0x0040021c                TC0_Handler
 .text.TMOUT_Init
                0x0040026c       0xe4 src/trismed/drivers/TMOUT.o
                0x0040026c                TMOUT_Init
 .text._read    0x00400350       0x3c src/ASF/common/utils/stdio/read.o
                0x00400350                _read
 .text.pio_handler_process
                0x0040038c       0x68 src/ASF/sam/drivers/pio/pio_handler.o
                0x0040038c                pio_handler_process
 .text.PIOA_Handler
                0x004003f4       0x14 src/ASF/sam/drivers/pio/pio_handler.o
                0x004003f4                PIOA_Handler
 .text.PIOB_Handler
                0x00400408       0x14 src/ASF/sam/drivers/pio/pio_handler.o
                0x00400408                PIOB_Handler
 .text.usart_write
                0x0040041c       0x14 src/ASF/sam/drivers/usart/usart.o
                0x0040041c                usart_write
 .text.usart_read
                0x00400430       0x18 src/ASF/sam/drivers/usart/usart.o
                0x00400430                usart_read
 .text.wdt_init
                0x00400448       0x1c src/ASF/sam/drivers/wdt/wdt.o
                0x00400448                wdt_init
 .text.USART0_Handler
                0x00400464       0x60 src/ASF/thirdparty/wireless/addons/sio2host/uart/sio2host.o
                0x00400464                USART0_Handler
 .text._write   0x004004c4       0x50 src/ASF/common/utils/stdio/write.o
                0x004004c4                _write
 .text.usart_serial_read_packet
                0x00400514       0xa0 src/ASF/common/services/serial/usart_serial.o
                0x00400514                usart_serial_read_packet
 .text.sysclk_init
                0x004005b4       0x68 src/ASF/common/services/clock/sam4s/sysclk.o
                0x004005b4                sysclk_init
 .text.pio_set_peripheral
                0x0040061c       0x90 src/ASF/sam/drivers/pio/pio.o
                0x0040061c                pio_set_peripheral
 .text.pio_set_input
                0x004006ac       0x32 src/ASF/sam/drivers/pio/pio.o
                0x004006ac                pio_set_input
 .text.pio_set_output
                0x004006de       0x26 src/ASF/sam/drivers/pio/pio.o
                0x004006de                pio_set_output
 .text.pio_configure
                0x00400704       0x8c src/ASF/sam/drivers/pio/pio.o
                0x00400704                pio_configure
 .text.pio_get_interrupt_status
                0x00400790        0x4 src/ASF/sam/drivers/pio/pio.o
                0x00400790                pio_get_interrupt_status
 .text.pio_get_interrupt_mask
                0x00400794        0x4 src/ASF/sam/drivers/pio/pio.o
                0x00400794                pio_get_interrupt_mask
 .text.pmc_switch_mck_to_pllack
                0x00400798       0x64 src/ASF/sam/drivers/pmc/pmc.o
                0x00400798                pmc_switch_mck_to_pllack
 .text.pmc_switch_mainck_to_fastrc
                0x004007fc       0x4c src/ASF/sam/drivers/pmc/pmc.o
                0x004007fc                pmc_switch_mainck_to_fastrc
 .text.pmc_osc_is_ready_mainck
                0x00400848       0x10 src/ASF/sam/drivers/pmc/pmc.o
                0x00400848                pmc_osc_is_ready_mainck
 .text.pmc_disable_pllack
                0x00400858       0x10 src/ASF/sam/drivers/pmc/pmc.o
                0x00400858                pmc_disable_pllack
 .text.pmc_is_locked_pllack
                0x00400868       0x10 src/ASF/sam/drivers/pmc/pmc.o
                0x00400868                pmc_is_locked_pllack
 .text.pmc_enable_periph_clk
                0x00400878       0x54 src/ASF/sam/drivers/pmc/pmc.o
                0x00400878                pmc_enable_periph_clk
 .text.uart_init
                0x004008cc       0x36 src/ASF/sam/drivers/uart/uart.o
                0x004008cc                uart_init
 .text.uart_write
                0x00400902       0x10 src/ASF/sam/drivers/uart/uart.o
                0x00400902                uart_write
 .text.uart_read
                0x00400912       0x12 src/ASF/sam/drivers/uart/uart.o
                0x00400912                uart_read
 .text.board_init
                0x00400924       0x1c src/ASF/common/boards/user_board/init.o
                0x00400924                board_init
 .text.cpu_irq_enter_critical
                0x00400940       0x3c src/ASF/common/utils/interrupt/interrupt_sam_nvic.o
                0x00400940                cpu_irq_enter_critical
 .text.cpu_irq_leave_critical
                0x0040097c       0x2c src/ASF/common/utils/interrupt/interrupt_sam_nvic.o
                0x0040097c                cpu_irq_leave_critical
 .text.Dummy_Handler
                0x004009a8        0x2 src/ASF/sam/utils/cmsis/sam4s/source/templates/gcc/startup_sam4s.o
                0x004009a8                DACC_Handler
                0x004009a8                DebugMon_Handler
                0x004009a8                HardFault_Handler
                0x004009a8                TC2_Handler
                0x004009a8                SPI_Handler
                0x004009a8                SysTick_Handler
                0x004009a8                TWI1_Handler
                0x004009a8                PendSV_Handler
                0x004009a8                NMI_Handler
                0x004009a8                ADC_Handler
                0x004009a8                CRCCU_Handler
                0x004009a8                RTT_Handler
                0x004009a8                RTC_Handler
                0x004009a8                UsageFault_Handler
                0x004009a8                WDT_Handler
                0x004009a8                TC1_Handler
                0x004009a8                HSMCI_Handler
                0x004009a8                UART1_Handler
                0x004009a8                Dummy_Handler
                0x004009a8                TWI0_Handler
                0x004009a8                USART1_Handler
                0x004009a8                SSC_Handler
                0x004009a8                EFC0_Handler
                0x004009a8                ACC_Handler
                0x004009a8                PMC_Handler
                0x004009a8                PWM_Handler
                0x004009a8                MemManage_Handler
                0x004009a8                SUPC_Handler
                0x004009a8                SVC_Handler
                0x004009a8                UART0_Handler
                0x004009a8                UDP_Handler
                0x004009a8                BusFault_Handler
                0x004009a8                RSTC_Handler
 *fill*         0x004009aa        0x2 
 .text.Reset_Handler
                0x004009ac       0xac src/ASF/sam/utils/cmsis/sam4s/source/templates/gcc/startup_sam4s.o
                0x004009ac                Reset_Handler
 .text.SystemInit
                0x00400a58       0x10 src/ASF/sam/utils/cmsis/sam4s/source/templates/system_sam4s.o
                0x00400a58                SystemInit
 .text.SystemCoreClockUpdate
                0x00400a68      0x110 src/ASF/sam/utils/cmsis/sam4s/source/templates/system_sam4s.o
                0x00400a68                SystemCoreClockUpdate
 .text.system_init_flash
                0x00400b78       0x74 src/ASF/sam/utils/cmsis/sam4s/source/templates/system_sam4s.o
                0x00400b78                system_init_flash
 .text._sbrk    0x00400bec       0x38 src/ASF/sam/utils/syscalls/gcc/syscalls.o
                0x00400bec                _sbrk
 .text._close   0x00400c24        0x6 src/ASF/sam/utils/syscalls/gcc/syscalls.o
                0x00400c24                _close
 .text._fstat   0x00400c2a        0xa src/ASF/sam/utils/syscalls/gcc/syscalls.o
                0x00400c2a                _fstat
 .text._isatty  0x00400c34        0x4 src/ASF/sam/utils/syscalls/gcc/syscalls.o
                0x00400c34                _isatty
 .text._lseek   0x00400c38        0x4 src/ASF/sam/utils/syscalls/gcc/syscalls.o
                0x00400c38                _lseek
 .text.usart_serial_getchar
                0x00400c3c       0x88 src/main.o
 .text.usart_serial_putchar
                0x00400cc4       0x80 src/main.o
 .text.main     0x00400d44       0xd4 src/main.o
                0x00400d44                main
 .text.__libc_init_array
                0x00400e18       0x50 c:/program files (x86)/atmel/studio/7.0/toolchain/arm/arm-gnu-toolchain/bin/../lib/gcc/arm-none-eabi/6.3.1/../../../../arm-none-eabi/lib/thumb/v7e-m\libc.a(lib_a-init.o)
                0x00400e18                __libc_init_array
 .text.iprintf  0x00400e68       0x28 c:/program files (x86)/atmel/studio/7.0/toolchain/arm/arm-gnu-toolchain/bin/../lib/gcc/arm-none-eabi/6.3.1/../../../../arm-none-eabi/lib/thumb/v7e-m\libc.a(lib_a-iprintf.o)
                0x00400e68                iprintf
 .text.memset   0x00400e90       0x9c c:/program files (x86)/atmel/studio/7.0/toolchain/arm/arm-gnu-toolchain/bin/../lib/gcc/arm-none-eabi/6.3.1/../../../../arm-none-eabi/lib/thumb/v7e-m\libc.a(lib_a-memset.o)
                0x00400e90                memset
 .text.setbuf   0x00400f2c       0x10 c:/program files (x86)/atmel/studio/7.0/toolchain/arm/arm-gnu-toolchain/bin/../lib/gcc/arm-none-eabi/6.3.1/../../../../arm-none-eabi/lib/thumb/v7e-m\libc.a(lib_a-setbuf.o)
                0x00400f2c                setbuf
 .text.setvbuf  0x00400f3c      0x190 c:/program files (x86)/atmel/studio/7.0/toolchain/arm/arm-gnu-toolchain/bin/../lib/gcc/arm-none-eabi/6.3.1/../../../../arm-none-eabi/lib/thumb/v7e-m\libc.a(lib_a-setvbuf.o)
                0x00400f3c                setvbuf
 .text.__sprint_r.part.0
                0x004010cc       0x80 c:/program files (x86)/atmel/studio/7.0/toolchain/arm/arm-gnu-toolchain/bin/../lib/gcc/arm-none-eabi/6.3.1/../../../../arm-none-eabi/lib/thumb/v7e-m\libc.a(lib_a-vfiprintf.o)
 .text._vfiprintf_r
                0x0040114c      0xc90 c:/program files (x86)/atmel/studio/7.0/toolchain/arm/arm-gnu-toolchain/bin/../lib/gcc/arm-none-eabi/6.3.1/../../../../arm-none-eabi/lib/thumb/v7e-m\libc.a(lib_a-vfiprintf.o)
                0x0040114c                _vfiprintf_r
 .text.__sbprintf
                0x00401ddc       0x84 c:/program files (x86)/atmel/studio/7.0/toolchain/arm/arm-gnu-toolchain/bin/../lib/gcc/arm-none-eabi/6.3.1/../../../../arm-none-eabi/lib/thumb/v7e-m\libc.a(lib_a-vfiprintf.o)
 .text.__swsetup_r
                0x00401e60       0xc8 c:/program files (x86)/atmel/studio/7.0/toolchain/arm/arm-gnu-toolchain/bin/../lib/gcc/arm-none-eabi/6.3.1/../../../../arm-none-eabi/lib/thumb/v7e-m\libc.a(lib_a-wsetup.o)
                0x00401e60                __swsetup_r
 .text.startup.register_fini
                0x00401f28       0x14 c:/program files (x86)/atmel/studio/7.0/toolchain/arm/arm-gnu-toolchain/bin/../lib/gcc/arm-none-eabi/6.3.1/../../../../arm-none-eabi/lib/thumb/v7e-m\libc.a(lib_a-__call_atexit.o)
 .text.atexit   0x00401f3c        0xc c:/program files (x86)/atmel/studio/7.0/toolchain/arm/arm-gnu-toolchain/bin/../lib/gcc/arm-none-eabi/6.3.1/../../../../arm-none-eabi/lib/thumb/v7e-m\libc.a(lib_a-atexit.o)
                0x00401f3c                atexit
 .text.__sflush_r
                0x00401f48      0x140 c:/program files (x86)/atmel/studio/7.0/toolchain/arm/arm-gnu-toolchain/bin/../lib/gcc/arm-none-eabi/6.3.1/../../../../arm-none-eabi/lib/thumb/v7e-m\libc.a(lib_a-fflush.o)
                0x00401f48                __sflush_r
 .text._fflush_r
                0x00402088       0x54 c:/program files (x86)/atmel/studio/7.0/toolchain/arm/arm-gnu-toolchain/bin/../lib/gcc/arm-none-eabi/6.3.1/../../../../arm-none-eabi/lib/thumb/v7e-m\libc.a(lib_a-fflush.o)
                0x00402088                _fflush_r
 .text._cleanup_r
                0x004020dc        0xc c:/program files (x86)/atmel/studio/7.0/toolchain/arm/arm-gnu-toolchain/bin/../lib/gcc/arm-none-eabi/6.3.1/../../../../arm-none-eabi/lib/thumb/v7e-m\libc.a(lib_a-findfp.o)
                0x004020dc                _cleanup_r
 .text.std.isra.0
                0x004020e8       0x50 c:/program files (x86)/atmel/studio/7.0/toolchain/arm/arm-gnu-toolchain/bin/../lib/gcc/arm-none-eabi/6.3.1/../../../../arm-none-eabi/lib/thumb/v7e-m\libc.a(lib_a-findfp.o)
 .text.__sinit  0x00402138       0x58 c:/program files (x86)/atmel/studio/7.0/toolchain/arm/arm-gnu-toolchain/bin/../lib/gcc/arm-none-eabi/6.3.1/../../../../arm-none-eabi/lib/thumb/v7e-m\libc.a(lib_a-findfp.o)
                0x00402138                __sinit
 .text.__sfp_lock_acquire
                0x00402190        0xc c:/program files (x86)/atmel/studio/7.0/toolchain/arm/arm-gnu-toolchain/bin/../lib/gcc/arm-none-eabi/6.3.1/../../../../arm-none-eabi/lib/thumb/v7e-m\libc.a(lib_a-findfp.o)
                0x00402190                __sfp_lock_acquire
 .text.__sfp_lock_release
                0x0040219c        0xc c:/program files (x86)/atmel/studio/7.0/toolchain/arm/arm-gnu-toolchain/bin/../lib/gcc/arm-none-eabi/6.3.1/../../../../arm-none-eabi/lib/thumb/v7e-m\libc.a(lib_a-findfp.o)
                0x0040219c                __sfp_lock_release
 .text.__libc_fini_array
                0x004021a8       0x34 c:/program files (x86)/atmel/studio/7.0/toolchain/arm/arm-gnu-toolchain/bin/../lib/gcc/arm-none-eabi/6.3.1/../../../../arm-none-eabi/lib/thumb/v7e-m\libc.a(lib_a-fini.o)
                0x004021a8                __libc_fini_array
 .text.__fputwc
                0x004021dc       0xa0 c:/program files (x86)/atmel/studio/7.0/toolchain/arm/arm-gnu-toolchain/bin/../lib/gcc/arm-none-eabi/6.3.1/../../../../arm-none-eabi/lib/thumb/v7e-m\libc.a(lib_a-fputwc.o)
                0x004021dc                __fputwc
 .text._fputwc_r
                0x0040227c       0x68 c:/program files (x86)/atmel/studio/7.0/toolchain/arm/arm-gnu-toolchain/bin/../lib/gcc/arm-none-eabi/6.3.1/../../../../arm-none-eabi/lib/thumb/v7e-m\libc.a(lib_a-fputwc.o)
                0x0040227c                _fputwc_r
 .text._malloc_trim_r
                0x004022e4       0xa0 c:/program files (x86)/atmel/studio/7.0/toolchain/arm/arm-gnu-toolchain/bin/../lib/gcc/arm-none-eabi/6.3.1/../../../../arm-none-eabi/lib/thumb/v7e-m\libc.a(lib_a-freer.o)
                0x004022e4                _malloc_trim_r
 .text._free_r  0x00402384      0x1cc c:/program files (x86)/atmel/studio/7.0/toolchain/arm/arm-gnu-toolchain/bin/../lib/gcc/arm-none-eabi/6.3.1/../../../../arm-none-eabi/lib/thumb/v7e-m\libc.a(lib_a-freer.o)
                0x00402384                _free_r
 .text.__sfvwrite_r
                0x00402550      0x2f0 c:/program files (x86)/atmel/studio/7.0/toolchain/arm/arm-gnu-toolchain/bin/../lib/gcc/arm-none-eabi/6.3.1/../../../../arm-none-eabi/lib/thumb/v7e-m\libc.a(lib_a-fvwrite.o)
                0x00402550                __sfvwrite_r
 .text._fwalk_reent
                0x00402840       0x54 c:/program files (x86)/atmel/studio/7.0/toolchain/arm/arm-gnu-toolchain/bin/../lib/gcc/arm-none-eabi/6.3.1/../../../../arm-none-eabi/lib/thumb/v7e-m\libc.a(lib_a-fwalk.o)
                0x00402840                _fwalk_reent
 .text.__locale_mb_cur_max
                0x00402894       0x1c c:/program files (x86)/atmel/studio/7.0/toolchain/arm/arm-gnu-toolchain/bin/../lib/gcc/arm-none-eabi/6.3.1/../../../../arm-none-eabi/lib/thumb/v7e-m\libc.a(lib_a-locale.o)
                0x00402894                __locale_mb_cur_max
 .text.__retarget_lock_init_recursive
                0x004028b0        0x4 c:/program files (x86)/atmel/studio/7.0/toolchain/arm/arm-gnu-toolchain/bin/../lib/gcc/arm-none-eabi/6.3.1/../../../../arm-none-eabi/lib/thumb/v7e-m\libc.a(lib_a-lock.o)
                0x004028b0                __retarget_lock_init_recursive
 .text.__retarget_lock_close_recursive
                0x004028b4        0x4 c:/program files (x86)/atmel/studio/7.0/toolchain/arm/arm-gnu-toolchain/bin/../lib/gcc/arm-none-eabi/6.3.1/../../../../arm-none-eabi/lib/thumb/v7e-m\libc.a(lib_a-lock.o)
                0x004028b4                __retarget_lock_close_recursive
 .text.__retarget_lock_acquire_recursive
                0x004028b8        0x4 c:/program files (x86)/atmel/studio/7.0/toolchain/arm/arm-gnu-toolchain/bin/../lib/gcc/arm-none-eabi/6.3.1/../../../../arm-none-eabi/lib/thumb/v7e-m\libc.a(lib_a-lock.o)
                0x004028b8                __retarget_lock_acquire_recursive
 .text.__retarget_lock_release_recursive
                0x004028bc        0x4 c:/program files (x86)/atmel/studio/7.0/toolchain/arm/arm-gnu-toolchain/bin/../lib/gcc/arm-none-eabi/6.3.1/../../../../arm-none-eabi/lib/thumb/v7e-m\libc.a(lib_a-lock.o)
                0x004028bc                __retarget_lock_release_recursive
 .text.__swhatbuf_r
                0x004028c0       0x5c c:/program files (x86)/atmel/studio/7.0/toolchain/arm/arm-gnu-toolchain/bin/../lib/gcc/arm-none-eabi/6.3.1/../../../../arm-none-eabi/lib/thumb/v7e-m\libc.a(lib_a-makebuf.o)
                0x004028c0                __swhatbuf_r
 .text.__smakebuf_r
                0x0040291c       0x94 c:/program files (x86)/atmel/studio/7.0/toolchain/arm/arm-gnu-toolchain/bin/../lib/gcc/arm-none-eabi/6.3.1/../../../../arm-none-eabi/lib/thumb/v7e-m\libc.a(lib_a-makebuf.o)
                0x0040291c                __smakebuf_r
 .text.malloc   0x004029b0       0x10 c:/program files (x86)/atmel/studio/7.0/toolchain/arm/arm-gnu-toolchain/bin/../lib/gcc/arm-none-eabi/6.3.1/../../../../arm-none-eabi/lib/thumb/v7e-m\libc.a(lib_a-malloc.o)
                0x004029b0                malloc
 .text._malloc_r
                0x004029c0      0x560 c:/program files (x86)/atmel/studio/7.0/toolchain/arm/arm-gnu-toolchain/bin/../lib/gcc/arm-none-eabi/6.3.1/../../../../arm-none-eabi/lib/thumb/v7e-m\libc.a(lib_a-mallocr.o)
                0x004029c0                _malloc_r
 .text.__ascii_mbtowc
                0x00402f20       0x2c c:/program files (x86)/atmel/studio/7.0/toolchain/arm/arm-gnu-toolchain/bin/../lib/gcc/arm-none-eabi/6.3.1/../../../../arm-none-eabi/lib/thumb/v7e-m\libc.a(lib_a-mbtowc_r.o)
                0x00402f20                __ascii_mbtowc
 *fill*         0x00402f4c        0x4 
 .text          0x00402f50       0xa0 c:/program files (x86)/atmel/studio/7.0/toolchain/arm/arm-gnu-toolchain/bin/../lib/gcc/arm-none-eabi/6.3.1/../../../../arm-none-eabi/lib/thumb/v7e-m\libc.a(lib_a-memchr.o)
                0x00402f50                memchr
 .text          0x00402ff0      0x134 c:/program files (x86)/atmel/studio/7.0/toolchain/arm/arm-gnu-toolchain/bin/../lib/gcc/arm-none-eabi/6.3.1/../../../../arm-none-eabi/lib/thumb/v7e-m\libc.a(lib_a-memcpy.o)
                0x00402ff0                memcpy
 .text.memmove  0x00403124       0xc8 c:/program files (x86)/atmel/studio/7.0/toolchain/arm/arm-gnu-toolchain/bin/../lib/gcc/arm-none-eabi/6.3.1/../../../../arm-none-eabi/lib/thumb/v7e-m\libc.a(lib_a-memmove.o)
                0x00403124                memmove
 .text.__malloc_lock
                0x004031ec        0xc c:/program files (x86)/atmel/studio/7.0/toolchain/arm/arm-gnu-toolchain/bin/../lib/gcc/arm-none-eabi/6.3.1/../../../../arm-none-eabi/lib/thumb/v7e-m\libc.a(lib_a-mlock.o)
                0x004031ec                __malloc_lock
 .text.__malloc_unlock
                0x004031f8        0xc c:/program files (x86)/atmel/studio/7.0/toolchain/arm/arm-gnu-toolchain/bin/../lib/gcc/arm-none-eabi/6.3.1/../../../../arm-none-eabi/lib/thumb/v7e-m\libc.a(lib_a-mlock.o)
                0x004031f8                __malloc_unlock
 .text._realloc_r
                0x00403204      0x34c c:/program files (x86)/atmel/studio/7.0/toolchain/arm/arm-gnu-toolchain/bin/../lib/gcc/arm-none-eabi/6.3.1/../../../../arm-none-eabi/lib/thumb/v7e-m\libc.a(lib_a-reallocr.o)
                0x00403204                _realloc_r
 .text._sbrk_r  0x00403550       0x24 c:/program files (x86)/atmel/studio/7.0/toolchain/arm/arm-gnu-toolchain/bin/../lib/gcc/arm-none-eabi/6.3.1/../../../../arm-none-eabi/lib/thumb/v7e-m\libc.a(lib_a-sbrkr.o)
                0x00403550                _sbrk_r
 .text.__sread  0x00403574       0x24 c:/program files (x86)/atmel/studio/7.0/toolchain/arm/arm-gnu-toolchain/bin/../lib/gcc/arm-none-eabi/6.3.1/../../../../arm-none-eabi/lib/thumb/v7e-m\libc.a(lib_a-stdio.o)
                0x00403574                __sread
 .text.__swrite
                0x00403598       0x3c c:/program files (x86)/atmel/studio/7.0/toolchain/arm/arm-gnu-toolchain/bin/../lib/gcc/arm-none-eabi/6.3.1/../../../../arm-none-eabi/lib/thumb/v7e-m\libc.a(lib_a-stdio.o)
                0x00403598                __swrite
 .text.__sseek  0x004035d4       0x20 c:/program files (x86)/atmel/studio/7.0/toolchain/arm/arm-gnu-toolchain/bin/../lib/gcc/arm-none-eabi/6.3.1/../../../../arm-none-eabi/lib/thumb/v7e-m\libc.a(lib_a-stdio.o)
                0x004035d4                __sseek
 .text.__sclose
                0x004035f4        0x8 c:/program files (x86)/atmel/studio/7.0/toolchain/arm/arm-gnu-toolchain/bin/../lib/gcc/arm-none-eabi/6.3.1/../../../../arm-none-eabi/lib/thumb/v7e-m\libc.a(lib_a-stdio.o)
                0x004035f4                __sclose
 *fill*         0x004035fc        0x4 
 .text          0x00403600       0xdc c:/program files (x86)/atmel/studio/7.0/toolchain/arm/arm-gnu-toolchain/bin/../lib/gcc/arm-none-eabi/6.3.1/../../../../arm-none-eabi/lib/thumb/v7e-m\libc.a(lib_a-strlen.o)
                0x00403600                strlen
 .text.__swbuf_r
                0x004036dc       0xb0 c:/program files (x86)/atmel/studio/7.0/toolchain/arm/arm-gnu-toolchain/bin/../lib/gcc/arm-none-eabi/6.3.1/../../../../arm-none-eabi/lib/thumb/v7e-m\libc.a(lib_a-wbuf.o)
                0x004036dc                __swbuf_r
 .text._wcrtomb_r
                0x0040378c       0x54 c:/program files (x86)/atmel/studio/7.0/toolchain/arm/arm-gnu-toolchain/bin/../lib/gcc/arm-none-eabi/6.3.1/../../../../arm-none-eabi/lib/thumb/v7e-m\libc.a(lib_a-wcrtomb.o)
                0x0040378c                _wcrtomb_r
 .text.__ascii_wctomb
                0x004037e0       0x1c c:/program files (x86)/atmel/studio/7.0/toolchain/arm/arm-gnu-toolchain/bin/../lib/gcc/arm-none-eabi/6.3.1/../../../../arm-none-eabi/lib/thumb/v7e-m\libc.a(lib_a-wctomb_r.o)
                0x004037e0                __ascii_wctomb
 .text._write_r
                0x004037fc       0x2c c:/program files (x86)/atmel/studio/7.0/toolchain/arm/arm-gnu-toolchain/bin/../lib/gcc/arm-none-eabi/6.3.1/../../../../arm-none-eabi/lib/thumb/v7e-m\libc.a(lib_a-writer.o)
                0x004037fc                _write_r
 .text.__register_exitproc
                0x00403828       0xc4 c:/program files (x86)/atmel/studio/7.0/toolchain/arm/arm-gnu-toolchain/bin/../lib/gcc/arm-none-eabi/6.3.1/../../../../arm-none-eabi/lib/thumb/v7e-m\libc.a(lib_a-__atexit.o)
                0x00403828                __register_exitproc
 .text._close_r
                0x004038ec       0x24 c:/program files (x86)/atmel/studio/7.0/toolchain/arm/arm-gnu-toolchain/bin/../lib/gcc/arm-none-eabi/6.3.1/../../../../arm-none-eabi/lib/thumb/v7e-m\libc.a(lib_a-closer.o)
                0x004038ec                _close_r
 .text._fclose_r
                0x00403910       0xc4 c:/program files (x86)/atmel/studio/7.0/toolchain/arm/arm-gnu-toolchain/bin/../lib/gcc/arm-none-eabi/6.3.1/../../../../arm-none-eabi/lib/thumb/v7e-m\libc.a(lib_a-fclose.o)
                0x00403910                _fclose_r
 .text._fstat_r
                0x004039d4       0x28 c:/program files (x86)/atmel/studio/7.0/toolchain/arm/arm-gnu-toolchain/bin/../lib/gcc/arm-none-eabi/6.3.1/../../../../arm-none-eabi/lib/thumb/v7e-m\libc.a(lib_a-fstatr.o)
                0x004039d4                _fstat_r
 .text._isatty_r
                0x004039fc       0x24 c:/program files (x86)/atmel/studio/7.0/toolchain/arm/arm-gnu-toolchain/bin/../lib/gcc/arm-none-eabi/6.3.1/../../../../arm-none-eabi/lib/thumb/v7e-m\libc.a(lib_a-isattyr.o)
                0x004039fc                _isatty_r
 .text._lseek_r
                0x00403a20       0x2c c:/program files (x86)/atmel/studio/7.0/toolchain/arm/arm-gnu-toolchain/bin/../lib/gcc/arm-none-eabi/6.3.1/../../../../arm-none-eabi/lib/thumb/v7e-m\libc.a(lib_a-lseekr.o)
                0x00403a20                _lseek_r
 .text._read_r  0x00403a4c       0x2c c:/program files (x86)/atmel/studio/7.0/toolchain/arm/arm-gnu-toolchain/bin/../lib/gcc/arm-none-eabi/6.3.1/../../../../arm-none-eabi/lib/thumb/v7e-m\libc.a(lib_a-readr.o)
                0x00403a4c                _read_r
 .text          0x00403a78       0x30 c:/program files (x86)/atmel/studio/7.0/toolchain/arm/arm-gnu-toolchain/bin/../lib/gcc/arm-none-eabi/6.3.1/thumb/v7e-m\libgcc.a(_aeabi_uldivmod.o)
                0x00403a78                __aeabi_uldivmod
 .text          0x00403aa8      0x2dc c:/program files (x86)/atmel/studio/7.0/toolchain/arm/arm-gnu-toolchain/bin/../lib/gcc/arm-none-eabi/6.3.1/thumb/v7e-m\libgcc.a(_udivmoddi4.o)
                0x00403aa8                __udivmoddi4
 .text          0x00403d84        0x4 c:/program files (x86)/atmel/studio/7.0/toolchain/arm/arm-gnu-toolchain/bin/../lib/gcc/arm-none-eabi/6.3.1/thumb/v7e-m\libgcc.a(_dvmd_tls.o)
                0x00403d84                __aeabi_idiv0
                0x00403d84                __aeabi_ldiv0
 *(.glue_7t)
 .glue_7t       0x00403d88        0x0 linker stubs
 *(.glue_7)
 .glue_7        0x00403d88        0x0 linker stubs
 *(.rodata .rodata* .gnu.linkonce.r.*)
 .rodata.main.str1.4
                0x00403d88       0x13 src/main.o
 *fill*         0x00403d9b        0x1 
 .rodata._global_impure_ptr
                0x00403d9c        0x4 c:/program files (x86)/atmel/studio/7.0/toolchain/arm/arm-gnu-toolchain/bin/../lib/gcc/arm-none-eabi/6.3.1/../../../../arm-none-eabi/lib/thumb/v7e-m\libc.a(lib_a-impure.o)
                0x00403d9c                _global_impure_ptr
 .rodata._vfiprintf_r.str1.4
                0x00403da0       0x2f c:/program files (x86)/atmel/studio/7.0/toolchain/arm/arm-gnu-toolchain/bin/../lib/gcc/arm-none-eabi/6.3.1/../../../../arm-none-eabi/lib/thumb/v7e-m\libc.a(lib_a-vfiprintf.o)
 *fill*         0x00403dcf        0x1 
 .rodata.blanks.7217
                0x00403dd0       0x10 c:/program files (x86)/atmel/studio/7.0/toolchain/arm/arm-gnu-toolchain/bin/../lib/gcc/arm-none-eabi/6.3.1/../../../../arm-none-eabi/lib/thumb/v7e-m\libc.a(lib_a-vfiprintf.o)
 .rodata.zeroes.7218
                0x00403de0       0x10 c:/program files (x86)/atmel/studio/7.0/toolchain/arm/arm-gnu-toolchain/bin/../lib/gcc/arm-none-eabi/6.3.1/../../../../arm-none-eabi/lib/thumb/v7e-m\libc.a(lib_a-vfiprintf.o)
 .rodata._setlocale_r.str1.4
                0x00403df0        0xa c:/program files (x86)/atmel/studio/7.0/toolchain/arm/arm-gnu-toolchain/bin/../lib/gcc/arm-none-eabi/6.3.1/../../../../arm-none-eabi/lib/thumb/v7e-m\libc.a(lib_a-locale.o)
                                  0xd (size before relaxing)
 *fill*         0x00403dfa        0x2 
 .rodata.str1.4
                0x00403dfc        0x4 c:/program files (x86)/atmel/studio/7.0/toolchain/arm/arm-gnu-toolchain/bin/../lib/gcc/arm-none-eabi/6.3.1/../../../../arm-none-eabi/lib/thumb/v7e-m\libc.a(lib_a-locale.o)
                                  0x2 (size before relaxing)
 .rodata._ctype_
                0x00403e00      0x101 c:/program files (x86)/atmel/studio/7.0/toolchain/arm/arm-gnu-toolchain/bin/../lib/gcc/arm-none-eabi/6.3.1/../../../../arm-none-eabi/lib/thumb/v7e-m\libc.a(lib_a-ctype_.o)
                0x00403e00                _ctype_
 *(.ARM.extab* .gnu.linkonce.armextab.*)
                0x00403f04                . = ALIGN (0x4)
 *fill*         0x00403f01        0x3 
 *(.init)
 .init          0x00403f04        0x4 c:/program files (x86)/atmel/studio/7.0/toolchain/arm/arm-gnu-toolchain/bin/../lib/gcc/arm-none-eabi/6.3.1/thumb/v7e-m/crti.o
                0x00403f04                _init
 .init          0x00403f08        0x8 c:/program files (x86)/atmel/studio/7.0/toolchain/arm/arm-gnu-toolchain/bin/../lib/gcc/arm-none-eabi/6.3.1/thumb/v7e-m/crtn.o
                0x00403f10                . = ALIGN (0x4)
                0x00403f10                __preinit_array_start = .
 *(.preinit_array)
                0x00403f10                __preinit_array_end = .
                0x00403f10                . = ALIGN (0x4)
                0x00403f10                __init_array_start = .
 *(SORT(.init_array.*))
 .init_array.00000
                0x00403f10        0x4 c:/program files (x86)/atmel/studio/7.0/toolchain/arm/arm-gnu-toolchain/bin/../lib/gcc/arm-none-eabi/6.3.1/../../../../arm-none-eabi/lib/thumb/v7e-m\libc.a(lib_a-__call_atexit.o)
 *(.init_array)
 .init_array    0x00403f14        0x4 c:/program files (x86)/atmel/studio/7.0/toolchain/arm/arm-gnu-toolchain/bin/../lib/gcc/arm-none-eabi/6.3.1/thumb/v7e-m/crtbegin.o
                0x00403f18                __init_array_end = .
                0x00403f18                . = ALIGN (0x4)
 *crtbegin.o(.ctors)
 *(EXCLUDE_FILE(*crtend.o) .ctors)
 *(SORT(.ctors.*))
 *crtend.o(.ctors)
                0x00403f18                . = ALIGN (0x4)
 *(.fini)
 .fini          0x00403f18        0x4 c:/program files (x86)/atmel/studio/7.0/toolchain/arm/arm-gnu-toolchain/bin/../lib/gcc/arm-none-eabi/6.3.1/thumb/v7e-m/crti.o
                0x00403f18                _fini
 .fini          0x00403f1c        0x8 c:/program files (x86)/atmel/studio/7.0/toolchain/arm/arm-gnu-toolchain/bin/../lib/gcc/arm-none-eabi/6.3.1/thumb/v7e-m/crtn.o
                0x00403f24                . = ALIGN (0x4)
                0x00403f24                __fini_array_start = .
 *(.fini_array)
 .fini_array    0x00403f24        0x4 c:/program files (x86)/atmel/studio/7.0/toolchain/arm/arm-gnu-toolchain/bin/../lib/gcc/arm-none-eabi/6.3.1/thumb/v7e-m/crtbegin.o
 *(SORT(.fini_array.*))
                0x00403f28                __fini_array_end = .
 *crtbegin.o(.dtors)
 *(EXCLUDE_FILE(*crtend.o) .dtors)
 *(SORT(.dtors.*))
 *crtend.o(.dtors)
                0x00403f28                . = ALIGN (0x4)
                0x00403f28                _efixed = .
                [!provide]                PROVIDE (__exidx_start, .)

.vfp11_veneer   0x00403f28        0x0
 .vfp11_veneer  0x00403f28        0x0 linker stubs

.v4_bx          0x00403f28        0x0
 .v4_bx         0x00403f28        0x0 linker stubs

.iplt           0x00403f28        0x0
 .iplt          0x00403f28        0x0 c:/program files (x86)/atmel/studio/7.0/toolchain/arm/arm-gnu-toolchain/bin/../lib/gcc/arm-none-eabi/6.3.1/thumb/v7e-m/crtbegin.o

.ARM.exidx      0x00403f28        0x8
 *(.ARM.exidx* .gnu.linkonce.armexidx.*)
 .ARM.exidx     0x00403f28        0x8 c:/program files (x86)/atmel/studio/7.0/toolchain/arm/arm-gnu-toolchain/bin/../lib/gcc/arm-none-eabi/6.3.1/thumb/v7e-m\libgcc.a(_udivmoddi4.o)
                [!provide]                PROVIDE (__exidx_end, .)

.eh_frame       0x00403f30        0x0
 .eh_frame      0x00403f30        0x0 c:/program files (x86)/atmel/studio/7.0/toolchain/arm/arm-gnu-toolchain/bin/../lib/gcc/arm-none-eabi/6.3.1/thumb/v7e-m/crtbegin.o

.rel.dyn        0x00403f30        0x0
 .rel.iplt      0x00403f30        0x0 c:/program files (x86)/atmel/studio/7.0/toolchain/arm/arm-gnu-toolchain/bin/../lib/gcc/arm-none-eabi/6.3.1/thumb/v7e-m/crtbegin.o

.jcr            0x00403f30        0x0
 .jcr           0x00403f30        0x0 c:/program files (x86)/atmel/studio/7.0/toolchain/arm/arm-gnu-toolchain/bin/../lib/gcc/arm-none-eabi/6.3.1/thumb/v7e-m/crtbegin.o

.igot.plt       0x00403f30        0x0
 .igot.plt      0x00403f30        0x0 c:/program files (x86)/atmel/studio/7.0/toolchain/arm/arm-gnu-toolchain/bin/../lib/gcc/arm-none-eabi/6.3.1/thumb/v7e-m/crtbegin.o
                0x00403f30                . = ALIGN (0x4)
                0x00403f30                _etext = .

.relocate       0x20000000      0x9c0 load address 0x00403f30
                0x20000000                . = ALIGN (0x4)
                0x20000000                _srelocate = .
 *(.ramfunc .ramfunc.*)
 .ramfunc       0x20000000        0xa src/ASF/common/services/delay/sam/cycle_counter.o
                0x20000000                portable_delay_cycles
 *(.data .data.*)
 .data.g_interrupt_enabled
                0x2000000a        0x1 src/ASF/common/utils/interrupt/interrupt_sam_nvic.o
                0x2000000a                g_interrupt_enabled
 *fill*         0x2000000b        0x1 
 .data.SystemCoreClock
                0x2000000c        0x4 src/ASF/sam/utils/cmsis/sam4s/source/templates/system_sam4s.o
                0x2000000c                SystemCoreClock
 .data._impure_ptr
                0x20000010        0x4 c:/program files (x86)/atmel/studio/7.0/toolchain/arm/arm-gnu-toolchain/bin/../lib/gcc/arm-none-eabi/6.3.1/../../../../arm-none-eabi/lib/thumb/v7e-m\libc.a(lib_a-impure.o)
                0x20000010                _impure_ptr
 *fill*         0x20000014        0x4 
 .data.impure_data
                0x20000018      0x428 c:/program files (x86)/atmel/studio/7.0/toolchain/arm/arm-gnu-toolchain/bin/../lib/gcc/arm-none-eabi/6.3.1/../../../../arm-none-eabi/lib/thumb/v7e-m\libc.a(lib_a-impure.o)
 .data.__atexit_recursive_mutex
                0x20000440        0x4 c:/program files (x86)/atmel/studio/7.0/toolchain/arm/arm-gnu-toolchain/bin/../lib/gcc/arm-none-eabi/6.3.1/../../../../arm-none-eabi/lib/thumb/v7e-m\libc.a(lib_a-__call_atexit.o)
                0x20000440                __atexit_recursive_mutex
 .data.__global_locale
                0x20000444      0x16c c:/program files (x86)/atmel/studio/7.0/toolchain/arm/arm-gnu-toolchain/bin/../lib/gcc/arm-none-eabi/6.3.1/../../../../arm-none-eabi/lib/thumb/v7e-m\libc.a(lib_a-locale.o)
                0x20000444                __global_locale
 .data.__malloc_av_
                0x200005b0      0x408 c:/program files (x86)/atmel/studio/7.0/toolchain/arm/arm-gnu-toolchain/bin/../lib/gcc/arm-none-eabi/6.3.1/../../../../arm-none-eabi/lib/thumb/v7e-m\libc.a(lib_a-mallocr.o)
                0x200005b0                __malloc_av_
 .data.__malloc_sbrk_base
                0x200009b8        0x4 c:/program files (x86)/atmel/studio/7.0/toolchain/arm/arm-gnu-toolchain/bin/../lib/gcc/arm-none-eabi/6.3.1/../../../../arm-none-eabi/lib/thumb/v7e-m\libc.a(lib_a-mallocr.o)
                0x200009b8                __malloc_sbrk_base
 .data.__malloc_trim_threshold
                0x200009bc        0x4 c:/program files (x86)/atmel/studio/7.0/toolchain/arm/arm-gnu-toolchain/bin/../lib/gcc/arm-none-eabi/6.3.1/../../../../arm-none-eabi/lib/thumb/v7e-m\libc.a(lib_a-mallocr.o)
                0x200009bc                __malloc_trim_threshold
                0x200009c0                . = ALIGN (0x4)
                0x200009c0                _erelocate = .

.bss            0x200009c0      0x1f4 load address 0x004048f0
                0x200009c0                . = ALIGN (0x4)
                0x200009c0                _sbss = .
                0x200009c0                _szero = .
 *(.bss .bss.*)
 .bss           0x200009c0       0x1c c:/program files (x86)/atmel/studio/7.0/toolchain/arm/arm-gnu-toolchain/bin/../lib/gcc/arm-none-eabi/6.3.1/thumb/v7e-m/crtbegin.o
 .bss.TMOUT_Counters
                0x200009dc       0x28 src/trismed/drivers/TMOUT.o
 .bss.TMOUT_FreeCounters
                0x20000a04        0xa src/trismed/drivers/TMOUT.o
 *fill*         0x20000a0e        0x2 
 .bss.tmoutItems
                0x20000a10       0x18 src/trismed/drivers/TMOUT.o
 .bss.gs_interrupt_sources
                0x20000a28       0x70 src/ASF/sam/drivers/pio/pio_handler.o
 .bss.pio_capture_handler
                0x20000a98        0x4 src/ASF/sam/drivers/pio/pio_handler.o
 .bss.serial_rx_buf
                0x20000a9c       0x9c src/ASF/thirdparty/wireless/addons/sio2host/uart/sio2host.o
 .bss.serial_rx_buf_tail
                0x20000b38        0x1 src/ASF/thirdparty/wireless/addons/sio2host/uart/sio2host.o
 *fill*         0x20000b39        0x3 
 .bss.cpu_irq_critical_section_counter
                0x20000b3c        0x4 src/ASF/common/utils/interrupt/interrupt_sam_nvic.o
 .bss.cpu_irq_prev_interrupt_state
                0x20000b40        0x1 src/ASF/common/utils/interrupt/interrupt_sam_nvic.o
 *fill*         0x20000b41        0x3 
 .bss.heap.5297
                0x20000b44        0x4 src/ASF/sam/utils/syscalls/gcc/syscalls.o
 .bss.__malloc_current_mallinfo
                0x20000b48       0x28 c:/program files (x86)/atmel/studio/7.0/toolchain/arm/arm-gnu-toolchain/bin/../lib/gcc/arm-none-eabi/6.3.1/../../../../arm-none-eabi/lib/thumb/v7e-m\libc.a(lib_a-mallocr.o)
                0x20000b48                __malloc_current_mallinfo
 .bss.__malloc_max_sbrked_mem
                0x20000b70        0x4 c:/program files (x86)/atmel/studio/7.0/toolchain/arm/arm-gnu-toolchain/bin/../lib/gcc/arm-none-eabi/6.3.1/../../../../arm-none-eabi/lib/thumb/v7e-m\libc.a(lib_a-mallocr.o)
                0x20000b70                __malloc_max_sbrked_mem
 .bss.__malloc_max_total_mem
                0x20000b74        0x4 c:/program files (x86)/atmel/studio/7.0/toolchain/arm/arm-gnu-toolchain/bin/../lib/gcc/arm-none-eabi/6.3.1/../../../../arm-none-eabi/lib/thumb/v7e-m\libc.a(lib_a-mallocr.o)
                0x20000b74                __malloc_max_total_mem
 .bss.__malloc_top_pad
                0x20000b78        0x4 c:/program files (x86)/atmel/studio/7.0/toolchain/arm/arm-gnu-toolchain/bin/../lib/gcc/arm-none-eabi/6.3.1/../../../../arm-none-eabi/lib/thumb/v7e-m\libc.a(lib_a-mallocr.o)
                0x20000b78                __malloc_top_pad
 *(COMMON)
 COMMON         0x20000b7c        0x4 src/ASF/common/utils/stdio/read.o
                0x20000b7c                ptr_get
 COMMON         0x20000b80        0x8 src/ASF/common/utils/stdio/write.o
                0x20000b80                ptr_put
                0x20000b84                stdio_base
 COMMON         0x20000b88        0x4 src/ASF/sam/drivers/pio/pio.o
                0x20000b88                pio_capture_enable_flag
 COMMON         0x20000b8c       0x21 c:/program files (x86)/atmel/studio/7.0/toolchain/arm/arm-gnu-toolchain/bin/../lib/gcc/arm-none-eabi/6.3.1/../../../../arm-none-eabi/lib/thumb/v7e-m\libc.a(lib_a-lock.o)
                0x20000b8c                __lock___atexit_recursive_mutex
                0x20000b90                __lock___arc4random_mutex
                0x20000b94                __lock___env_recursive_mutex
                0x20000b98                __lock___sinit_recursive_mutex
                0x20000b9c                __lock___malloc_recursive_mutex
                0x20000ba0                __lock___at_quick_exit_mutex
                0x20000ba4                __lock___dd_hash_mutex
                0x20000ba8                __lock___tz_mutex
                0x20000bac                __lock___sfp_recursive_mutex
 *fill*         0x20000bad        0x3 
 COMMON         0x20000bb0        0x4 c:/program files (x86)/atmel/studio/7.0/toolchain/arm/arm-gnu-toolchain/bin/../lib/gcc/arm-none-eabi/6.3.1/../../../../arm-none-eabi/lib/thumb/v7e-m\libc.a(lib_a-reent.o)
                0x20000bb0                errno
                0x20000bb4                . = ALIGN (0x4)
                0x20000bb4                _ebss = .
                0x20000bb4                _ezero = .

.stack          0x20000bb4     0x3004 load address 0x00404ae4
                0x20000bb8                . = ALIGN (0x8)
 *fill*         0x20000bb4        0x4 
                0x20000bb8                _sstack = .
                0x20003bb8                . = (. + __stack_size__)
 *fill*         0x20000bb8     0x3000 
                0x20003bb8                . = ALIGN (0x8)
                0x20003bb8                _estack = .
                0x20003bb8                . = ALIGN (0x4)
                0x20003bb8                _end = .
OUTPUT(ADS129X_Demo.elf elf32-littlearm)

.ARM.attributes
                0x00000000       0x2a
 .ARM.attributes
                0x00000000       0x1e c:/program files (x86)/atmel/studio/7.0/toolchain/arm/arm-gnu-toolchain/bin/../lib/gcc/arm-none-eabi/6.3.1/thumb/v7e-m/crti.o
 .ARM.attributes
                0x0000001e       0x2e c:/program files (x86)/atmel/studio/7.0/toolchain/arm/arm-gnu-toolchain/bin/../lib/gcc/arm-none-eabi/6.3.1/thumb/v7e-m/crtbegin.o
 .ARM.attributes
                0x0000004c       0x33 src/ASF/sam/drivers/tc/tc.o
 .ARM.attributes
                0x0000007f       0x33 src/trismed/drivers/TMOUT.o
 .ARM.attributes
                0x000000b2       0x33 src/ASF/common/services/delay/sam/cycle_counter.o
 .ARM.attributes
                0x000000e5       0x33 src/ASF/common/utils/stdio/read.o
 .ARM.attributes
                0x00000118       0x33 src/ASF/sam/drivers/pio/pio_handler.o
 .ARM.attributes
                0x0000014b       0x33 src/ASF/sam/drivers/usart/usart.o
 .ARM.attributes
                0x0000017e       0x33 src/ASF/sam/drivers/wdt/wdt.o
 .ARM.attributes
                0x000001b1       0x33 src/ASF/thirdparty/wireless/addons/sio2host/uart/sio2host.o
 .ARM.attributes
                0x000001e4       0x33 src/ASF/common/utils/stdio/write.o
 .ARM.attributes
                0x00000217       0x33 src/ASF/common/services/serial/usart_serial.o
 .ARM.attributes
                0x0000024a       0x33 src/ASF/common/services/clock/sam4s/sysclk.o
 .ARM.attributes
                0x0000027d       0x33 src/ASF/sam/drivers/pio/pio.o
 .ARM.attributes
                0x000002b0       0x33 src/ASF/sam/drivers/pmc/pmc.o
 .ARM.attributes
                0x000002e3       0x33 src/ASF/sam/drivers/uart/uart.o
 .ARM.attributes
                0x00000316       0x33 src/ASF/common/boards/user_board/init.o
 .ARM.attributes
                0x00000349       0x33 src/ASF/common/utils/interrupt/interrupt_sam_nvic.o
 .ARM.attributes
                0x0000037c       0x33 src/ASF/sam/utils/cmsis/sam4s/source/templates/gcc/startup_sam4s.o
 .ARM.attributes
                0x000003af       0x33 src/ASF/sam/utils/cmsis/sam4s/source/templates/system_sam4s.o
 .ARM.attributes
                0x000003e2       0x33 src/ASF/sam/utils/syscalls/gcc/syscalls.o
 .ARM.attributes
                0x00000415       0x33 src/main.o
 .ARM.attributes
                0x00000448       0x2e c:/program files (x86)/atmel/studio/7.0/toolchain/arm/arm-gnu-toolchain/bin/../lib/gcc/arm-none-eabi/6.3.1/../../../../arm-none-eabi/lib/thumb/v7e-m\libc.a(lib_a-impure.o)
 .ARM.attributes
                0x00000476       0x2e c:/program files (x86)/atmel/studio/7.0/toolchain/arm/arm-gnu-toolchain/bin/../lib/gcc/arm-none-eabi/6.3.1/../../../../arm-none-eabi/lib/thumb/v7e-m\libc.a(lib_a-init.o)
 .ARM.attributes
                0x000004a4       0x2e c:/program files (x86)/atmel/studio/7.0/toolchain/arm/arm-gnu-toolchain/bin/../lib/gcc/arm-none-eabi/6.3.1/../../../../arm-none-eabi/lib/thumb/v7e-m\libc.a(lib_a-iprintf.o)
 .ARM.attributes
                0x000004d2       0x2e c:/program files (x86)/atmel/studio/7.0/toolchain/arm/arm-gnu-toolchain/bin/../lib/gcc/arm-none-eabi/6.3.1/../../../../arm-none-eabi/lib/thumb/v7e-m\libc.a(lib_a-memset.o)
 .ARM.attributes
                0x00000500       0x2e c:/program files (x86)/atmel/studio/7.0/toolchain/arm/arm-gnu-toolchain/bin/../lib/gcc/arm-none-eabi/6.3.1/../../../../arm-none-eabi/lib/thumb/v7e-m\libc.a(lib_a-setbuf.o)
 .ARM.attributes
                0x0000052e       0x2e c:/program files (x86)/atmel/studio/7.0/toolchain/arm/arm-gnu-toolchain/bin/../lib/gcc/arm-none-eabi/6.3.1/../../../../arm-none-eabi/lib/thumb/v7e-m\libc.a(lib_a-setvbuf.o)
 .ARM.attributes
                0x0000055c       0x2e c:/program files (x86)/atmel/studio/7.0/toolchain/arm/arm-gnu-toolchain/bin/../lib/gcc/arm-none-eabi/6.3.1/../../../../arm-none-eabi/lib/thumb/v7e-m\libc.a(lib_a-vfiprintf.o)
 .ARM.attributes
                0x0000058a       0x2e c:/program files (x86)/atmel/studio/7.0/toolchain/arm/arm-gnu-toolchain/bin/../lib/gcc/arm-none-eabi/6.3.1/../../../../arm-none-eabi/lib/thumb/v7e-m\libc.a(lib_a-wsetup.o)
 .ARM.attributes
                0x000005b8       0x2e c:/program files (x86)/atmel/studio/7.0/toolchain/arm/arm-gnu-toolchain/bin/../lib/gcc/arm-none-eabi/6.3.1/../../../../arm-none-eabi/lib/thumb/v7e-m\libc.a(lib_a-__call_atexit.o)
 .ARM.attributes
                0x000005e6       0x2e c:/program files (x86)/atmel/studio/7.0/toolchain/arm/arm-gnu-toolchain/bin/../lib/gcc/arm-none-eabi/6.3.1/../../../../arm-none-eabi/lib/thumb/v7e-m\libc.a(lib_a-atexit.o)
 .ARM.attributes
                0x00000614       0x2e c:/program files (x86)/atmel/studio/7.0/toolchain/arm/arm-gnu-toolchain/bin/../lib/gcc/arm-none-eabi/6.3.1/../../../../arm-none-eabi/lib/thumb/v7e-m\libc.a(lib_a-fflush.o)
 .ARM.attributes
                0x00000642       0x2e c:/program files (x86)/atmel/studio/7.0/toolchain/arm/arm-gnu-toolchain/bin/../lib/gcc/arm-none-eabi/6.3.1/../../../../arm-none-eabi/lib/thumb/v7e-m\libc.a(lib_a-findfp.o)
 .ARM.attributes
                0x00000670       0x2e c:/program files (x86)/atmel/studio/7.0/toolchain/arm/arm-gnu-toolchain/bin/../lib/gcc/arm-none-eabi/6.3.1/../../../../arm-none-eabi/lib/thumb/v7e-m\libc.a(lib_a-fini.o)
 .ARM.attributes
                0x0000069e       0x2e c:/program files (x86)/atmel/studio/7.0/toolchain/arm/arm-gnu-toolchain/bin/../lib/gcc/arm-none-eabi/6.3.1/../../../../arm-none-eabi/lib/thumb/v7e-m\libc.a(lib_a-fputwc.o)
 .ARM.attributes
                0x000006cc       0x2e c:/program files (x86)/atmel/studio/7.0/toolchain/arm/arm-gnu-toolchain/bin/../lib/gcc/arm-none-eabi/6.3.1/../../../../arm-none-eabi/lib/thumb/v7e-m\libc.a(lib_a-freer.o)
 .ARM.attributes
                0x000006fa       0x2e c:/program files (x86)/atmel/studio/7.0/toolchain/arm/arm-gnu-toolchain/bin/../lib/gcc/arm-none-eabi/6.3.1/../../../../arm-none-eabi/lib/thumb/v7e-m\libc.a(lib_a-fvwrite.o)
 .ARM.attributes
                0x00000728       0x2e c:/program files (x86)/atmel/studio/7.0/toolchain/arm/arm-gnu-toolchain/bin/../lib/gcc/arm-none-eabi/6.3.1/../../../../arm-none-eabi/lib/thumb/v7e-m\libc.a(lib_a-fwalk.o)
 .ARM.attributes
                0x00000756       0x2e c:/program files (x86)/atmel/studio/7.0/toolchain/arm/arm-gnu-toolchain/bin/../lib/gcc/arm-none-eabi/6.3.1/../../../../arm-none-eabi/lib/thumb/v7e-m\libc.a(lib_a-locale.o)
 .ARM.attributes
                0x00000784       0x2e c:/program files (x86)/atmel/studio/7.0/toolchain/arm/arm-gnu-toolchain/bin/../lib/gcc/arm-none-eabi/6.3.1/../../../../arm-none-eabi/lib/thumb/v7e-m\libc.a(lib_a-lock.o)
 .ARM.attributes
                0x000007b2       0x2e c:/program files (x86)/atmel/studio/7.0/toolchain/arm/arm-gnu-toolchain/bin/../lib/gcc/arm-none-eabi/6.3.1/../../../../arm-none-eabi/lib/thumb/v7e-m\libc.a(lib_a-makebuf.o)
 .ARM.attributes
                0x000007e0       0x2e c:/program files (x86)/atmel/studio/7.0/toolchain/arm/arm-gnu-toolchain/bin/../lib/gcc/arm-none-eabi/6.3.1/../../../../arm-none-eabi/lib/thumb/v7e-m\libc.a(lib_a-malloc.o)
 .ARM.attributes
                0x0000080e       0x2e c:/program files (x86)/atmel/studio/7.0/toolchain/arm/arm-gnu-toolchain/bin/../lib/gcc/arm-none-eabi/6.3.1/../../../../arm-none-eabi/lib/thumb/v7e-m\libc.a(lib_a-mallocr.o)
 .ARM.attributes
                0x0000083c       0x2e c:/program files (x86)/atmel/studio/7.0/toolchain/arm/arm-gnu-toolchain/bin/../lib/gcc/arm-none-eabi/6.3.1/../../../../arm-none-eabi/lib/thumb/v7e-m\libc.a(lib_a-mbtowc_r.o)
 .ARM.attributes
                0x0000086a       0x1c c:/program files (x86)/atmel/studio/7.0/toolchain/arm/arm-gnu-toolchain/bin/../lib/gcc/arm-none-eabi/6.3.1/../../../../arm-none-eabi/lib/thumb/v7e-m\libc.a(lib_a-memchr.o)
 .ARM.attributes
                0x00000886       0x1c c:/program files (x86)/atmel/studio/7.0/toolchain/arm/arm-gnu-toolchain/bin/../lib/gcc/arm-none-eabi/6.3.1/../../../../arm-none-eabi/lib/thumb/v7e-m\libc.a(lib_a-memcpy.o)
 .ARM.attributes
                0x000008a2       0x2e c:/program files (x86)/atmel/studio/7.0/toolchain/arm/arm-gnu-toolchain/bin/../lib/gcc/arm-none-eabi/6.3.1/../../../../arm-none-eabi/lib/thumb/v7e-m\libc.a(lib_a-memmove.o)
 .ARM.attributes
                0x000008d0       0x2e c:/program files (x86)/atmel/studio/7.0/toolchain/arm/arm-gnu-toolchain/bin/../lib/gcc/arm-none-eabi/6.3.1/../../../../arm-none-eabi/lib/thumb/v7e-m\libc.a(lib_a-mlock.o)
 .ARM.attributes
                0x000008fe       0x2e c:/program files (x86)/atmel/studio/7.0/toolchain/arm/arm-gnu-toolchain/bin/../lib/gcc/arm-none-eabi/6.3.1/../../../../arm-none-eabi/lib/thumb/v7e-m\libc.a(lib_a-reallocr.o)
 .ARM.attributes
                0x0000092c       0x2e c:/program files (x86)/atmel/studio/7.0/toolchain/arm/arm-gnu-toolchain/bin/../lib/gcc/arm-none-eabi/6.3.1/../../../../arm-none-eabi/lib/thumb/v7e-m\libc.a(lib_a-sbrkr.o)
 .ARM.attributes
                0x0000095a       0x2e c:/program files (x86)/atmel/studio/7.0/toolchain/arm/arm-gnu-toolchain/bin/../lib/gcc/arm-none-eabi/6.3.1/../../../../arm-none-eabi/lib/thumb/v7e-m\libc.a(lib_a-stdio.o)
 .ARM.attributes
                0x00000988       0x1c c:/program files (x86)/atmel/studio/7.0/toolchain/arm/arm-gnu-toolchain/bin/../lib/gcc/arm-none-eabi/6.3.1/../../../../arm-none-eabi/lib/thumb/v7e-m\libc.a(lib_a-strlen.o)
 .ARM.attributes
                0x000009a4       0x2e c:/program files (x86)/atmel/studio/7.0/toolchain/arm/arm-gnu-toolchain/bin/../lib/gcc/arm-none-eabi/6.3.1/../../../../arm-none-eabi/lib/thumb/v7e-m\libc.a(lib_a-wbuf.o)
 .ARM.attributes
                0x000009d2       0x2e c:/program files (x86)/atmel/studio/7.0/toolchain/arm/arm-gnu-toolchain/bin/../lib/gcc/arm-none-eabi/6.3.1/../../../../arm-none-eabi/lib/thumb/v7e-m\libc.a(lib_a-wcrtomb.o)
 .ARM.attributes
                0x00000a00       0x2e c:/program files (x86)/atmel/studio/7.0/toolchain/arm/arm-gnu-toolchain/bin/../lib/gcc/arm-none-eabi/6.3.1/../../../../arm-none-eabi/lib/thumb/v7e-m\libc.a(lib_a-wctomb_r.o)
 .ARM.attributes
                0x00000a2e       0x2e c:/program files (x86)/atmel/studio/7.0/toolchain/arm/arm-gnu-toolchain/bin/../lib/gcc/arm-none-eabi/6.3.1/../../../../arm-none-eabi/lib/thumb/v7e-m\libc.a(lib_a-writer.o)
 .ARM.attributes
                0x00000a5c       0x2e c:/program files (x86)/atmel/studio/7.0/toolchain/arm/arm-gnu-toolchain/bin/../lib/gcc/arm-none-eabi/6.3.1/../../../../arm-none-eabi/lib/thumb/v7e-m\libc.a(lib_a-__atexit.o)
 .ARM.attributes
                0x00000a8a       0x2e c:/program files (x86)/atmel/studio/7.0/toolchain/arm/arm-gnu-toolchain/bin/../lib/gcc/arm-none-eabi/6.3.1/../../../../arm-none-eabi/lib/thumb/v7e-m\libc.a(lib_a-closer.o)
 .ARM.attributes
                0x00000ab8       0x2e c:/program files (x86)/atmel/studio/7.0/toolchain/arm/arm-gnu-toolchain/bin/../lib/gcc/arm-none-eabi/6.3.1/../../../../arm-none-eabi/lib/thumb/v7e-m\libc.a(lib_a-ctype_.o)
 .ARM.attributes
                0x00000ae6       0x2e c:/program files (x86)/atmel/studio/7.0/toolchain/arm/arm-gnu-toolchain/bin/../lib/gcc/arm-none-eabi/6.3.1/../../../../arm-none-eabi/lib/thumb/v7e-m\libc.a(lib_a-fclose.o)
 .ARM.attributes
                0x00000b14       0x2e c:/program files (x86)/atmel/studio/7.0/toolchain/arm/arm-gnu-toolchain/bin/../lib/gcc/arm-none-eabi/6.3.1/../../../../arm-none-eabi/lib/thumb/v7e-m\libc.a(lib_a-fstatr.o)
 .ARM.attributes
                0x00000b42       0x2e c:/program files (x86)/atmel/studio/7.0/toolchain/arm/arm-gnu-toolchain/bin/../lib/gcc/arm-none-eabi/6.3.1/../../../../arm-none-eabi/lib/thumb/v7e-m\libc.a(lib_a-isattyr.o)
 .ARM.attributes
                0x00000b70       0x2e c:/program files (x86)/atmel/studio/7.0/toolchain/arm/arm-gnu-toolchain/bin/../lib/gcc/arm-none-eabi/6.3.1/../../../../arm-none-eabi/lib/thumb/v7e-m\libc.a(lib_a-lseekr.o)
 .ARM.attributes
                0x00000b9e       0x2e c:/program files (x86)/atmel/studio/7.0/toolchain/arm/arm-gnu-toolchain/bin/../lib/gcc/arm-none-eabi/6.3.1/../../../../arm-none-eabi/lib/thumb/v7e-m\libc.a(lib_a-readr.o)
 .ARM.attributes
                0x00000bcc       0x2e c:/program files (x86)/atmel/studio/7.0/toolchain/arm/arm-gnu-toolchain/bin/../lib/gcc/arm-none-eabi/6.3.1/../../../../arm-none-eabi/lib/thumb/v7e-m\libc.a(lib_a-reent.o)
 .ARM.attributes
                0x00000bfa       0x1e c:/program files (x86)/atmel/studio/7.0/toolchain/arm/arm-gnu-toolchain/bin/../lib/gcc/arm-none-eabi/6.3.1/thumb/v7e-m\libgcc.a(_aeabi_uldivmod.o)
 .ARM.attributes
                0x00000c18       0x2e c:/program files (x86)/atmel/studio/7.0/toolchain/arm/arm-gnu-toolchain/bin/../lib/gcc/arm-none-eabi/6.3.1/thumb/v7e-m\libgcc.a(_udivmoddi4.o)
 .ARM.attributes
                0x00000c46       0x1e c:/program files (x86)/atmel/studio/7.0/toolchain/arm/arm-gnu-toolchain/bin/../lib/gcc/arm-none-eabi/6.3.1/thumb/v7e-m\libgcc.a(_dvmd_tls.o)
 .ARM.attributes
                0x00000c64       0x1e c:/program files (x86)/atmel/studio/7.0/toolchain/arm/arm-gnu-toolchain/bin/../lib/gcc/arm-none-eabi/6.3.1/thumb/v7e-m/crtn.o

.comment        0x00000000       0x59
 .comment       0x00000000       0x59 src/ASF/sam/drivers/tc/tc.o
                                 0x5a (size before relaxing)
 .comment       0x00000059       0x5a src/trismed/drivers/TMOUT.o
 .comment       0x00000059       0x5a src/ASF/common/services/delay/sam/cycle_counter.o
 .comment       0x00000059       0x5a src/ASF/common/utils/stdio/read.o
 .comment       0x00000059       0x5a src/ASF/sam/drivers/pio/pio_handler.o
 .comment       0x00000059       0x5a src/ASF/sam/drivers/usart/usart.o
 .comment       0x00000059       0x5a src/ASF/sam/drivers/wdt/wdt.o
 .comment       0x00000059       0x5a src/ASF/thirdparty/wireless/addons/sio2host/uart/sio2host.o
 .comment       0x00000059       0x5a src/ASF/common/utils/stdio/write.o
 .comment       0x00000059       0x5a src/ASF/common/services/serial/usart_serial.o
 .comment       0x00000059       0x5a src/ASF/common/services/clock/sam4s/sysclk.o
 .comment       0x00000059       0x5a src/ASF/sam/drivers/pio/pio.o
 .comment       0x00000059       0x5a src/ASF/sam/drivers/pmc/pmc.o
 .comment       0x00000059       0x5a src/ASF/sam/drivers/uart/uart.o
 .comment       0x00000059       0x5a src/ASF/common/boards/user_board/init.o
 .comment       0x00000059       0x5a src/ASF/common/utils/interrupt/interrupt_sam_nvic.o
 .comment       0x00000059       0x5a src/ASF/sam/utils/cmsis/sam4s/source/templates/gcc/startup_sam4s.o
 .comment       0x00000059       0x5a src/ASF/sam/utils/cmsis/sam4s/source/templates/system_sam4s.o
 .comment       0x00000059       0x5a src/ASF/sam/utils/syscalls/gcc/syscalls.o
 .comment       0x00000059       0x5a src/main.o

.debug_info     0x00000000    0x160c2
 .debug_info    0x00000000     0x123c src/ASF/sam/drivers/tc/tc.o
 .debug_info    0x0000123c     0x1783 src/trismed/drivers/TMOUT.o
 .debug_info    0x000029bf      0xa45 src/ASF/common/services/delay/sam/cycle_counter.o
 .debug_info    0x00003404      0xac9 src/ASF/common/utils/stdio/read.o
 .debug_info    0x00003ecd     0x18cf src/ASF/sam/drivers/pio/pio_handler.o
 .debug_info    0x0000579c     0x2039 src/ASF/sam/drivers/usart/usart.o
 .debug_info    0x000077d5      0xbe5 src/ASF/sam/drivers/wdt/wdt.o
 .debug_info    0x000083ba     0x1925 src/ASF/thirdparty/wireless/addons/sio2host/uart/sio2host.o
 .debug_info    0x00009cdf      0xac6 src/ASF/common/utils/stdio/write.o
 .debug_info    0x0000a7a5     0x10c3 src/ASF/common/services/serial/usart_serial.o
 .debug_info    0x0000b868     0x129e src/ASF/common/services/clock/sam4s/sysclk.o
 .debug_info    0x0000cb06     0x221d src/ASF/sam/drivers/pio/pio.o
 .debug_info    0x0000ed23     0x19bc src/ASF/sam/drivers/pmc/pmc.o
 .debug_info    0x000106df     0x1176 src/ASF/sam/drivers/uart/uart.o
 .debug_info    0x00011855     0x1033 src/ASF/common/boards/user_board/init.o
 .debug_info    0x00012888      0xaff src/ASF/common/utils/interrupt/interrupt_sam_nvic.o
 .debug_info    0x00013387      0x6d2 src/ASF/sam/utils/cmsis/sam4s/source/templates/gcc/startup_sam4s.o
 .debug_info    0x00013a59      0x458 src/ASF/sam/utils/cmsis/sam4s/source/templates/system_sam4s.o
 .debug_info    0x00013eb1      0xdb0 src/ASF/sam/utils/syscalls/gcc/syscalls.o
 .debug_info    0x00014c61     0x1461 src/main.o

.debug_abbrev   0x00000000     0x3571
 .debug_abbrev  0x00000000      0x293 src/ASF/sam/drivers/tc/tc.o
 .debug_abbrev  0x00000293      0x3b6 src/trismed/drivers/TMOUT.o
 .debug_abbrev  0x00000649      0x1b3 src/ASF/common/services/delay/sam/cycle_counter.o
 .debug_abbrev  0x000007fc      0x1fe src/ASF/common/utils/stdio/read.o
 .debug_abbrev  0x000009fa      0x37f src/ASF/sam/drivers/pio/pio_handler.o
 .debug_abbrev  0x00000d79      0x406 src/ASF/sam/drivers/usart/usart.o
 .debug_abbrev  0x0000117f      0x230 src/ASF/sam/drivers/wdt/wdt.o
 .debug_abbrev  0x000013af      0x418 src/ASF/thirdparty/wireless/addons/sio2host/uart/sio2host.o
 .debug_abbrev  0x000017c7      0x1e9 src/ASF/common/utils/stdio/write.o
 .debug_abbrev  0x000019b0      0x2b1 src/ASF/common/services/serial/usart_serial.o
 .debug_abbrev  0x00001c61      0x32f src/ASF/common/services/clock/sam4s/sysclk.o
 .debug_abbrev  0x00001f90      0x3ff src/ASF/sam/drivers/pio/pio.o
 .debug_abbrev  0x0000238f      0x315 src/ASF/sam/drivers/pmc/pmc.o
 .debug_abbrev  0x000026a4      0x288 src/ASF/sam/drivers/uart/uart.o
 .debug_abbrev  0x0000292c      0x211 src/ASF/common/boards/user_board/init.o
 .debug_abbrev  0x00002b3d      0x221 src/ASF/common/utils/interrupt/interrupt_sam_nvic.o
 .debug_abbrev  0x00002d5e      0x15e src/ASF/sam/utils/cmsis/sam4s/source/templates/gcc/startup_sam4s.o
 .debug_abbrev  0x00002ebc      0x102 src/ASF/sam/utils/cmsis/sam4s/source/templates/system_sam4s.o
 .debug_abbrev  0x00002fbe      0x264 src/ASF/sam/utils/syscalls/gcc/syscalls.o
 .debug_abbrev  0x00003222      0x34f src/main.o

.debug_loc      0x00000000     0x4b32
 .debug_loc     0x00000000      0x5a4 src/ASF/sam/drivers/tc/tc.o
 .debug_loc     0x000005a4      0x484 src/trismed/drivers/TMOUT.o
 .debug_loc     0x00000a28       0xb3 src/ASF/common/utils/stdio/read.o
 .debug_loc     0x00000adb      0x531 src/ASF/sam/drivers/pio/pio_handler.o
 .debug_loc     0x0000100c      0xe59 src/ASF/sam/drivers/usart/usart.o
 .debug_loc     0x00001e65      0x145 src/ASF/sam/drivers/wdt/wdt.o
 .debug_loc     0x00001faa      0x568 src/ASF/thirdparty/wireless/addons/sio2host/uart/sio2host.o
 .debug_loc     0x00002512      0x12b src/ASF/common/utils/stdio/write.o
 .debug_loc     0x0000263d      0x2a7 src/ASF/common/services/serial/usart_serial.o
 .debug_loc     0x000028e4      0x1d9 src/ASF/common/services/clock/sam4s/sysclk.o
 .debug_loc     0x00002abd      0xdef src/ASF/sam/drivers/pio/pio.o
 .debug_loc     0x000038ac      0xb91 src/ASF/sam/drivers/pmc/pmc.o
 .debug_loc     0x0000443d      0x241 src/ASF/sam/drivers/uart/uart.o
 .debug_loc     0x0000467e       0x20 src/ASF/common/boards/user_board/init.o
 .debug_loc     0x0000469e       0xa1 src/ASF/sam/utils/cmsis/sam4s/source/templates/gcc/startup_sam4s.o
 .debug_loc     0x0000473f       0xfd src/ASF/sam/utils/syscalls/gcc/syscalls.o
 .debug_loc     0x0000483c      0x2f6 src/main.o

.debug_aranges  0x00000000      0xae8
 .debug_aranges
                0x00000000       0xd0 src/ASF/sam/drivers/tc/tc.o
 .debug_aranges
                0x000000d0       0x68 src/trismed/drivers/TMOUT.o
 .debug_aranges
                0x00000138       0x20 src/ASF/common/services/delay/sam/cycle_counter.o
 .debug_aranges
                0x00000158       0x20 src/ASF/common/utils/stdio/read.o
 .debug_aranges
                0x00000178       0x50 src/ASF/sam/drivers/pio/pio_handler.o
 .debug_aranges
                0x000001c8      0x210 src/ASF/sam/drivers/usart/usart.o
 .debug_aranges
                0x000003d8       0x48 src/ASF/sam/drivers/wdt/wdt.o
 .debug_aranges
                0x00000420       0x78 src/ASF/thirdparty/wireless/addons/sio2host/uart/sio2host.o
 .debug_aranges
                0x00000498       0x20 src/ASF/common/utils/stdio/write.o
 .debug_aranges
                0x000004b8       0x28 src/ASF/common/services/serial/usart_serial.o
 .debug_aranges
                0x000004e0       0x40 src/ASF/common/services/clock/sam4s/sysclk.o
 .debug_aranges
                0x00000520      0x1a8 src/ASF/sam/drivers/pio/pio.o
 .debug_aranges
                0x000006c8      0x208 src/ASF/sam/drivers/pmc/pmc.o
 .debug_aranges
                0x000008d0       0xe8 src/ASF/sam/drivers/uart/uart.o
 .debug_aranges
                0x000009b8       0x20 src/ASF/common/boards/user_board/init.o
 .debug_aranges
                0x000009d8       0x28 src/ASF/common/utils/interrupt/interrupt_sam_nvic.o
 .debug_aranges
                0x00000a00       0x28 src/ASF/sam/utils/cmsis/sam4s/source/templates/gcc/startup_sam4s.o
 .debug_aranges
                0x00000a28       0x30 src/ASF/sam/utils/cmsis/sam4s/source/templates/system_sam4s.o
 .debug_aranges
                0x00000a58       0x60 src/ASF/sam/utils/syscalls/gcc/syscalls.o
 .debug_aranges
                0x00000ab8       0x30 src/main.o

.debug_ranges   0x00000000      0xa20
 .debug_ranges  0x00000000       0xc0 src/ASF/sam/drivers/tc/tc.o
 .debug_ranges  0x000000c0       0x70 src/trismed/drivers/TMOUT.o
 .debug_ranges  0x00000130       0x10 src/ASF/common/services/delay/sam/cycle_counter.o
 .debug_ranges  0x00000140       0x10 src/ASF/common/utils/stdio/read.o
 .debug_ranges  0x00000150       0x58 src/ASF/sam/drivers/pio/pio_handler.o
 .debug_ranges  0x000001a8      0x200 src/ASF/sam/drivers/usart/usart.o
 .debug_ranges  0x000003a8       0x38 src/ASF/sam/drivers/wdt/wdt.o
 .debug_ranges  0x000003e0       0x68 src/ASF/thirdparty/wireless/addons/sio2host/uart/sio2host.o
 .debug_ranges  0x00000448       0x10 src/ASF/common/utils/stdio/write.o
 .debug_ranges  0x00000458       0x48 src/ASF/common/services/serial/usart_serial.o
 .debug_ranges  0x000004a0       0x30 src/ASF/common/services/clock/sam4s/sysclk.o
 .debug_ranges  0x000004d0      0x1b0 src/ASF/sam/drivers/pio/pio.o
 .debug_ranges  0x00000680      0x1f8 src/ASF/sam/drivers/pmc/pmc.o
 .debug_ranges  0x00000878       0xd8 src/ASF/sam/drivers/uart/uart.o
 .debug_ranges  0x00000950       0x10 src/ASF/common/boards/user_board/init.o
 .debug_ranges  0x00000960       0x18 src/ASF/common/utils/interrupt/interrupt_sam_nvic.o
 .debug_ranges  0x00000978       0x18 src/ASF/sam/utils/cmsis/sam4s/source/templates/gcc/startup_sam4s.o
 .debug_ranges  0x00000990       0x20 src/ASF/sam/utils/cmsis/sam4s/source/templates/system_sam4s.o
 .debug_ranges  0x000009b0       0x50 src/ASF/sam/utils/syscalls/gcc/syscalls.o
 .debug_ranges  0x00000a00       0x20 src/main.o

.debug_macro    0x00000000    0x1587f
 .debug_macro   0x00000000      0x508 src/ASF/sam/drivers/tc/tc.o
 .debug_macro   0x00000508      0x8c8 src/ASF/sam/drivers/tc/tc.o
 .debug_macro   0x00000dd0       0x22 src/ASF/sam/drivers/tc/tc.o
 .debug_macro   0x00000df2       0x52 src/ASF/sam/drivers/tc/tc.o
 .debug_macro   0x00000e44       0x8d src/ASF/sam/drivers/tc/tc.o
 .debug_macro   0x00000ed1       0x35 src/ASF/sam/drivers/tc/tc.o
 .debug_macro   0x00000f06       0x9c src/ASF/sam/drivers/tc/tc.o
 .debug_macro   0x00000fa2       0x16 src/ASF/sam/drivers/tc/tc.o
 .debug_macro   0x00000fb8      0x16d src/ASF/sam/drivers/tc/tc.o
 .debug_macro   0x00001125      0x71d src/ASF/sam/drivers/tc/tc.o
 .debug_macro   0x00001842       0x76 src/ASF/sam/drivers/tc/tc.o
 .debug_macro   0x000018b8       0x16 src/ASF/sam/drivers/tc/tc.o
 .debug_macro   0x000018ce      0x6da src/ASF/sam/drivers/tc/tc.o
 .debug_macro   0x00001fa8       0x57 src/ASF/sam/drivers/tc/tc.o
 .debug_macro   0x00001fff       0xef src/ASF/sam/drivers/tc/tc.o
 .debug_macro   0x000020ee       0x6a src/ASF/sam/drivers/tc/tc.o
 .debug_macro   0x00002158      0x1df src/ASF/sam/drivers/tc/tc.o
 .debug_macro   0x00002337       0x27 src/ASF/sam/drivers/tc/tc.o
 .debug_macro   0x0000235e       0x1c src/ASF/sam/drivers/tc/tc.o
 .debug_macro   0x0000237a       0x22 src/ASF/sam/drivers/tc/tc.o
 .debug_macro   0x0000239c       0xdf src/ASF/sam/drivers/tc/tc.o
 .debug_macro   0x0000247b     0x102d src/ASF/sam/drivers/tc/tc.o
 .debug_macro   0x000034a8      0x11f src/ASF/sam/drivers/tc/tc.o
 .debug_macro   0x000035c7      0x16c src/ASF/sam/drivers/tc/tc.o
 .debug_macro   0x00003733      0xc6e src/ASF/sam/drivers/tc/tc.o
 .debug_macro   0x000043a1      0x1a8 src/ASF/sam/drivers/tc/tc.o
 .debug_macro   0x00004549       0xb2 src/ASF/sam/drivers/tc/tc.o
 .debug_macro   0x000045fb      0x40e src/ASF/sam/drivers/tc/tc.o
 .debug_macro   0x00004a09      0x112 src/ASF/sam/drivers/tc/tc.o
 .debug_macro   0x00004b1b       0x1c src/ASF/sam/drivers/tc/tc.o
 .debug_macro   0x00004b37      0x785 src/ASF/sam/drivers/tc/tc.o
 .debug_macro   0x000052bc      0x311 src/ASF/sam/drivers/tc/tc.o
 .debug_macro   0x000055cd       0xbe src/ASF/sam/drivers/tc/tc.o
 .debug_macro   0x0000568b     0x2810 src/ASF/sam/drivers/tc/tc.o
 .debug_macro   0x00007e9b      0x7a1 src/ASF/sam/drivers/tc/tc.o
 .debug_macro   0x0000863c      0xb51 src/ASF/sam/drivers/tc/tc.o
 .debug_macro   0x0000918d       0xa6 src/ASF/sam/drivers/tc/tc.o
 .debug_macro   0x00009233      0x3fb src/ASF/sam/drivers/tc/tc.o
 .debug_macro   0x0000962e       0x64 src/ASF/sam/drivers/tc/tc.o
 .debug_macro   0x00009692      0x386 src/ASF/sam/drivers/tc/tc.o
 .debug_macro   0x00009a18      0x663 src/ASF/sam/drivers/tc/tc.o
 .debug_macro   0x0000a07b      0x6a4 src/ASF/sam/drivers/tc/tc.o
 .debug_macro   0x0000a71f      0x615 src/ASF/sam/drivers/tc/tc.o
 .debug_macro   0x0000ad34      0x346 src/ASF/sam/drivers/tc/tc.o
 .debug_macro   0x0000b07a      0x28c src/ASF/sam/drivers/tc/tc.o
 .debug_macro   0x0000b306      0x2cf src/ASF/sam/drivers/tc/tc.o
 .debug_macro   0x0000b5d5      0x6ec src/ASF/sam/drivers/tc/tc.o
 .debug_macro   0x0000bcc1       0x7c src/ASF/sam/drivers/tc/tc.o
 .debug_macro   0x0000bd3d       0xb8 src/ASF/sam/drivers/tc/tc.o
 .debug_macro   0x0000bdf5       0xb2 src/ASF/sam/drivers/tc/tc.o
 .debug_macro   0x0000bea7       0x88 src/ASF/sam/drivers/tc/tc.o
 .debug_macro   0x0000bf2f      0x100 src/ASF/sam/drivers/tc/tc.o
 .debug_macro   0x0000c02f       0x88 src/ASF/sam/drivers/tc/tc.o
 .debug_macro   0x0000c0b7       0x88 src/ASF/sam/drivers/tc/tc.o
 .debug_macro   0x0000c13f      0x2cd src/ASF/sam/drivers/tc/tc.o
 .debug_macro   0x0000c40c       0xac src/ASF/sam/drivers/tc/tc.o
 .debug_macro   0x0000c4b8       0xac src/ASF/sam/drivers/tc/tc.o
 .debug_macro   0x0000c564       0x52 src/ASF/sam/drivers/tc/tc.o
 .debug_macro   0x0000c5b6       0xac src/ASF/sam/drivers/tc/tc.o
 .debug_macro   0x0000c662       0x7c src/ASF/sam/drivers/tc/tc.o
 .debug_macro   0x0000c6de       0x40 src/ASF/sam/drivers/tc/tc.o
 .debug_macro   0x0000c71e       0x64 src/ASF/sam/drivers/tc/tc.o
 .debug_macro   0x0000c782       0x4c src/ASF/sam/drivers/tc/tc.o
 .debug_macro   0x0000c7ce       0xa6 src/ASF/sam/drivers/tc/tc.o
 .debug_macro   0x0000c874       0x7c src/ASF/sam/drivers/tc/tc.o
 .debug_macro   0x0000c8f0       0x16 src/ASF/sam/drivers/tc/tc.o
 .debug_macro   0x0000c906       0x7c src/ASF/sam/drivers/tc/tc.o
 .debug_macro   0x0000c982       0x22 src/ASF/sam/drivers/tc/tc.o
 .debug_macro   0x0000c9a4      0x186 src/ASF/sam/drivers/tc/tc.o
 .debug_macro   0x0000cb2a      0x156 src/ASF/sam/drivers/tc/tc.o
 .debug_macro   0x0000cc80       0x1c src/ASF/sam/drivers/tc/tc.o
 .debug_macro   0x0000cc9c       0x2e src/ASF/sam/drivers/tc/tc.o
 .debug_macro   0x0000ccca       0x22 src/ASF/sam/drivers/tc/tc.o
 .debug_macro   0x0000ccec       0x1c src/ASF/sam/drivers/tc/tc.o
 .debug_macro   0x0000cd08       0x52 src/ASF/sam/drivers/tc/tc.o
 .debug_macro   0x0000cd5a       0x10 src/ASF/sam/drivers/tc/tc.o
 .debug_macro   0x0000cd6a      0x1e7 src/ASF/sam/drivers/tc/tc.o
 .debug_macro   0x0000cf51      0x615 src/ASF/sam/drivers/tc/tc.o
 .debug_macro   0x0000d566      0x107 src/ASF/sam/drivers/tc/tc.o
 .debug_macro   0x0000d66d       0x1c src/ASF/sam/drivers/tc/tc.o
 .debug_macro   0x0000d689       0x35 src/ASF/sam/drivers/tc/tc.o
 .debug_macro   0x0000d6be      0x34d src/ASF/sam/drivers/tc/tc.o
 .debug_macro   0x0000da0b       0x10 src/ASF/sam/drivers/tc/tc.o
 .debug_macro   0x0000da1b       0x58 src/ASF/sam/drivers/tc/tc.o
 .debug_macro   0x0000da73       0x1f src/ASF/sam/drivers/tc/tc.o
 .debug_macro   0x0000da92       0x43 src/ASF/sam/drivers/tc/tc.o
 .debug_macro   0x0000dad5       0x20 src/ASF/sam/drivers/tc/tc.o
 .debug_macro   0x0000daf5      0x187 src/ASF/sam/drivers/tc/tc.o
 .debug_macro   0x0000dc7c       0x10 src/ASF/sam/drivers/tc/tc.o
 .debug_macro   0x0000dc8c       0x1c src/ASF/sam/drivers/tc/tc.o
 .debug_macro   0x0000dca8       0x52 src/ASF/sam/drivers/tc/tc.o
 .debug_macro   0x0000dcfa       0x40 src/ASF/sam/drivers/tc/tc.o
 .debug_macro   0x0000dd3a       0x10 src/ASF/sam/drivers/tc/tc.o
 .debug_macro   0x0000dd4a       0x40 src/ASF/sam/drivers/tc/tc.o
 .debug_macro   0x0000dd8a       0xd7 src/ASF/sam/drivers/tc/tc.o
 .debug_macro   0x0000de61       0x16 src/ASF/sam/drivers/tc/tc.o
 .debug_macro   0x0000de77      0x18b src/ASF/sam/drivers/tc/tc.o
 .debug_macro   0x0000e002       0x22 src/ASF/sam/drivers/tc/tc.o
 .debug_macro   0x0000e024       0x16 src/ASF/sam/drivers/tc/tc.o
 .debug_macro   0x0000e03a       0x16 src/ASF/sam/drivers/tc/tc.o
 .debug_macro   0x0000e050       0x29 src/ASF/sam/drivers/tc/tc.o
 .debug_macro   0x0000e079       0x73 src/ASF/sam/drivers/tc/tc.o
 .debug_macro   0x0000e0ec       0x3e src/ASF/sam/drivers/tc/tc.o
 .debug_macro   0x0000e12a      0x3ca src/ASF/sam/drivers/tc/tc.o
 .debug_macro   0x0000e4f4      0x676 src/trismed/drivers/TMOUT.o
 .debug_macro   0x0000eb6a       0x87 src/trismed/drivers/TMOUT.o
 .debug_macro   0x0000ebf1       0x51 src/trismed/drivers/TMOUT.o
 .debug_macro   0x0000ec42       0x58 src/trismed/drivers/TMOUT.o
 .debug_macro   0x0000ec9a       0x16 src/trismed/drivers/TMOUT.o
 .debug_macro   0x0000ecb0       0x76 src/trismed/drivers/TMOUT.o
 .debug_macro   0x0000ed26       0x10 src/trismed/drivers/TMOUT.o
 .debug_macro   0x0000ed36       0x46 src/trismed/drivers/TMOUT.o
 .debug_macro   0x0000ed7c      0x2df src/trismed/drivers/TMOUT.o
 .debug_macro   0x0000f05b       0x58 src/trismed/drivers/TMOUT.o
 .debug_macro   0x0000f0b3       0x82 src/trismed/drivers/TMOUT.o
 .debug_macro   0x0000f135       0x46 src/trismed/drivers/TMOUT.o
 .debug_macro   0x0000f17b       0x90 src/trismed/drivers/TMOUT.o
 .debug_macro   0x0000f20b       0x28 src/trismed/drivers/TMOUT.o
 .debug_macro   0x0000f233       0x22 src/trismed/drivers/TMOUT.o
 .debug_macro   0x0000f255       0x94 src/trismed/drivers/TMOUT.o
 .debug_macro   0x0000f2e9       0x40 src/trismed/drivers/TMOUT.o
 .debug_macro   0x0000f329       0x88 src/trismed/drivers/TMOUT.o
 .debug_macro   0x0000f3b1       0x34 src/trismed/drivers/TMOUT.o
 .debug_macro   0x0000f3e5       0x2e src/trismed/drivers/TMOUT.o
 .debug_macro   0x0000f413       0x10 src/trismed/drivers/TMOUT.o
 .debug_macro   0x0000f423       0x16 src/trismed/drivers/TMOUT.o
 .debug_macro   0x0000f439       0x1c src/trismed/drivers/TMOUT.o
 .debug_macro   0x0000f455       0x1c src/trismed/drivers/TMOUT.o
 .debug_macro   0x0000f471       0x10 src/trismed/drivers/TMOUT.o
 .debug_macro   0x0000f481       0x36 src/trismed/drivers/TMOUT.o
 .debug_macro   0x0000f4b7      0x502 src/ASF/common/services/delay/sam/cycle_counter.o
 .debug_macro   0x0000f9b9       0x22 src/ASF/common/services/delay/sam/cycle_counter.o
 .debug_macro   0x0000f9db      0x4f3 src/ASF/common/utils/stdio/read.o
 .debug_macro   0x0000fece      0x512 src/ASF/sam/drivers/pio/pio_handler.o
 .debug_macro   0x000103e0       0x8e src/ASF/sam/drivers/pio/pio_handler.o
 .debug_macro   0x0001046e      0x538 src/ASF/sam/drivers/usart/usart.o
 .debug_macro   0x000109a6       0x28 src/ASF/sam/drivers/usart/usart.o
 .debug_macro   0x000109ce      0x515 src/ASF/sam/drivers/wdt/wdt.o
 .debug_macro   0x00010ee3      0x66f src/ASF/thirdparty/wireless/addons/sio2host/uart/sio2host.o
 .debug_macro   0x00011552       0x40 src/ASF/thirdparty/wireless/addons/sio2host/uart/sio2host.o
 .debug_macro   0x00011592      0x4f3 src/ASF/common/utils/stdio/write.o
 .debug_macro   0x00011a85      0x5a5 src/ASF/common/services/serial/usart_serial.o
 .debug_macro   0x0001202a      0x572 src/ASF/common/services/clock/sam4s/sysclk.o
 .debug_macro   0x0001259c      0x2d9 src/ASF/common/services/clock/sam4s/sysclk.o
 .debug_macro   0x00012875      0x508 src/ASF/sam/drivers/pio/pio.o
 .debug_macro   0x00012d7d      0x508 src/ASF/sam/drivers/pmc/pmc.o
 .debug_macro   0x00013285       0x52 src/ASF/sam/drivers/pmc/pmc.o
 .debug_macro   0x000132d7      0x502 src/ASF/sam/drivers/uart/uart.o
 .debug_macro   0x000137d9       0x16 src/ASF/sam/drivers/uart/uart.o
 .debug_macro   0x000137ef      0x67e src/ASF/common/boards/user_board/init.o
 .debug_macro   0x00013e6d      0x4f3 src/ASF/common/utils/interrupt/interrupt_sam_nvic.o
 .debug_macro   0x00014360      0x2f4 src/ASF/sam/utils/cmsis/sam4s/source/templates/gcc/startup_sam4s.o
 .debug_macro   0x00014654      0x2fc src/ASF/sam/utils/cmsis/sam4s/source/templates/system_sam4s.o
 .debug_macro   0x00014950      0x1d6 src/ASF/sam/utils/syscalls/gcc/syscalls.o
 .debug_macro   0x00014b26       0x97 src/ASF/sam/utils/syscalls/gcc/syscalls.o
 .debug_macro   0x00014bbd      0x353 src/ASF/sam/utils/syscalls/gcc/syscalls.o
 .debug_macro   0x00014f10       0xf6 src/ASF/sam/utils/syscalls/gcc/syscalls.o
 .debug_macro   0x00015006       0x4c src/ASF/sam/utils/syscalls/gcc/syscalls.o
 .debug_macro   0x00015052       0x16 src/ASF/sam/utils/syscalls/gcc/syscalls.o
 .debug_macro   0x00015068       0x10 src/ASF/sam/utils/syscalls/gcc/syscalls.o
 .debug_macro   0x00015078       0x10 src/ASF/sam/utils/syscalls/gcc/syscalls.o
 .debug_macro   0x00015088       0x35 src/ASF/sam/utils/syscalls/gcc/syscalls.o
 .debug_macro   0x000150bd      0x122 src/ASF/sam/utils/syscalls/gcc/syscalls.o
 .debug_macro   0x000151df      0x664 src/main.o
 .debug_macro   0x00015843       0x3c src/main.o

.debug_line     0x00000000     0xd9ba
 .debug_line    0x00000000      0xab4 src/ASF/sam/drivers/tc/tc.o
 .debug_line    0x00000ab4      0xeaa src/trismed/drivers/TMOUT.o
 .debug_line    0x0000195e      0x91c src/ASF/common/services/delay/sam/cycle_counter.o
 .debug_line    0x0000227a      0x916 src/ASF/common/utils/stdio/read.o
 .debug_line    0x00002b90      0x9db src/ASF/sam/drivers/pio/pio_handler.o
 .debug_line    0x0000356b      0xe92 src/ASF/sam/drivers/usart/usart.o
 .debug_line    0x000043fd      0x968 src/ASF/sam/drivers/wdt/wdt.o
 .debug_line    0x00004d65      0xf59 src/ASF/thirdparty/wireless/addons/sio2host/uart/sio2host.o
 .debug_line    0x00005cbe      0x90e src/ASF/common/utils/stdio/write.o
 .debug_line    0x000065cc      0xb56 src/ASF/common/services/serial/usart_serial.o
 .debug_line    0x00007122      0xaa5 src/ASF/common/services/clock/sam4s/sysclk.o
 .debug_line    0x00007bc7      0xdc5 src/ASF/sam/drivers/pio/pio.o
 .debug_line    0x0000898c      0xeac src/ASF/sam/drivers/pmc/pmc.o
 .debug_line    0x00009838      0xac9 src/ASF/sam/drivers/uart/uart.o
 .debug_line    0x0000a301      0xd59 src/ASF/common/boards/user_board/init.o
 .debug_line    0x0000b05a      0x92b src/ASF/common/utils/interrupt/interrupt_sam_nvic.o
 .debug_line    0x0000b985      0x6e9 src/ASF/sam/utils/cmsis/sam4s/source/templates/gcc/startup_sam4s.o
 .debug_line    0x0000c06e      0x71a src/ASF/sam/utils/cmsis/sam4s/source/templates/system_sam4s.o
 .debug_line    0x0000c788      0x40b src/ASF/sam/utils/syscalls/gcc/syscalls.o
 .debug_line    0x0000cb93      0xe27 src/main.o

.debug_str      0x00000000    0x52f42
 .debug_str     0x00000000    0x4d13a src/ASF/sam/drivers/tc/tc.o
                              0x4d4ef (size before relaxing)
 .debug_str     0x0004d13a     0x2a54 src/trismed/drivers/TMOUT.o
                              0x4fd8e (size before relaxing)
 .debug_str     0x0004fb8e       0x35 src/ASF/common/services/delay/sam/cycle_counter.o
                              0x4d304 (size before relaxing)
 .debug_str     0x0004fbc3       0x2c src/ASF/common/utils/stdio/read.o
                              0x4d189 (size before relaxing)
 .debug_str     0x0004fbef      0x4aa src/ASF/sam/drivers/pio/pio_handler.o
                              0x4dcb7 (size before relaxing)
 .debug_str     0x00050099      0x93c src/ASF/sam/drivers/usart/usart.o
                              0x4db7e (size before relaxing)
 .debug_str     0x000509d5       0xfe src/ASF/sam/drivers/wdt/wdt.o
                              0x4d28b (size before relaxing)
 .debug_str     0x00050ad3      0x66f src/ASF/thirdparty/wireless/addons/sio2host/uart/sio2host.o
                              0x50005 (size before relaxing)
 .debug_str     0x00051142       0x26 src/ASF/common/utils/stdio/write.o
                              0x4d18a (size before relaxing)
 .debug_str     0x00051168       0x31 src/ASF/common/services/serial/usart_serial.o
                              0x4eb91 (size before relaxing)
 .debug_str     0x00051199      0x338 src/ASF/common/services/clock/sam4s/sysclk.o
                              0x4ea81 (size before relaxing)
 .debug_str     0x000514d1      0x4af src/ASF/sam/drivers/pio/pio.o
                              0x4dda4 (size before relaxing)
 .debug_str     0x00051980      0x5d9 src/ASF/sam/drivers/pmc/pmc.o
                              0x4dbf0 (size before relaxing)
 .debug_str     0x00051f59      0x1e3 src/ASF/sam/drivers/uart/uart.o
                              0x4d543 (size before relaxing)
 .debug_str     0x0005213c      0x11a src/ASF/common/boards/user_board/init.o
                              0x4f8f4 (size before relaxing)
 .debug_str     0x00052256       0x45 src/ASF/common/utils/interrupt/interrupt_sam_nvic.o
                              0x4d1e0 (size before relaxing)
 .debug_str     0x0005229b      0x428 src/ASF/sam/utils/cmsis/sam4s/source/templates/gcc/startup_sam4s.o
                              0x3cda6 (size before relaxing)
 .debug_str     0x000526c3       0xb9 src/ASF/sam/utils/cmsis/sam4s/source/templates/system_sam4s.o
                              0x3cb4b (size before relaxing)
 .debug_str     0x0005277c      0x787 src/ASF/sam/utils/syscalls/gcc/syscalls.o
                               0x7415 (size before relaxing)
 .debug_str     0x00052f03       0x3f src/main.o
                              0x4fbd1 (size before relaxing)

.debug_frame    0x00000000     0x2404
 .debug_frame   0x00000000      0x1a8 src/ASF/sam/drivers/tc/tc.o
 .debug_frame   0x000001a8      0x120 src/trismed/drivers/TMOUT.o
 .debug_frame   0x000002c8       0x20 src/ASF/common/services/delay/sam/cycle_counter.o
 .debug_frame   0x000002e8       0x30 src/ASF/common/utils/stdio/read.o
 .debug_frame   0x00000318       0xdc src/ASF/sam/drivers/pio/pio_handler.o
 .debug_frame   0x000003f4      0x48c src/ASF/sam/drivers/usart/usart.o
 .debug_frame   0x00000880       0x7c src/ASF/sam/drivers/wdt/wdt.o
 .debug_frame   0x000008fc      0x164 src/ASF/thirdparty/wireless/addons/sio2host/uart/sio2host.o
 .debug_frame   0x00000a60       0x48 src/ASF/common/utils/stdio/write.o
 .debug_frame   0x00000aa8       0x7c src/ASF/common/services/serial/usart_serial.o
 .debug_frame   0x00000b24       0x88 src/ASF/common/services/clock/sam4s/sysclk.o
 .debug_frame   0x00000bac      0x384 src/ASF/sam/drivers/pio/pio.o
 .debug_frame   0x00000f30      0x408 src/ASF/sam/drivers/pmc/pmc.o
 .debug_frame   0x00001338      0x1bc src/ASF/sam/drivers/uart/uart.o
 .debug_frame   0x000014f4       0x28 src/ASF/common/boards/user_board/init.o
 .debug_frame   0x0000151c       0x30 src/ASF/common/utils/interrupt/interrupt_sam_nvic.o
 .debug_frame   0x0000154c       0x38 src/ASF/sam/utils/cmsis/sam4s/source/templates/gcc/startup_sam4s.o
 .debug_frame   0x00001584       0x40 src/ASF/sam/utils/cmsis/sam4s/source/templates/system_sam4s.o
 .debug_frame   0x000015c4       0xa0 src/ASF/sam/utils/syscalls/gcc/syscalls.o
 .debug_frame   0x00001664       0x6c src/main.o
 .debug_frame   0x000016d0       0x2c c:/program files (x86)/atmel/studio/7.0/toolchain/arm/arm-gnu-toolchain/bin/../lib/gcc/arm-none-eabi/6.3.1/../../../../arm-none-eabi/lib/thumb/v7e-m\libc.a(lib_a-init.o)
 .debug_frame   0x000016fc       0x74 c:/program files (x86)/atmel/studio/7.0/toolchain/arm/arm-gnu-toolchain/bin/../lib/gcc/arm-none-eabi/6.3.1/../../../../arm-none-eabi/lib/thumb/v7e-m\libc.a(lib_a-iprintf.o)
 .debug_frame   0x00001770       0x34 c:/program files (x86)/atmel/studio/7.0/toolchain/arm/arm-gnu-toolchain/bin/../lib/gcc/arm-none-eabi/6.3.1/../../../../arm-none-eabi/lib/thumb/v7e-m\libc.a(lib_a-memset.o)
 .debug_frame   0x000017a4       0x20 c:/program files (x86)/atmel/studio/7.0/toolchain/arm/arm-gnu-toolchain/bin/../lib/gcc/arm-none-eabi/6.3.1/../../../../arm-none-eabi/lib/thumb/v7e-m\libc.a(lib_a-setbuf.o)
 .debug_frame   0x000017c4       0x48 c:/program files (x86)/atmel/studio/7.0/toolchain/arm/arm-gnu-toolchain/bin/../lib/gcc/arm-none-eabi/6.3.1/../../../../arm-none-eabi/lib/thumb/v7e-m\libc.a(lib_a-setvbuf.o)
 .debug_frame   0x0000180c       0xd8 c:/program files (x86)/atmel/studio/7.0/toolchain/arm/arm-gnu-toolchain/bin/../lib/gcc/arm-none-eabi/6.3.1/../../../../arm-none-eabi/lib/thumb/v7e-m\libc.a(lib_a-vfiprintf.o)
 .debug_frame   0x000018e4       0x2c c:/program files (x86)/atmel/studio/7.0/toolchain/arm/arm-gnu-toolchain/bin/../lib/gcc/arm-none-eabi/6.3.1/../../../../arm-none-eabi/lib/thumb/v7e-m\libc.a(lib_a-wsetup.o)
 .debug_frame   0x00001910       0x5c c:/program files (x86)/atmel/studio/7.0/toolchain/arm/arm-gnu-toolchain/bin/../lib/gcc/arm-none-eabi/6.3.1/../../../../arm-none-eabi/lib/thumb/v7e-m\libc.a(lib_a-__call_atexit.o)
 .debug_frame   0x0000196c       0x20 c:/program files (x86)/atmel/studio/7.0/toolchain/arm/arm-gnu-toolchain/bin/../lib/gcc/arm-none-eabi/6.3.1/../../../../arm-none-eabi/lib/thumb/v7e-m\libc.a(lib_a-atexit.o)
 .debug_frame   0x0000198c       0x5c c:/program files (x86)/atmel/studio/7.0/toolchain/arm/arm-gnu-toolchain/bin/../lib/gcc/arm-none-eabi/6.3.1/../../../../arm-none-eabi/lib/thumb/v7e-m\libc.a(lib_a-fflush.o)
 .debug_frame   0x000019e8      0x148 c:/program files (x86)/atmel/studio/7.0/toolchain/arm/arm-gnu-toolchain/bin/../lib/gcc/arm-none-eabi/6.3.1/../../../../arm-none-eabi/lib/thumb/v7e-m\libc.a(lib_a-findfp.o)
 .debug_frame   0x00001b30       0x34 c:/program files (x86)/atmel/studio/7.0/toolchain/arm/arm-gnu-toolchain/bin/../lib/gcc/arm-none-eabi/6.3.1/../../../../arm-none-eabi/lib/thumb/v7e-m\libc.a(lib_a-fini.o)
 .debug_frame   0x00001b64       0x94 c:/program files (x86)/atmel/studio/7.0/toolchain/arm/arm-gnu-toolchain/bin/../lib/gcc/arm-none-eabi/6.3.1/../../../../arm-none-eabi/lib/thumb/v7e-m\libc.a(lib_a-fputwc.o)
 .debug_frame   0x00001bf8       0x74 c:/program files (x86)/atmel/studio/7.0/toolchain/arm/arm-gnu-toolchain/bin/../lib/gcc/arm-none-eabi/6.3.1/../../../../arm-none-eabi/lib/thumb/v7e-m\libc.a(lib_a-freer.o)
 .debug_frame   0x00001c6c       0x68 c:/program files (x86)/atmel/studio/7.0/toolchain/arm/arm-gnu-toolchain/bin/../lib/gcc/arm-none-eabi/6.3.1/../../../../arm-none-eabi/lib/thumb/v7e-m\libc.a(lib_a-fvwrite.o)
 .debug_frame   0x00001cd4       0x54 c:/program files (x86)/atmel/studio/7.0/toolchain/arm/arm-gnu-toolchain/bin/../lib/gcc/arm-none-eabi/6.3.1/../../../../arm-none-eabi/lib/thumb/v7e-m\libc.a(lib_a-fwalk.o)
 .debug_frame   0x00001d28       0x6c c:/program files (x86)/atmel/studio/7.0/toolchain/arm/arm-gnu-toolchain/bin/../lib/gcc/arm-none-eabi/6.3.1/../../../../arm-none-eabi/lib/thumb/v7e-m\libc.a(lib_a-locale.o)
 .debug_frame   0x00001d94       0xb0 c:/program files (x86)/atmel/studio/7.0/toolchain/arm/arm-gnu-toolchain/bin/../lib/gcc/arm-none-eabi/6.3.1/../../../../arm-none-eabi/lib/thumb/v7e-m\libc.a(lib_a-lock.o)
 .debug_frame   0x00001e44       0x68 c:/program files (x86)/atmel/studio/7.0/toolchain/arm/arm-gnu-toolchain/bin/../lib/gcc/arm-none-eabi/6.3.1/../../../../arm-none-eabi/lib/thumb/v7e-m\libc.a(lib_a-makebuf.o)
 .debug_frame   0x00001eac       0x30 c:/program files (x86)/atmel/studio/7.0/toolchain/arm/arm-gnu-toolchain/bin/../lib/gcc/arm-none-eabi/6.3.1/../../../../arm-none-eabi/lib/thumb/v7e-m\libc.a(lib_a-malloc.o)
 .debug_frame   0x00001edc       0x58 c:/program files (x86)/atmel/studio/7.0/toolchain/arm/arm-gnu-toolchain/bin/../lib/gcc/arm-none-eabi/6.3.1/../../../../arm-none-eabi/lib/thumb/v7e-m\libc.a(lib_a-mallocr.o)
 .debug_frame   0x00001f34       0x4c c:/program files (x86)/atmel/studio/7.0/toolchain/arm/arm-gnu-toolchain/bin/../lib/gcc/arm-none-eabi/6.3.1/../../../../arm-none-eabi/lib/thumb/v7e-m\libc.a(lib_a-mbtowc_r.o)
 .debug_frame   0x00001f80       0x30 c:/program files (x86)/atmel/studio/7.0/toolchain/arm/arm-gnu-toolchain/bin/../lib/gcc/arm-none-eabi/6.3.1/../../../../arm-none-eabi/lib/thumb/v7e-m\libc.a(lib_a-memmove.o)
 .debug_frame   0x00001fb0       0x30 c:/program files (x86)/atmel/studio/7.0/toolchain/arm/arm-gnu-toolchain/bin/../lib/gcc/arm-none-eabi/6.3.1/../../../../arm-none-eabi/lib/thumb/v7e-m\libc.a(lib_a-mlock.o)
 .debug_frame   0x00001fe0       0x68 c:/program files (x86)/atmel/studio/7.0/toolchain/arm/arm-gnu-toolchain/bin/../lib/gcc/arm-none-eabi/6.3.1/../../../../arm-none-eabi/lib/thumb/v7e-m\libc.a(lib_a-reallocr.o)
 .debug_frame   0x00002048       0x2c c:/program files (x86)/atmel/studio/7.0/toolchain/arm/arm-gnu-toolchain/bin/../lib/gcc/arm-none-eabi/6.3.1/../../../../arm-none-eabi/lib/thumb/v7e-m\libc.a(lib_a-sbrkr.o)
 .debug_frame   0x00002074       0x88 c:/program files (x86)/atmel/studio/7.0/toolchain/arm/arm-gnu-toolchain/bin/../lib/gcc/arm-none-eabi/6.3.1/../../../../arm-none-eabi/lib/thumb/v7e-m\libc.a(lib_a-stdio.o)
 .debug_frame   0x000020fc       0x40 c:/program files (x86)/atmel/studio/7.0/toolchain/arm/arm-gnu-toolchain/bin/../lib/gcc/arm-none-eabi/6.3.1/../../../../arm-none-eabi/lib/thumb/v7e-m\libc.a(lib_a-wbuf.o)
 .debug_frame   0x0000213c       0x5c c:/program files (x86)/atmel/studio/7.0/toolchain/arm/arm-gnu-toolchain/bin/../lib/gcc/arm-none-eabi/6.3.1/../../../../arm-none-eabi/lib/thumb/v7e-m\libc.a(lib_a-wcrtomb.o)
 .debug_frame   0x00002198       0x3c c:/program files (x86)/atmel/studio/7.0/toolchain/arm/arm-gnu-toolchain/bin/../lib/gcc/arm-none-eabi/6.3.1/../../../../arm-none-eabi/lib/thumb/v7e-m\libc.a(lib_a-wctomb_r.o)
 .debug_frame   0x000021d4       0x2c c:/program files (x86)/atmel/studio/7.0/toolchain/arm/arm-gnu-toolchain/bin/../lib/gcc/arm-none-eabi/6.3.1/../../../../arm-none-eabi/lib/thumb/v7e-m\libc.a(lib_a-writer.o)
 .debug_frame   0x00002200       0x34 c:/program files (x86)/atmel/studio/7.0/toolchain/arm/arm-gnu-toolchain/bin/../lib/gcc/arm-none-eabi/6.3.1/../../../../arm-none-eabi/lib/thumb/v7e-m\libc.a(lib_a-__atexit.o)
 .debug_frame   0x00002234       0x2c c:/program files (x86)/atmel/studio/7.0/toolchain/arm/arm-gnu-toolchain/bin/../lib/gcc/arm-none-eabi/6.3.1/../../../../arm-none-eabi/lib/thumb/v7e-m\libc.a(lib_a-closer.o)
 .debug_frame   0x00002260       0x3c c:/program files (x86)/atmel/studio/7.0/toolchain/arm/arm-gnu-toolchain/bin/../lib/gcc/arm-none-eabi/6.3.1/../../../../arm-none-eabi/lib/thumb/v7e-m\libc.a(lib_a-fclose.o)
 .debug_frame   0x0000229c       0x2c c:/program files (x86)/atmel/studio/7.0/toolchain/arm/arm-gnu-toolchain/bin/../lib/gcc/arm-none-eabi/6.3.1/../../../../arm-none-eabi/lib/thumb/v7e-m\libc.a(lib_a-fstatr.o)
 .debug_frame   0x000022c8       0x2c c:/program files (x86)/atmel/studio/7.0/toolchain/arm/arm-gnu-toolchain/bin/../lib/gcc/arm-none-eabi/6.3.1/../../../../arm-none-eabi/lib/thumb/v7e-m\libc.a(lib_a-isattyr.o)
 .debug_frame   0x000022f4       0x2c c:/program files (x86)/atmel/studio/7.0/toolchain/arm/arm-gnu-toolchain/bin/../lib/gcc/arm-none-eabi/6.3.1/../../../../arm-none-eabi/lib/thumb/v7e-m\libc.a(lib_a-lseekr.o)
 .debug_frame   0x00002320       0x2c c:/program files (x86)/atmel/studio/7.0/toolchain/arm/arm-gnu-toolchain/bin/../lib/gcc/arm-none-eabi/6.3.1/../../../../arm-none-eabi/lib/thumb/v7e-m\libc.a(lib_a-readr.o)
 .debug_frame   0x0000234c       0x58 c:/program files (x86)/atmel/studio/7.0/toolchain/arm/arm-gnu-toolchain/bin/../lib/gcc/arm-none-eabi/6.3.1/../../../../arm-none-eabi/lib/thumb/v7e-m\libc.a(lib_a-reent.o)
 .debug_frame   0x000023a4       0x2c c:/program files (x86)/atmel/studio/7.0/toolchain/arm/arm-gnu-toolchain/bin/../lib/gcc/arm-none-eabi/6.3.1/thumb/v7e-m\libgcc.a(_aeabi_uldivmod.o)
 .debug_frame   0x000023d0       0x34 c:/program files (x86)/atmel/studio/7.0/toolchain/arm/arm-gnu-toolchain/bin/../lib/gcc/arm-none-eabi/6.3.1/thumb/v7e-m\libgcc.a(_udivmoddi4.o)

Cross Reference Table

Symbol                                            File
ACC_Handler                                       src/ASF/sam/utils/cmsis/sam4s/source/templates/gcc/startup_sam4s.o
ADC_Handler                                       src/ASF/sam/utils/cmsis/sam4s/source/templates/gcc/startup_sam4s.o
BusFault_Handler                                  src/ASF/sam/utils/cmsis/sam4s/source/templates/gcc/startup_sam4s.o
CRCCU_Handler                                     src/ASF/sam/utils/cmsis/sam4s/source/templates/gcc/startup_sam4s.o
DACC_Handler                                      src/ASF/sam/utils/cmsis/sam4s/source/templates/gcc/startup_sam4s.o
DebugMon_Handler                                  src/ASF/sam/utils/cmsis/sam4s/source/templates/gcc/startup_sam4s.o
Dummy_Handler                                     src/ASF/sam/utils/cmsis/sam4s/source/templates/gcc/startup_sam4s.o
EFC0_Handler                                      src/ASF/sam/utils/cmsis/sam4s/source/templates/gcc/startup_sam4s.o
HSMCI_Handler                                     src/ASF/sam/utils/cmsis/sam4s/source/templates/gcc/startup_sam4s.o
HardFault_Handler                                 src/ASF/sam/utils/cmsis/sam4s/source/templates/gcc/startup_sam4s.o
MemManage_Handler                                 src/ASF/sam/utils/cmsis/sam4s/source/templates/gcc/startup_sam4s.o
NMI_Handler                                       src/ASF/sam/utils/cmsis/sam4s/source/templates/gcc/startup_sam4s.o
PIOA_Handler                                      src/ASF/sam/drivers/pio/pio_handler.o
PIOB_Handler                                      src/ASF/sam/drivers/pio/pio_handler.o
PMC_Handler                                       src/ASF/sam/utils/cmsis/sam4s/source/templates/gcc/startup_sam4s.o
PWM_Handler                                       src/ASF/sam/utils/cmsis/sam4s/source/templates/gcc/startup_sam4s.o