Archive member included because of file (symbol)

/usr/local/avr/bin/../lib/gcc/avr/4.6.2/avr6/libgcc.a(_mulsi3.o)
                              uart.o (__mulsi3)
/usr/local/avr/bin/../lib/gcc/avr/4.6.2/avr6/libgcc.a(_udivmodhi4.o)
                              main.o (__udivmodhi4)
/usr/local/avr/bin/../lib/gcc/avr/4.6.2/avr6/libgcc.a(_divmodhi4.o)
                              main.o (__divmodhi4)
/usr/local/avr/bin/../lib/gcc/avr/4.6.2/avr6/libgcc.a(_udivmodsi4.o)
                              uart.o (__udivmodsi4)
/usr/local/avr/bin/../lib/gcc/avr/4.6.2/avr6/libgcc.a(_exit.o)
                              /usr/local/avr/bin/../lib/gcc/avr/4.6.2/../../../../avr/lib/avr6/crtm2560.o (exit)
/usr/local/avr/bin/../lib/gcc/avr/4.6.2/avr6/libgcc.a(_copy_data.o)
                              main.o (__do_copy_data)
/usr/local/avr/bin/../lib/gcc/avr/4.6.2/avr6/libgcc.a(_clear_bss.o)
                              main.o (__do_clear_bss)

Allocating common symbols
Common symbol       size              file

rx_buffer_head      0x1               uart.o
rx_buffer_tail      0x1               uart.o
tx_complete         0x1               uart.o
rx_buffer           0x3c              uart.o

Memory Configuration

Name             Origin             Length             Attributes
text             0x00000000         0x00100000         xr
data             0x00800200         0x0000fe00         rw !x
eeprom           0x00810000         0x00010000         rw !x
fuse             0x00820000         0x00000400         rw !x
lock             0x00830000         0x00000400         rw !x
signature        0x00840000         0x00000400         rw !x
*default*        0x00000000         0xffffffff

Linker script and memory map

Address of section .data set to 0x800200
LOAD /usr/local/avr/bin/../lib/gcc/avr/4.6.2/../../../../avr/lib/avr6/crtm2560.o
LOAD /usr/local/avr/bin/../lib/gcc/avr/4.6.2/../../../../avr/lib/avr6/libm.a
LOAD main.o
LOAD uart.o
LOAD /usr/local/avr/bin/../lib/gcc/avr/4.6.2/avr6/libgcc.a
LOAD /usr/local/avr/bin/../lib/gcc/avr/4.6.2/../../../../avr/lib/avr6/libc.a
LOAD /usr/local/avr/bin/../lib/gcc/avr/4.6.2/avr6/libgcc.a

.hash
 *(.hash)

.dynsym
 *(.dynsym)

.dynstr
 *(.dynstr)

.gnu.version
 *(.gnu.version)

.gnu.version_d
 *(.gnu.version_d)

.gnu.version_r
 *(.gnu.version_r)

.rel.init
 *(.rel.init)

.rela.init
 *(.rela.init)

.rel.text
 *(.rel.text)
 *(.rel.text.*)
 *(.rel.gnu.linkonce.t*)

.rela.text
 *(.rela.text)
 *(.rela.text.*)
 *(.rela.gnu.linkonce.t*)

.rel.fini
 *(.rel.fini)

.rela.fini
 *(.rela.fini)

.rel.rodata
 *(.rel.rodata)
 *(.rel.rodata.*)
 *(.rel.gnu.linkonce.r*)

.rela.rodata
 *(.rela.rodata)
 *(.rela.rodata.*)
 *(.rela.gnu.linkonce.r*)

.rel.data
 *(.rel.data)
 *(.rel.data.*)
 *(.rel.gnu.linkonce.d*)

.rela.data
 *(.rela.data)
 *(.rela.data.*)
 *(.rela.gnu.linkonce.d*)

.rel.ctors
 *(.rel.ctors)

.rela.ctors
 *(.rela.ctors)

.rel.dtors
 *(.rel.dtors)

.rela.dtors
 *(.rela.dtors)

.rel.got
 *(.rel.got)

.rela.got
 *(.rela.got)

.rel.bss
 *(.rel.bss)

.rela.bss
 *(.rela.bss)

.rel.plt
 *(.rel.plt)

.rela.plt
 *(.rela.plt)

.text           0x00000000      0x70a
 *(.vectors)
 .vectors       0x00000000       0xe4 /usr/local/avr/bin/../lib/gcc/avr/4.6.2/../../../../avr/lib/avr6/crtm2560.o
                0x00000000                __vectors
                0x00000000                __vector_default
 *(.vectors)
 *(.progmem.gcc*)
 *(.progmem*)
                0x000000e4                . = ALIGN (0x2)
                0x000000e4                __trampolines_start = .
 *(.trampolines)
 .trampolines   0x000000e4        0x0 linker stubs
 *(.trampolines*)
                0x000000e4                __trampolines_end = .
 *(.jumptables)
 *(.jumptables*)
 *(.lowtext)
 *(.lowtext*)
                0x000000e4                __ctors_start = .
 *(.ctors)
                0x000000e4                __ctors_end = .
                0x000000e4                __dtors_start = .
 *(.dtors)
                0x000000e4                __dtors_end = .
 SORT(*)(.ctors)
 SORT(*)(.dtors)
 *(.init0)
 .init0         0x000000e4        0x0 /usr/local/avr/bin/../lib/gcc/avr/4.6.2/../../../../avr/lib/avr6/crtm2560.o
                0x000000e4                __init
 *(.init0)
 *(.init1)
 *(.init1)
 *(.init2)
 .init2         0x000000e4       0x10 /usr/local/avr/bin/../lib/gcc/avr/4.6.2/../../../../avr/lib/avr6/crtm2560.o
 *(.init2)
 *(.init3)
 *(.init3)
 *(.init4)
 .init4         0x000000f4       0x1a /usr/local/avr/bin/../lib/gcc/avr/4.6.2/avr6/libgcc.a(_copy_data.o)
                0x000000f4                __do_copy_data
 .init4         0x0000010e       0x10 /usr/local/avr/bin/../lib/gcc/avr/4.6.2/avr6/libgcc.a(_clear_bss.o)
                0x0000010e                __do_clear_bss
 *(.init4)
 *(.init5)
 *(.init5)
 *(.init6)
 *(.init6)
 *(.init7)
 *(.init7)
 *(.init8)
 *(.init8)
 *(.init9)
 .init9         0x0000011e        0x8 /usr/local/avr/bin/../lib/gcc/avr/4.6.2/../../../../avr/lib/avr6/crtm2560.o
 *(.init9)
 *(.text)
 .text          0x00000126        0x4 /usr/local/avr/bin/../lib/gcc/avr/4.6.2/../../../../avr/lib/avr6/crtm2560.o
                0x00000126                __vector_38
                0x00000126                __vector_22
                0x00000126                __vector_28
                0x00000126                __vector_1
                0x00000126                __vector_32
                0x00000126                __vector_34
                0x00000126                __vector_24
                0x00000126                __vector_12
                0x00000126                __vector_55
                0x00000126                __vector_46
                0x00000126                __bad_interrupt
                0x00000126                __vector_6
                0x00000126                __vector_31
                0x00000126                __vector_35
                0x00000126                __vector_39
                0x00000126                __vector_3
                0x00000126                __vector_30
                0x00000126                __vector_45
                0x00000126                __vector_11
                0x00000126                __vector_54
                0x00000126                __vector_13
                0x00000126                __vector_17
                0x00000126                __vector_19
                0x00000126                __vector_56
                0x00000126                __vector_7
                0x00000126                __vector_49
                0x00000126                __vector_41
                0x00000126                __vector_43
                0x00000126                __vector_27
                0x00000126                __vector_5
                0x00000126                __vector_33
                0x00000126                __vector_47
                0x00000126                __vector_52
                0x00000126                __vector_37
                0x00000126                __vector_4
                0x00000126                __vector_44
                0x00000126                __vector_51
                0x00000126                __vector_9
                0x00000126                __vector_2
                0x00000126                __vector_21
                0x00000126                __vector_15
                0x00000126                __vector_36
                0x00000126                __vector_40
                0x00000126                __vector_8
                0x00000126                __vector_26
                0x00000126                __vector_48
                0x00000126                __vector_14
                0x00000126                __vector_53
                0x00000126                __vector_10
                0x00000126                __vector_50
                0x00000126                __vector_16
                0x00000126                __vector_18
                0x00000126                __vector_20
                0x00000126                __vector_42
 .text          0x0000012a      0x16c main.o
                0x0000012a                __vector_23
                0x00000148                __vector_29
                0x000001f2                do_math
                0x00000242                read_adc
 .text          0x00000296      0x2c0 uart.o
                0x00000296                __vector_25
                0x000002e6                uart_init
                0x0000030c                uart_putc
                0x0000032a                uart_putc_hex
                0x00000360                uart_putw_hex
                0x00000374                uart_putdw_hex
                0x00000396                uart_putw_dec
                0x0000041e                uart_putdw_dec
                0x000004e0                uart_puts
                0x000004f8                uart_puts_p
                0x00000514                uart_buffer_empty
                0x00000524                uart_getc
 .text          0x00000556        0x0 /usr/local/avr/bin/../lib/gcc/avr/4.6.2/avr6/libgcc.a(_mulsi3.o)
 .text          0x00000556        0x0 /usr/local/avr/bin/../lib/gcc/avr/4.6.2/avr6/libgcc.a(_udivmodhi4.o)
 .text          0x00000556        0x0 /usr/local/avr/bin/../lib/gcc/avr/4.6.2/avr6/libgcc.a(_divmodhi4.o)
 .text          0x00000556        0x0 /usr/local/avr/bin/../lib/gcc/avr/4.6.2/avr6/libgcc.a(_udivmodsi4.o)
 .text          0x00000556        0x0 /usr/local/avr/bin/../lib/gcc/avr/4.6.2/avr6/libgcc.a(_exit.o)
 .text          0x00000556        0x0 /usr/local/avr/bin/../lib/gcc/avr/4.6.2/avr6/libgcc.a(_copy_data.o)
 .text          0x00000556        0x0 /usr/local/avr/bin/../lib/gcc/avr/4.6.2/avr6/libgcc.a(_clear_bss.o)
                0x00000556                . = ALIGN (0x2)
 *(.text.*)
 .text.startup  0x00000556       0xe0 main.o
                0x00000556                main
 .text.libgcc   0x00000636       0x3e /usr/local/avr/bin/../lib/gcc/avr/4.6.2/avr6/libgcc.a(_mulsi3.o)
                0x00000636                __mulsi3
 .text.libgcc   0x00000674       0x28 /usr/local/avr/bin/../lib/gcc/avr/4.6.2/avr6/libgcc.a(_udivmodhi4.o)
                0x00000674                __udivmodhi4
 .text.libgcc   0x0000069c       0x26 /usr/local/avr/bin/../lib/gcc/avr/4.6.2/avr6/libgcc.a(_divmodhi4.o)
                0x0000069c                __divmodhi4
                0x0000069c                _div
 .text.libgcc   0x000006c2       0x44 /usr/local/avr/bin/../lib/gcc/avr/4.6.2/avr6/libgcc.a(_udivmodsi4.o)
                0x000006c2                __udivmodsi4
 .text.libgcc   0x00000706        0x0 /usr/local/avr/bin/../lib/gcc/avr/4.6.2/avr6/libgcc.a(_exit.o)
 .text.libgcc   0x00000706        0x0 /usr/local/avr/bin/../lib/gcc/avr/4.6.2/avr6/libgcc.a(_copy_data.o)
 .text.libgcc   0x00000706        0x0 /usr/local/avr/bin/../lib/gcc/avr/4.6.2/avr6/libgcc.a(_clear_bss.o)
                0x00000706                . = ALIGN (0x2)
 *(.fini9)
 .fini9         0x00000706        0x0 /usr/local/avr/bin/../lib/gcc/avr/4.6.2/avr6/libgcc.a(_exit.o)
                0x00000706                exit
                0x00000706                _exit
 *(.fini9)
 *(.fini8)
 *(.fini8)
 *(.fini7)
 *(.fini7)
 *(.fini6)
 *(.fini6)
 *(.fini5)
 *(.fini5)
 *(.fini4)
 *(.fini4)
 *(.fini3)
 *(.fini3)
 *(.fini2)
 *(.fini2)
 *(.fini1)
 *(.fini1)
 *(.fini0)
 .fini0         0x00000706        0x4 /usr/local/avr/bin/../lib/gcc/avr/4.6.2/avr6/libgcc.a(_exit.o)
 *(.fini0)
                0x0000070a                _etext = .

.data           0x00800200        0x0 load address 0x0000070a
                0x00800200                PROVIDE (__data_start, .)
 *(.data)
 .data          0x00800200        0x0 /usr/local/avr/bin/../lib/gcc/avr/4.6.2/../../../../avr/lib/avr6/crtm2560.o
 .data          0x00800200        0x0 main.o
 .data          0x00800200        0x0 uart.o
 .data          0x00800200        0x0 /usr/local/avr/bin/../lib/gcc/avr/4.6.2/avr6/libgcc.a(_mulsi3.o)
 .data          0x00800200        0x0 /usr/local/avr/bin/../lib/gcc/avr/4.6.2/avr6/libgcc.a(_udivmodhi4.o)
 .data          0x00800200        0x0 /usr/local/avr/bin/../lib/gcc/avr/4.6.2/avr6/libgcc.a(_divmodhi4.o)
 .data          0x00800200        0x0 /usr/local/avr/bin/../lib/gcc/avr/4.6.2/avr6/libgcc.a(_udivmodsi4.o)
 .data          0x00800200        0x0 /usr/local/avr/bin/../lib/gcc/avr/4.6.2/avr6/libgcc.a(_exit.o)
 .data          0x00800200        0x0 /usr/local/avr/bin/../lib/gcc/avr/4.6.2/avr6/libgcc.a(_copy_data.o)
 .data          0x00800200        0x0 /usr/local/avr/bin/../lib/gcc/avr/4.6.2/avr6/libgcc.a(_clear_bss.o)
 *(.data*)
 *(.rodata)
 *(.rodata*)
 *(.gnu.linkonce.d*)
                0x00800200                . = ALIGN (0x2)
                0x00800200                _edata = .
                0x00800200                PROVIDE (__data_end, .)

.bss            0x00800200       0x48
                0x00800200                PROVIDE (__bss_start, .)
 *(.bss)
 .bss           0x00800200        0x0 /usr/local/avr/bin/../lib/gcc/avr/4.6.2/../../../../avr/lib/avr6/crtm2560.o
 .bss           0x00800200        0x9 main.o
                0x00800200                timerOF
 .bss           0x00800209        0x0 uart.o
 .bss           0x00800209        0x0 /usr/local/avr/bin/../lib/gcc/avr/4.6.2/avr6/libgcc.a(_mulsi3.o)
 .bss           0x00800209        0x0 /usr/local/avr/bin/../lib/gcc/avr/4.6.2/avr6/libgcc.a(_udivmodhi4.o)
 .bss           0x00800209        0x0 /usr/local/avr/bin/../lib/gcc/avr/4.6.2/avr6/libgcc.a(_divmodhi4.o)
 .bss           0x00800209        0x0 /usr/local/avr/bin/../lib/gcc/avr/4.6.2/avr6/libgcc.a(_udivmodsi4.o)
 .bss           0x00800209        0x0 /usr/local/avr/bin/../lib/gcc/avr/4.6.2/avr6/libgcc.a(_exit.o)
 .bss           0x00800209        0x0 /usr/local/avr/bin/../lib/gcc/avr/4.6.2/avr6/libgcc.a(_copy_data.o)
 .bss           0x00800209        0x0 /usr/local/avr/bin/../lib/gcc/avr/4.6.2/avr6/libgcc.a(_clear_bss.o)
 *(.bss*)
 *(COMMON)
 COMMON         0x00800209       0x3f uart.o
                0x00800209                rx_buffer_head
                0x0080020a                rx_buffer_tail
                0x0080020b                tx_complete
                0x0080020c                rx_buffer
                0x00800248                PROVIDE (__bss_end, .)
                0x0000070a                __data_load_start = LOADADDR (.data)
                0x0000070a                __data_load_end = (__data_load_start + SIZEOF (.data))

.noinit         0x00800248        0x0
                0x00800248                PROVIDE (__noinit_start, .)
 *(.noinit*)
                0x00800248                PROVIDE (__noinit_end, .)
                0x00800248                _end = .
                0x00800248                PROVIDE (__heap_start, .)

.eeprom         0x00810000        0x0
 *(.eeprom*)
                0x00810000                __eeprom_end = .

.fuse
 *(.fuse)
 *(.lfuse)
 *(.hfuse)
 *(.efuse)

.lock
 *(.lock*)

.signature
 *(.signature*)

.stab           0x00000000      0x6e4
 *(.stab)
 .stab          0x00000000      0x6e4 /usr/local/avr/bin/../lib/gcc/avr/4.6.2/../../../../avr/lib/avr6/crtm2560.o

.stabstr        0x00000000       0x85
 *(.stabstr)
 .stabstr       0x00000000       0x85 /usr/local/avr/bin/../lib/gcc/avr/4.6.2/../../../../avr/lib/avr6/crtm2560.o

.stab.excl
 *(.stab.excl)

.stab.exclstr
 *(.stab.exclstr)

.stab.index
 *(.stab.index)

.stab.indexstr
 *(.stab.indexstr)

.comment
 *(.comment)

.debug
 *(.debug)

.line
 *(.line)

.debug_srcinfo
 *(.debug_srcinfo)

.debug_sfnames
 *(.debug_sfnames)

.debug_aranges  0x00000000       0x48
 *(.debug_aranges)
 .debug_aranges
                0x00000000       0x28 main.o
 .debug_aranges
                0x00000028       0x20 uart.o

.debug_pubnames
 *(.debug_pubnames)

.debug_info     0x00000000      0x5f5
 *(.debug_info)
 .debug_info    0x00000000      0x244 main.o
 .debug_info    0x00000244      0x3b1 uart.o
 *(.gnu.linkonce.wi.*)

.debug_abbrev   0x00000000      0x27f
 *(.debug_abbrev)
 .debug_abbrev  0x00000000      0x110 main.o
 .debug_abbrev  0x00000110      0x16f uart.o

.debug_line     0x00000000      0x219
 *(.debug_line)
 .debug_line    0x00000000      0x100 main.o
 .debug_line    0x00000100      0x119 uart.o

.debug_frame    0x00000000      0x270
 *(.debug_frame)
 .debug_frame   0x00000000       0x9c main.o
 .debug_frame   0x0000009c      0x1d4 uart.o

.debug_str      0x00000000      0x27a
 *(.debug_str)
 .debug_str     0x00000000      0x182 main.o
                                0x1d2 (size before relaxing)
 .debug_str     0x00000182       0xf8 uart.o
                                0x1f5 (size before relaxing)

.debug_loc      0x00000000      0x78b
 *(.debug_loc)
 .debug_loc     0x00000000      0x221 main.o
 .debug_loc     0x00000221      0x56a uart.o

.debug_macinfo
 *(.debug_macinfo)
OUTPUT(pwm_test_503.out elf32-avr)
LOAD linker stubs

.debug_ranges   0x00000000       0x18
 .debug_ranges  0x00000000       0x18 main.o
