<?xml version="1.0" encoding="ISO-8859-1" ?>
<link_info>
   <banner>TMS320C2000 Linker PC v22.6.0.LTS</banner>
   <copyright>Copyright (c) 1996-2018 Texas Instruments Incorporated</copyright>
   <link_time>0x649143cf</link_time>
   <link_errors>0x0</link_errors>
   <output_file>v303_Acq.out</output_file>
   <entry_point>
      <name>code_start</name>
      <address>0x80000</address>
   </entry_point>
   <input_file_list>
      <input_file id="fl-2">
         <path>.\</path>
         <kind>object</kind>
         <file>adc.obj</file>
         <name>adc.obj</name>
      </input_file>
      <input_file id="fl-3">
         <path>.\</path>
         <kind>object</kind>
         <file>emif.obj</file>
         <name>emif.obj</name>
      </input_file>
      <input_file id="fl-4">
         <path>.\</path>
         <kind>object</kind>
         <file>io.obj</file>
         <name>io.obj</name>
      </input_file>
      <input_file id="fl-5">
         <path>.\</path>
         <kind>object</kind>
         <file>loopback.obj</file>
         <name>loopback.obj</name>
      </input_file>
      <input_file id="fl-6">
         <path>.\</path>
         <kind>object</kind>
         <file>main.obj</file>
         <name>main.obj</name>
      </input_file>
      <input_file id="fl-7">
         <path>.\</path>
         <kind>object</kind>
         <file>modbus.obj</file>
         <name>modbus.obj</name>
      </input_file>
      <input_file id="fl-8">
         <path>.\</path>
         <kind>object</kind>
         <file>rtc.obj</file>
         <name>rtc.obj</name>
      </input_file>
      <input_file id="fl-9">
         <path>.\</path>
         <kind>object</kind>
         <file>sci.obj</file>
         <name>sci.obj</name>
      </input_file>
      <input_file id="fl-a">
         <path>.\</path>
         <kind>object</kind>
         <file>socket.obj</file>
         <name>socket.obj</name>
      </input_file>
      <input_file id="fl-b">
         <path>.\</path>
         <kind>object</kind>
         <file>tigerwin.obj</file>
         <name>tigerwin.obj</name>
      </input_file>
      <input_file id="fl-c">
         <path>.\</path>
         <kind>object</kind>
         <file>timer.obj</file>
         <name>timer.obj</name>
      </input_file>
      <input_file id="fl-d">
         <path>.\</path>
         <kind>object</kind>
         <file>w5300.obj</file>
         <name>w5300.obj</name>
      </input_file>
      <input_file id="fl-e">
         <path>.\</path>
         <kind>object</kind>
         <file>wizchip_conf.obj</file>
         <name>wizchip_conf.obj</name>
      </input_file>
      <input_file id="fl-f">
         <path>.\common\</path>
         <kind>object</kind>
         <file>F2837xS_CodeStartBranch.obj</file>
         <name>F2837xS_CodeStartBranch.obj</name>
      </input_file>
      <input_file id="fl-10">
         <path>.\common\</path>
         <kind>object</kind>
         <file>F2837xS_CpuTimers.obj</file>
         <name>F2837xS_CpuTimers.obj</name>
      </input_file>
      <input_file id="fl-11">
         <path>.\common\</path>
         <kind>object</kind>
         <file>F2837xS_DefaultISR.obj</file>
         <name>F2837xS_DefaultISR.obj</name>
      </input_file>
      <input_file id="fl-12">
         <path>.\common\</path>
         <kind>object</kind>
         <file>F2837xS_Emif.obj</file>
         <name>F2837xS_Emif.obj</name>
      </input_file>
      <input_file id="fl-13">
         <path>.\common\</path>
         <kind>object</kind>
         <file>F2837xS_GlobalVariableDefs.obj</file>
         <name>F2837xS_GlobalVariableDefs.obj</name>
      </input_file>
      <input_file id="fl-14">
         <path>.\common\</path>
         <kind>object</kind>
         <file>F2837xS_Gpio.obj</file>
         <name>F2837xS_Gpio.obj</name>
      </input_file>
      <input_file id="fl-15">
         <path>.\common\</path>
         <kind>object</kind>
         <file>F2837xS_PieCtrl.obj</file>
         <name>F2837xS_PieCtrl.obj</name>
      </input_file>
      <input_file id="fl-16">
         <path>.\common\</path>
         <kind>object</kind>
         <file>F2837xS_PieVect.obj</file>
         <name>F2837xS_PieVect.obj</name>
      </input_file>
      <input_file id="fl-17">
         <path>.\common\</path>
         <kind>object</kind>
         <file>F2837xS_SysCtrl.obj</file>
         <name>F2837xS_SysCtrl.obj</name>
      </input_file>
      <input_file id="fl-18">
         <path>.\common\</path>
         <kind>object</kind>
         <file>F2837xS_usDelay.obj</file>
         <name>F2837xS_usDelay.obj</name>
      </input_file>
      <input_file id="fl-1d">
         <kind>object</kind>
         <file>&lt;internal&gt;</file>
         <name>&lt;internal&gt;</name>
      </input_file>
      <input_file id="fl-1e">
         <path>C:\ti\ccs1230\ccs\tools\compiler\ti-cgt-c2000_22.6.0.LTS\lib\</path>
         <kind>archive</kind>
         <file>rts2800_fpu32.lib</file>
         <name>printf.c.obj</name>
      </input_file>
      <input_file id="fl-1f">
         <path>C:\ti\ccs1230\ccs\tools\compiler\ti-cgt-c2000_22.6.0.LTS\lib\</path>
         <kind>archive</kind>
         <file>rts2800_fpu32.lib</file>
         <name>_printfi.c.obj</name>
      </input_file>
      <input_file id="fl-20">
         <path>C:\ti\ccs1230\ccs\tools\compiler\ti-cgt-c2000_22.6.0.LTS\lib\</path>
         <kind>archive</kind>
         <file>rts2800_fpu32.lib</file>
         <name>sprintf.c.obj</name>
      </input_file>
      <input_file id="fl-21">
         <path>C:\ti\ccs1230\ccs\tools\compiler\ti-cgt-c2000_22.6.0.LTS\lib\</path>
         <kind>archive</kind>
         <file>rts2800_fpu32.lib</file>
         <name>fputc.c.obj</name>
      </input_file>
      <input_file id="fl-22">
         <path>C:\ti\ccs1230\ccs\tools\compiler\ti-cgt-c2000_22.6.0.LTS\lib\</path>
         <kind>archive</kind>
         <file>rts2800_fpu32.lib</file>
         <name>fputs.c.obj</name>
      </input_file>
      <input_file id="fl-23">
         <path>C:\ti\ccs1230\ccs\tools\compiler\ti-cgt-c2000_22.6.0.LTS\lib\</path>
         <kind>archive</kind>
         <file>rts2800_fpu32.lib</file>
         <name>_io_perm.c.obj</name>
      </input_file>
      <input_file id="fl-24">
         <path>C:\ti\ccs1230\ccs\tools\compiler\ti-cgt-c2000_22.6.0.LTS\lib\</path>
         <kind>archive</kind>
         <file>rts2800_fpu32.lib</file>
         <name>setvbuf.c.obj</name>
      </input_file>
      <input_file id="fl-25">
         <path>C:\ti\ccs1230\ccs\tools\compiler\ti-cgt-c2000_22.6.0.LTS\lib\</path>
         <kind>archive</kind>
         <file>rts2800_fpu32.lib</file>
         <name>boot28.asm.obj</name>
      </input_file>
      <input_file id="fl-26">
         <path>C:\ti\ccs1230\ccs\tools\compiler\ti-cgt-c2000_22.6.0.LTS\lib\</path>
         <kind>archive</kind>
         <file>rts2800_fpu32.lib</file>
         <name>fd_cmp28.asm.obj</name>
      </input_file>
      <input_file id="fl-27">
         <path>C:\ti\ccs1230\ccs\tools\compiler\ti-cgt-c2000_22.6.0.LTS\lib\</path>
         <kind>archive</kind>
         <file>rts2800_fpu32.lib</file>
         <name>fd_mpy28.asm.obj</name>
      </input_file>
      <input_file id="fl-28">
         <path>C:\ti\ccs1230\ccs\tools\compiler\ti-cgt-c2000_22.6.0.LTS\lib\</path>
         <kind>archive</kind>
         <file>rts2800_fpu32.lib</file>
         <name>fd_neg28.asm.obj</name>
      </input_file>
      <input_file id="fl-29">
         <path>C:\ti\ccs1230\ccs\tools\compiler\ti-cgt-c2000_22.6.0.LTS\lib\</path>
         <kind>archive</kind>
         <file>rts2800_fpu32.lib</file>
         <name>fd_sub28.asm.obj</name>
      </input_file>
      <input_file id="fl-2a">
         <path>C:\ti\ccs1230\ccs\tools\compiler\ti-cgt-c2000_22.6.0.LTS\lib\</path>
         <kind>archive</kind>
         <file>rts2800_fpu32.lib</file>
         <name>fd_toi28.asm.obj</name>
      </input_file>
      <input_file id="fl-2b">
         <path>C:\ti\ccs1230\ccs\tools\compiler\ti-cgt-c2000_22.6.0.LTS\lib\</path>
         <kind>archive</kind>
         <file>rts2800_fpu32.lib</file>
         <name>fd_tol28.asm.obj</name>
      </input_file>
      <input_file id="fl-2c">
         <path>C:\ti\ccs1230\ccs\tools\compiler\ti-cgt-c2000_22.6.0.LTS\lib\</path>
         <kind>archive</kind>
         <file>rts2800_fpu32.lib</file>
         <name>ll_aox28.asm.obj</name>
      </input_file>
      <input_file id="fl-2d">
         <path>C:\ti\ccs1230\ccs\tools\compiler\ti-cgt-c2000_22.6.0.LTS\lib\</path>
         <kind>archive</kind>
         <file>rts2800_fpu32.lib</file>
         <name>ll_cmp28.asm.obj</name>
      </input_file>
      <input_file id="fl-2e">
         <path>C:\ti\ccs1230\ccs\tools\compiler\ti-cgt-c2000_22.6.0.LTS\lib\</path>
         <kind>archive</kind>
         <file>rts2800_fpu32.lib</file>
         <name>ll_div28.asm.obj</name>
      </input_file>
      <input_file id="fl-2f">
         <path>C:\ti\ccs1230\ccs\tools\compiler\ti-cgt-c2000_22.6.0.LTS\lib\</path>
         <kind>archive</kind>
         <file>rts2800_fpu32.lib</file>
         <name>i_tofd28.asm.obj</name>
      </input_file>
      <input_file id="fl-30">
         <path>C:\ti\ccs1230\ccs\tools\compiler\ti-cgt-c2000_22.6.0.LTS\lib\</path>
         <kind>archive</kind>
         <file>rts2800_fpu32.lib</file>
         <name>i_div28.asm.obj</name>
      </input_file>
      <input_file id="fl-31">
         <path>C:\ti\ccs1230\ccs\tools\compiler\ti-cgt-c2000_22.6.0.LTS\lib\</path>
         <kind>archive</kind>
         <file>rts2800_fpu32.lib</file>
         <name>u_div28.asm.obj</name>
      </input_file>
      <input_file id="fl-32">
         <path>C:\ti\ccs1230\ccs\tools\compiler\ti-cgt-c2000_22.6.0.LTS\lib\</path>
         <kind>archive</kind>
         <file>rts2800_fpu32.lib</file>
         <name>l_tofd28.asm.obj</name>
      </input_file>
      <input_file id="fl-33">
         <path>C:\ti\ccs1230\ccs\tools\compiler\ti-cgt-c2000_22.6.0.LTS\lib\</path>
         <kind>archive</kind>
         <file>rts2800_fpu32.lib</file>
         <name>fs_tofdfpu32.asm.obj</name>
      </input_file>
      <input_file id="fl-34">
         <path>C:\ti\ccs1230\ccs\tools\compiler\ti-cgt-c2000_22.6.0.LTS\lib\</path>
         <kind>archive</kind>
         <file>rts2800_fpu32.lib</file>
         <name>fd_div28.asm.obj</name>
      </input_file>
      <input_file id="fl-35">
         <path>C:\ti\ccs1230\ccs\tools\compiler\ti-cgt-c2000_22.6.0.LTS\lib\</path>
         <kind>archive</kind>
         <file>rts2800_fpu32.lib</file>
         <name>cpy_tbl.c.obj</name>
      </input_file>
      <input_file id="fl-36">
         <path>C:\ti\ccs1230\ccs\tools\compiler\ti-cgt-c2000_22.6.0.LTS\lib\</path>
         <kind>archive</kind>
         <file>rts2800_fpu32.lib</file>
         <name>memcpy.c.obj</name>
      </input_file>
      <input_file id="fl-37">
         <path>C:\ti\ccs1230\ccs\tools\compiler\ti-cgt-c2000_22.6.0.LTS\lib\</path>
         <kind>archive</kind>
         <file>rts2800_fpu32.lib</file>
         <name>pre_init.c.obj</name>
      </input_file>
      <input_file id="fl-38">
         <path>C:\ti\ccs1230\ccs\tools\compiler\ti-cgt-c2000_22.6.0.LTS\lib\</path>
         <kind>archive</kind>
         <file>rts2800_fpu32.lib</file>
         <name>startup.c.obj</name>
      </input_file>
      <input_file id="fl-39">
         <path>C:\ti\ccs1230\ccs\tools\compiler\ti-cgt-c2000_22.6.0.LTS\lib\</path>
         <kind>archive</kind>
         <file>rts2800_fpu32.lib</file>
         <name>exit.c.obj</name>
      </input_file>
      <input_file id="fl-3a">
         <path>C:\ti\ccs1230\ccs\tools\compiler\ti-cgt-c2000_22.6.0.LTS\lib\</path>
         <kind>archive</kind>
         <file>rts2800_fpu32.lib</file>
         <name>_lock.c.obj</name>
      </input_file>
      <input_file id="fl-3b">
         <path>C:\ti\ccs1230\ccs\tools\compiler\ti-cgt-c2000_22.6.0.LTS\lib\</path>
         <kind>archive</kind>
         <file>rts2800_fpu32.lib</file>
         <name>_ltoa.c.obj</name>
      </input_file>
      <input_file id="fl-3c">
         <path>C:\ti\ccs1230\ccs\tools\compiler\ti-cgt-c2000_22.6.0.LTS\lib\</path>
         <kind>archive</kind>
         <file>rts2800_fpu32.lib</file>
         <name>args_main.c.obj</name>
      </input_file>
      <input_file id="fl-3d">
         <path>C:\ti\ccs1230\ccs\tools\compiler\ti-cgt-c2000_22.6.0.LTS\lib\</path>
         <kind>archive</kind>
         <file>rts2800_fpu32.lib</file>
         <name>atoi.c.obj</name>
      </input_file>
      <input_file id="fl-3e">
         <path>C:\ti\ccs1230\ccs\tools\compiler\ti-cgt-c2000_22.6.0.LTS\lib\</path>
         <kind>archive</kind>
         <file>rts2800_fpu32.lib</file>
         <name>ctype.c.obj</name>
      </input_file>
      <input_file id="fl-3f">
         <path>C:\ti\ccs1230\ccs\tools\compiler\ti-cgt-c2000_22.6.0.LTS\lib\</path>
         <kind>archive</kind>
         <file>rts2800_fpu32.lib</file>
         <name>defs.c.obj</name>
      </input_file>
      <input_file id="fl-40">
         <path>C:\ti\ccs1230\ccs\tools\compiler\ti-cgt-c2000_22.6.0.LTS\lib\</path>
         <kind>archive</kind>
         <file>rts2800_fpu32.lib</file>
         <name>gmtime64.c.obj</name>
      </input_file>
      <input_file id="fl-41">
         <path>C:\ti\ccs1230\ccs\tools\compiler\ti-cgt-c2000_22.6.0.LTS\lib\</path>
         <kind>archive</kind>
         <file>rts2800_fpu32.lib</file>
         <name>localtim64.c.obj</name>
      </input_file>
      <input_file id="fl-42">
         <path>C:\ti\ccs1230\ccs\tools\compiler\ti-cgt-c2000_22.6.0.LTS\lib\</path>
         <kind>archive</kind>
         <file>rts2800_fpu32.lib</file>
         <name>memccpy.c.obj</name>
      </input_file>
      <input_file id="fl-43">
         <path>C:\ti\ccs1230\ccs\tools\compiler\ti-cgt-c2000_22.6.0.LTS\lib\</path>
         <kind>archive</kind>
         <file>rts2800_fpu32.lib</file>
         <name>memchr.c.obj</name>
      </input_file>
      <input_file id="fl-44">
         <path>C:\ti\ccs1230\ccs\tools\compiler\ti-cgt-c2000_22.6.0.LTS\lib\</path>
         <kind>archive</kind>
         <file>rts2800_fpu32.lib</file>
         <name>memory.c.obj</name>
      </input_file>
      <input_file id="fl-45">
         <path>C:\ti\ccs1230\ccs\tools\compiler\ti-cgt-c2000_22.6.0.LTS\lib\</path>
         <kind>archive</kind>
         <file>rts2800_fpu32.lib</file>
         <name>memset.c.obj</name>
      </input_file>
      <input_file id="fl-46">
         <path>C:\ti\ccs1230\ccs\tools\compiler\ti-cgt-c2000_22.6.0.LTS\lib\</path>
         <kind>archive</kind>
         <file>rts2800_fpu32.lib</file>
         <name>mktime64.c.obj</name>
      </input_file>
      <input_file id="fl-47">
         <path>C:\ti\ccs1230\ccs\tools\compiler\ti-cgt-c2000_22.6.0.LTS\lib\</path>
         <kind>archive</kind>
         <file>rts2800_fpu32.lib</file>
         <name>strchr.c.obj</name>
      </input_file>
      <input_file id="fl-48">
         <path>C:\ti\ccs1230\ccs\tools\compiler\ti-cgt-c2000_22.6.0.LTS\lib\</path>
         <kind>archive</kind>
         <file>rts2800_fpu32.lib</file>
         <name>strcpy.c.obj</name>
      </input_file>
      <input_file id="fl-49">
         <path>C:\ti\ccs1230\ccs\tools\compiler\ti-cgt-c2000_22.6.0.LTS\lib\</path>
         <kind>archive</kind>
         <file>rts2800_fpu32.lib</file>
         <name>strlen.c.obj</name>
      </input_file>
      <input_file id="fl-4a">
         <path>C:\ti\ccs1230\ccs\tools\compiler\ti-cgt-c2000_22.6.0.LTS\lib\</path>
         <kind>archive</kind>
         <file>rts2800_fpu32.lib</file>
         <name>tmzone.c.obj</name>
      </input_file>
      <input_file id="fl-4b">
         <path>C:\ti\ccs1230\ccs\tools\compiler\ti-cgt-c2000_22.6.0.LTS\lib\</path>
         <kind>archive</kind>
         <file>rts2800_fpu32.lib</file>
         <name>write.c.obj</name>
      </input_file>
      <input_file id="fl-4c">
         <path>C:\ti\ccs1230\ccs\tools\compiler\ti-cgt-c2000_22.6.0.LTS\lib\</path>
         <kind>archive</kind>
         <file>rts2800_fpu32.lib</file>
         <name>host_device.c.obj</name>
      </input_file>
      <input_file id="fl-4d">
         <path>C:\ti\ccs1230\ccs\tools\compiler\ti-cgt-c2000_22.6.0.LTS\lib\</path>
         <kind>archive</kind>
         <file>rts2800_fpu32.lib</file>
         <name>s_frexp.c.obj</name>
      </input_file>
      <input_file id="fl-4e">
         <path>C:\ti\ccs1230\ccs\tools\compiler\ti-cgt-c2000_22.6.0.LTS\lib\</path>
         <kind>archive</kind>
         <file>rts2800_fpu32.lib</file>
         <name>s_scalbn.c.obj</name>
      </input_file>
      <input_file id="fl-4f">
         <path>C:\ti\ccs1230\ccs\tools\compiler\ti-cgt-c2000_22.6.0.LTS\lib\</path>
         <kind>archive</kind>
         <file>rts2800_fpu32.lib</file>
         <name>s_copysign.c.obj</name>
      </input_file>
      <input_file id="fl-50">
         <path>C:\ti\ccs1230\ccs\tools\compiler\ti-cgt-c2000_22.6.0.LTS\lib\</path>
         <kind>archive</kind>
         <file>rts2800_fpu32.lib</file>
         <name>wcslen.c.obj</name>
      </input_file>
      <input_file id="fl-51">
         <path>C:\ti\ccs1230\ccs\tools\compiler\ti-cgt-c2000_22.6.0.LTS\lib\</path>
         <kind>archive</kind>
         <file>rts2800_fpu32.lib</file>
         <name>fflush.c.obj</name>
      </input_file>
      <input_file id="fl-52">
         <path>C:\ti\ccs1230\ccs\tools\compiler\ti-cgt-c2000_22.6.0.LTS\lib\</path>
         <kind>archive</kind>
         <file>rts2800_fpu32.lib</file>
         <name>fopen.c.obj</name>
      </input_file>
      <input_file id="fl-53">
         <path>C:\ti\ccs1230\ccs\tools\compiler\ti-cgt-c2000_22.6.0.LTS\lib\</path>
         <kind>archive</kind>
         <file>rts2800_fpu32.lib</file>
         <name>fseek.c.obj</name>
      </input_file>
      <input_file id="fl-54">
         <path>C:\ti\ccs1230\ccs\tools\compiler\ti-cgt-c2000_22.6.0.LTS\lib\</path>
         <kind>archive</kind>
         <file>rts2800_fpu32.lib</file>
         <name>fd_add28.asm.obj</name>
      </input_file>
      <input_file id="fl-55">
         <path>C:\ti\ccs1230\ccs\tools\compiler\ti-cgt-c2000_22.6.0.LTS\lib\</path>
         <kind>archive</kind>
         <file>rts2800_fpu32.lib</file>
         <name>l_div28.asm.obj</name>
      </input_file>
      <input_file id="fl-56">
         <path>C:\ti\ccs1230\ccs\tools\compiler\ti-cgt-c2000_22.6.0.LTS\lib\</path>
         <kind>archive</kind>
         <file>rts2800_fpu32.lib</file>
         <name>errno.c.obj</name>
      </input_file>
      <input_file id="fl-57">
         <path>C:\ti\ccs1230\ccs\tools\compiler\ti-cgt-c2000_22.6.0.LTS\lib\</path>
         <kind>archive</kind>
         <file>rts2800_fpu32.lib</file>
         <name>hostclose.c.obj</name>
      </input_file>
      <input_file id="fl-58">
         <path>C:\ti\ccs1230\ccs\tools\compiler\ti-cgt-c2000_22.6.0.LTS\lib\</path>
         <kind>archive</kind>
         <file>rts2800_fpu32.lib</file>
         <name>hostlseek.c.obj</name>
      </input_file>
      <input_file id="fl-59">
         <path>C:\ti\ccs1230\ccs\tools\compiler\ti-cgt-c2000_22.6.0.LTS\lib\</path>
         <kind>archive</kind>
         <file>rts2800_fpu32.lib</file>
         <name>hostopen.c.obj</name>
      </input_file>
      <input_file id="fl-5a">
         <path>C:\ti\ccs1230\ccs\tools\compiler\ti-cgt-c2000_22.6.0.LTS\lib\</path>
         <kind>archive</kind>
         <file>rts2800_fpu32.lib</file>
         <name>hostread.c.obj</name>
      </input_file>
      <input_file id="fl-5b">
         <path>C:\ti\ccs1230\ccs\tools\compiler\ti-cgt-c2000_22.6.0.LTS\lib\</path>
         <kind>archive</kind>
         <file>rts2800_fpu32.lib</file>
         <name>hostrename.c.obj</name>
      </input_file>
      <input_file id="fl-5c">
         <path>C:\ti\ccs1230\ccs\tools\compiler\ti-cgt-c2000_22.6.0.LTS\lib\</path>
         <kind>archive</kind>
         <file>rts2800_fpu32.lib</file>
         <name>hostunlink.c.obj</name>
      </input_file>
      <input_file id="fl-5d">
         <path>C:\ti\ccs1230\ccs\tools\compiler\ti-cgt-c2000_22.6.0.LTS\lib\</path>
         <kind>archive</kind>
         <file>rts2800_fpu32.lib</file>
         <name>hostwrite.c.obj</name>
      </input_file>
      <input_file id="fl-5e">
         <path>C:\ti\ccs1230\ccs\tools\compiler\ti-cgt-c2000_22.6.0.LTS\lib\</path>
         <kind>archive</kind>
         <file>rts2800_fpu32.lib</file>
         <name>trgmsg.c.obj</name>
      </input_file>
      <input_file id="fl-5f">
         <path>C:\ti\ccs1230\ccs\tools\compiler\ti-cgt-c2000_22.6.0.LTS\lib\</path>
         <kind>archive</kind>
         <file>rts2800_fpu32.lib</file>
         <name>open.c.obj</name>
      </input_file>
      <input_file id="fl-60">
         <path>C:\ti\ccs1230\ccs\tools\compiler\ti-cgt-c2000_22.6.0.LTS\lib\</path>
         <kind>archive</kind>
         <file>rts2800_fpu32.lib</file>
         <name>lseek.c.obj</name>
      </input_file>
      <input_file id="fl-61">
         <path>C:\ti\ccs1230\ccs\tools\compiler\ti-cgt-c2000_22.6.0.LTS\lib\</path>
         <kind>archive</kind>
         <file>rts2800_fpu32.lib</file>
         <name>fclose.c.obj</name>
      </input_file>
      <input_file id="fl-62">
         <path>C:\ti\ccs1230\ccs\tools\compiler\ti-cgt-c2000_22.6.0.LTS\lib\</path>
         <kind>archive</kind>
         <file>rts2800_fpu32.lib</file>
         <name>getdevice.c.obj</name>
      </input_file>
      <input_file id="fl-63">
         <path>C:\ti\ccs1230\ccs\tools\compiler\ti-cgt-c2000_22.6.0.LTS\lib\</path>
         <kind>archive</kind>
         <file>rts2800_fpu32.lib</file>
         <name>strcmp.c.obj</name>
      </input_file>
      <input_file id="fl-64">
         <path>C:\ti\ccs1230\ccs\tools\compiler\ti-cgt-c2000_22.6.0.LTS\lib\</path>
         <kind>archive</kind>
         <file>rts2800_fpu32.lib</file>
         <name>strncpy.c.obj</name>
      </input_file>
      <input_file id="fl-65">
         <path>C:\ti\ccs1230\ccs\tools\compiler\ti-cgt-c2000_22.6.0.LTS\lib\</path>
         <kind>archive</kind>
         <file>rts2800_fpu32.lib</file>
         <name>remove.c.obj</name>
      </input_file>
      <input_file id="fl-66">
         <path>C:\ti\ccs1230\ccs\tools\compiler\ti-cgt-c2000_22.6.0.LTS\lib\</path>
         <kind>archive</kind>
         <file>rts2800_fpu32.lib</file>
         <name>unlink.c.obj</name>
      </input_file>
   </input_file_list>
   <object_component_list>
      <object_component id="oc-a7">
         <name>.cinit:_sKeySet</name>
         <load_address>0x80004</load_address>
         <run_address>0x80004</run_address>
         <size>0x7af</size>
         <input_file_ref idref="fl-9"/>
      </object_component>
      <object_component id="oc-2f9">
         <name>.cinit:_lKTY81_210</name>
         <load_address>0x807b3</load_address>
         <run_address>0x807b3</run_address>
         <size>0x131</size>
         <input_file_ref idref="fl-b"/>
      </object_component>
      <object_component id="oc-2e8">
         <name>.cinit:_fCos</name>
         <load_address>0x808e4</load_address>
         <run_address>0x808e4</run_address>
         <size>0x103</size>
         <input_file_ref idref="fl-2"/>
      </object_component>
      <object_component id="oc-2e6">
         <name>.cinit:_fSin</name>
         <load_address>0x809e7</load_address>
         <run_address>0x809e7</run_address>
         <size>0x103</size>
         <input_file_ref idref="fl-2"/>
      </object_component>
      <object_component id="oc-b9">
         <name>.cinit:_sRmsSet</name>
         <load_address>0x80aea</load_address>
         <run_address>0x80aea</run_address>
         <size>0xc3</size>
         <input_file_ref idref="fl-b"/>
      </object_component>
      <object_component id="oc-326">
         <name>.cinit:__ftable</name>
         <load_address>0x80bad</load_address>
         <run_address>0x80bad</run_address>
         <size>0x26</size>
         <input_file_ref idref="fl-3f"/>
      </object_component>
      <object_component id="oc-2ee">
         <name>.cinit:_bSerial</name>
         <load_address>0x80bd3</load_address>
         <run_address>0x80bd3</run_address>
         <size>0x24</size>
         <input_file_ref idref="fl-3"/>
      </object_component>
      <object_component id="oc-349">
         <name>.cinit:__device</name>
         <load_address>0x80bf7</load_address>
         <run_address>0x80bf7</run_address>
         <size>0x1b</size>
         <input_file_ref idref="fl-4c"/>
      </object_component>
      <object_component id="oc-b7">
         <name>.cinit</name>
         <load_address>0x80c12</load_address>
         <run_address>0x80c12</run_address>
         <size>0x1a</size>
         <input_file_ref idref="fl-b"/>
      </object_component>
      <object_component id="oc-cb">
         <name>.cinit</name>
         <load_address>0x80c2c</load_address>
         <run_address>0x80c2c</run_address>
         <size>0x19</size>
         <input_file_ref idref="fl-e"/>
      </object_component>
      <object_component id="oc-2ec">
         <name>.cinit:_bModel</name>
         <load_address>0x80c45</load_address>
         <run_address>0x80c45</run_address>
         <size>0x14</size>
         <input_file_ref idref="fl-3"/>
      </object_component>
      <object_component id="oc-2fd">
         <name>.cinit:_wiznet_memsize</name>
         <load_address>0x80c59</load_address>
         <run_address>0x80c59</run_address>
         <size>0x13</size>
         <input_file_ref idref="fl-b"/>
      </object_component>
      <object_component id="oc-248">
         <name>.cinit</name>
         <load_address>0x80c6c</load_address>
         <run_address>0x80c6c</run_address>
         <size>0xf</size>
         <input_file_ref idref="fl-4a"/>
      </object_component>
      <object_component id="oc-33f">
         <name>.cinit:__stream</name>
         <load_address>0x80c7b</load_address>
         <run_address>0x80c7b</run_address>
         <size>0xe</size>
         <input_file_ref idref="fl-4c"/>
      </object_component>
      <object_component id="oc-1f0">
         <name>.cinit</name>
         <load_address>0x80c89</load_address>
         <run_address>0x80c89</run_address>
         <size>0xe</size>
         <input_file_ref idref="fl-39"/>
      </object_component>
      <object_component id="oc-af">
         <name>.cinit</name>
         <load_address>0x80c97</load_address>
         <run_address>0x80c97</run_address>
         <size>0xc</size>
         <input_file_ref idref="fl-a"/>
      </object_component>
      <object_component id="oc-80">
         <name>.cinit</name>
         <load_address>0x80ca3</load_address>
         <run_address>0x80ca3</run_address>
         <size>0xa</size>
         <input_file_ref idref="fl-3"/>
      </object_component>
      <object_component id="oc-2f4">
         <name>.cinit:__lock</name>
         <load_address>0x80cad</load_address>
         <run_address>0x80cad</run_address>
         <size>0x5</size>
         <input_file_ref idref="fl-3a"/>
      </object_component>
      <object_component id="oc-30a">
         <name>.cinit:__unlock</name>
         <load_address>0x80cb2</load_address>
         <run_address>0x80cb2</run_address>
         <size>0x5</size>
         <input_file_ref idref="fl-3a"/>
      </object_component>
      <object_component id="oc-329">
         <name>.cinit:_sock_remained_size</name>
         <load_address>0x80cb7</load_address>
         <run_address>0x80cb7</run_address>
         <size>0x5</size>
         <input_file_ref idref="fl-a"/>
      </object_component>
      <object_component id="oc-301">
         <name>.cinit:_sock_pack_info</name>
         <load_address>0x80cbc</load_address>
         <run_address>0x80cbc</run_address>
         <size>0x4</size>
         <input_file_ref idref="fl-a"/>
      </object_component>
      <object_component id="oc-303">
         <name>.cinit:_sock_remained_byte</name>
         <load_address>0x80cc0</load_address>
         <run_address>0x80cc0</run_address>
         <size>0x4</size>
         <input_file_ref idref="fl-a"/>
      </object_component>
      <object_component id="oc-79">
         <name>.cinit</name>
         <load_address>0x80cc4</load_address>
         <run_address>0x80cc4</run_address>
         <size>0x4</size>
         <input_file_ref idref="fl-2"/>
      </object_component>
      <object_component id="oc-8c">
         <name>.cinit</name>
         <load_address>0x80cc8</load_address>
         <run_address>0x80cc8</run_address>
         <size>0x4</size>
         <input_file_ref idref="fl-5"/>
      </object_component>
      <object_component id="oc-20d">
         <name>.cinit</name>
         <load_address>0x80ccc</load_address>
         <run_address>0x80ccc</run_address>
         <size>0x4</size>
         <input_file_ref idref="fl-3f"/>
      </object_component>
      <object_component id="oc-284">
         <name>.cinit</name>
         <load_address>0x80cd0</load_address>
         <run_address>0x80cd0</run_address>
         <size>0x4</size>
         <input_file_ref idref="fl-56"/>
      </object_component>
      <object_component id="oc-26e">
         <name>.cinit</name>
         <load_address>0x80cd4</load_address>
         <run_address>0x80cd4</run_address>
         <size>0x4</size>
         <input_file_ref idref="fl-52"/>
      </object_component>
      <object_component id="oc-216">
         <name>.cinit</name>
         <load_address>0x80cd8</load_address>
         <run_address>0x80cd8</run_address>
         <size>0x4</size>
         <input_file_ref idref="fl-41"/>
      </object_component>
      <object_component id="oc-227">
         <name>.cinit</name>
         <load_address>0x80cdc</load_address>
         <run_address>0x80cdc</run_address>
         <size>0x4</size>
         <input_file_ref idref="fl-44"/>
      </object_component>
      <object_component id="oc-2b1">
         <name>.cinit</name>
         <load_address>0x80ce0</load_address>
         <run_address>0x80ce0</run_address>
         <size>0x4</size>
         <input_file_ref idref="fl-5f"/>
      </object_component>
      <object_component id="oc-308">
         <name>.text</name>
         <load_address>0x88000</load_address>
         <run_address>0x88000</run_address>
         <size>0xf68</size>
         <input_file_ref idref="fl-9"/>
      </object_component>
      <object_component id="oc-311">
         <name>.text</name>
         <load_address>0x88f68</load_address>
         <run_address>0x88f68</run_address>
         <size>0xbb0</size>
         <input_file_ref idref="fl-a"/>
      </object_component>
      <object_component id="oc-2e9">
         <name>.text</name>
         <load_address>0x89b18</load_address>
         <run_address>0x89b18</run_address>
         <size>0x841</size>
         <input_file_ref idref="fl-b"/>
      </object_component>
      <object_component id="oc-30b">
         <name>.text</name>
         <load_address>0x8a359</load_address>
         <run_address>0x8a359</run_address>
         <size>0x77e</size>
         <input_file_ref idref="fl-7"/>
      </object_component>
      <object_component id="oc-2e4">
         <name>.text</name>
         <load_address>0x8aad7</load_address>
         <run_address>0x8aad7</run_address>
         <size>0x73d</size>
         <input_file_ref idref="fl-2"/>
      </object_component>
      <object_component id="oc-339">
         <name>.text</name>
         <load_address>0x8b214</load_address>
         <run_address>0x8b214</run_address>
         <size>0x6d0</size>
         <input_file_ref idref="fl-1f"/>
      </object_component>
      <object_component id="oc-327">
         <name>.text:__TI_printfi</name>
         <load_address>0x8b8e4</load_address>
         <run_address>0x8b8e4</run_address>
         <size>0x5f5</size>
         <input_file_ref idref="fl-1f"/>
      </object_component>
      <object_component id="oc-2dd">
         <name>.text</name>
         <load_address>0x8bed9</load_address>
         <run_address>0x8bed9</run_address>
         <size>0x588</size>
         <input_file_ref idref="fl-3"/>
      </object_component>
      <object_component id="oc-dc">
         <name>.text:retain</name>
         <load_address>0x8c461</load_address>
         <run_address>0x8c461</run_address>
         <size>0x585</size>
         <input_file_ref idref="fl-11"/>
      </object_component>
      <object_component id="oc-304">
         <name>.text</name>
         <load_address>0x8c9e6</load_address>
         <run_address>0x8c9e6</run_address>
         <size>0x490</size>
         <input_file_ref idref="fl-17"/>
      </object_component>
      <object_component id="oc-2de">
         <name>.text</name>
         <load_address>0x8ce76</load_address>
         <run_address>0x8ce76</run_address>
         <size>0x449</size>
         <input_file_ref idref="fl-e"/>
      </object_component>
      <object_component id="oc-30d">
         <name>.text</name>
         <load_address>0x8d2bf</load_address>
         <run_address>0x8d2bf</run_address>
         <size>0x40b</size>
         <input_file_ref idref="fl-8"/>
      </object_component>
      <object_component id="oc-2ea">
         <name>.text</name>
         <load_address>0x8d6ca</load_address>
         <run_address>0x8d6ca</run_address>
         <size>0x31c</size>
         <input_file_ref idref="fl-12"/>
      </object_component>
      <object_component id="oc-346">
         <name>.text</name>
         <load_address>0x8d9e6</load_address>
         <run_address>0x8d9e6</run_address>
         <size>0x28c</size>
         <input_file_ref idref="fl-44"/>
      </object_component>
      <object_component id="oc-2fa">
         <name>.text</name>
         <load_address>0x8dc72</load_address>
         <run_address>0x8dc72</run_address>
         <size>0x258</size>
         <input_file_ref idref="fl-5"/>
      </object_component>
      <object_component id="oc-2f6">
         <name>.text</name>
         <load_address>0x8deca</load_address>
         <run_address>0x8deca</run_address>
         <size>0x240</size>
         <input_file_ref idref="fl-14"/>
      </object_component>
      <object_component id="oc-321">
         <name>.text</name>
         <load_address>0x8e10a</load_address>
         <run_address>0x8e10a</run_address>
         <size>0x1bc</size>
         <input_file_ref idref="fl-46"/>
      </object_component>
      <object_component id="oc-2ef">
         <name>.text</name>
         <load_address>0x8e2c6</load_address>
         <run_address>0x8e2c6</run_address>
         <size>0x198</size>
         <input_file_ref idref="fl-d"/>
      </object_component>
      <object_component id="oc-30c">
         <name>.text</name>
         <load_address>0x8e45e</load_address>
         <run_address>0x8e45e</run_address>
         <size>0x137</size>
         <input_file_ref idref="fl-4"/>
      </object_component>
      <object_component id="oc-347">
         <name>.text</name>
         <load_address>0x8e595</load_address>
         <run_address>0x8e595</run_address>
         <size>0x121</size>
         <input_file_ref idref="fl-52"/>
      </object_component>
      <object_component id="oc-1b8">
         <name>.text</name>
         <load_address>0x8e6b6</load_address>
         <run_address>0x8e6b6</run_address>
         <size>0x107</size>
         <input_file_ref idref="fl-2e"/>
      </object_component>
      <object_component id="oc-331">
         <name>.text</name>
         <load_address>0x8e7bd</load_address>
         <run_address>0x8e7bd</run_address>
         <size>0xf8</size>
         <input_file_ref idref="fl-41"/>
      </object_component>
      <object_component id="oc-343">
         <name>.text</name>
         <load_address>0x8e8b5</load_address>
         <run_address>0x8e8b5</run_address>
         <size>0xa9</size>
         <input_file_ref idref="fl-4e"/>
      </object_component>
      <object_component id="oc-324">
         <name>.text</name>
         <load_address>0x8e95e</load_address>
         <run_address>0x8e95e</run_address>
         <size>0xa8</size>
         <input_file_ref idref="fl-22"/>
      </object_component>
      <object_component id="oc-279">
         <name>.text</name>
         <load_address>0x8ea06</load_address>
         <run_address>0x8ea06</run_address>
         <size>0x9c</size>
         <input_file_ref idref="fl-54"/>
      </object_component>
      <object_component id="oc-358">
         <name>.text</name>
         <load_address>0x8eaa2</load_address>
         <run_address>0x8eaa2</run_address>
         <size>0x95</size>
         <input_file_ref idref="fl-5e"/>
      </object_component>
      <object_component id="oc-1d6">
         <name>.text</name>
         <load_address>0x8eb37</load_address>
         <run_address>0x8eb37</run_address>
         <size>0x8b</size>
         <input_file_ref idref="fl-34"/>
      </object_component>
      <object_component id="oc-195">
         <name>.text</name>
         <load_address>0x8ebc2</load_address>
         <run_address>0x8ebc2</run_address>
         <size>0x83</size>
         <input_file_ref idref="fl-27"/>
      </object_component>
      <object_component id="oc-314">
         <name>.text</name>
         <load_address>0x8ec45</load_address>
         <run_address>0x8ec45</run_address>
         <size>0x7c</size>
         <input_file_ref idref="fl-10"/>
      </object_component>
      <object_component id="oc-33d">
         <name>.text</name>
         <load_address>0x8ecc1</load_address>
         <run_address>0x8ecc1</run_address>
         <size>0x7c</size>
         <input_file_ref idref="fl-24"/>
      </object_component>
      <object_component id="oc-333">
         <name>.text</name>
         <load_address>0x8ed3d</load_address>
         <run_address>0x8ed3d</run_address>
         <size>0x73</size>
         <input_file_ref idref="fl-51"/>
      </object_component>
      <object_component id="oc-34b">
         <name>.text</name>
         <load_address>0x8edb0</load_address>
         <run_address>0x8edb0</run_address>
         <size>0x71</size>
         <input_file_ref idref="fl-5f"/>
      </object_component>
      <object_component id="oc-332">
         <name>.text</name>
         <load_address>0x8ee21</load_address>
         <run_address>0x8ee21</run_address>
         <size>0x65</size>
         <input_file_ref idref="fl-23"/>
      </object_component>
      <object_component id="oc-34c">
         <name>.text</name>
         <load_address>0x8ee86</load_address>
         <run_address>0x8ee86</run_address>
         <size>0x5d</size>
         <input_file_ref idref="fl-61"/>
      </object_component>
      <object_component id="oc-351">
         <name>.text</name>
         <load_address>0x8eee3</load_address>
         <run_address>0x8eee3</run_address>
         <size>0x5b</size>
         <input_file_ref idref="fl-58"/>
      </object_component>
      <object_component id="oc-342">
         <name>.text</name>
         <load_address>0x8ef3e</load_address>
         <run_address>0x8ef3e</run_address>
         <size>0x5a</size>
         <input_file_ref idref="fl-4d"/>
      </object_component>
      <object_component id="oc-307">
         <name>.text</name>
         <load_address>0x8ef98</load_address>
         <run_address>0x8ef98</run_address>
         <size>0x57</size>
         <input_file_ref idref="fl-c"/>
      </object_component>
      <object_component id="oc-189">
         <name>.text</name>
         <load_address>0x8efef</load_address>
         <run_address>0x8efef</run_address>
         <size>0x56</size>
         <input_file_ref idref="fl-25"/>
      </object_component>
      <object_component id="oc-322">
         <name>.text</name>
         <load_address>0x8f045</load_address>
         <run_address>0x8f045</run_address>
         <size>0x56</size>
         <input_file_ref idref="fl-40"/>
      </object_component>
      <object_component id="oc-323">
         <name>.text</name>
         <load_address>0x8f09b</load_address>
         <run_address>0x8f09b</run_address>
         <size>0x53</size>
         <input_file_ref idref="fl-21"/>
      </object_component>
      <object_component id="oc-354">
         <name>.text</name>
         <load_address>0x8f0ee</load_address>
         <run_address>0x8f0ee</run_address>
         <size>0x51</size>
         <input_file_ref idref="fl-62"/>
      </object_component>
      <object_component id="oc-353">
         <name>.text</name>
         <load_address>0x8f13f</load_address>
         <run_address>0x8f13f</run_address>
         <size>0x3e</size>
         <input_file_ref idref="fl-5b"/>
      </object_component>
      <object_component id="oc-33c">
         <name>.text</name>
         <load_address>0x8f17d</load_address>
         <run_address>0x8f17d</run_address>
         <size>0x3d</size>
         <input_file_ref idref="fl-53"/>
      </object_component>
      <object_component id="oc-34d">
         <name>.text</name>
         <load_address>0x8f1ba</load_address>
         <run_address>0x8f1ba</run_address>
         <size>0x38</size>
         <input_file_ref idref="fl-59"/>
      </object_component>
      <object_component id="oc-350">
         <name>.text</name>
         <load_address>0x8f1f2</load_address>
         <run_address>0x8f1f2</run_address>
         <size>0x37</size>
         <input_file_ref idref="fl-5d"/>
      </object_component>
      <object_component id="oc-34f">
         <name>.text</name>
         <load_address>0x8f229</load_address>
         <run_address>0x8f229</run_address>
         <size>0x36</size>
         <input_file_ref idref="fl-5a"/>
      </object_component>
      <object_component id="oc-310">
         <name>.text</name>
         <load_address>0x8f25f</load_address>
         <run_address>0x8f25f</run_address>
         <size>0x34</size>
         <input_file_ref idref="fl-1e"/>
      </object_component>
      <object_component id="oc-319">
         <name>.text</name>
         <load_address>0x8f293</load_address>
         <run_address>0x8f293</run_address>
         <size>0x32</size>
         <input_file_ref idref="fl-20"/>
      </object_component>
      <object_component id="oc-336">
         <name>.text</name>
         <load_address>0x8f2c5</load_address>
         <run_address>0x8f2c5</run_address>
         <size>0x31</size>
         <input_file_ref idref="fl-3d"/>
      </object_component>
      <object_component id="oc-341">
         <name>.text</name>
         <load_address>0x8f2f6</load_address>
         <run_address>0x8f2f6</run_address>
         <size>0x30</size>
         <input_file_ref idref="fl-3b"/>
      </object_component>
      <object_component id="oc-190">
         <name>.text</name>
         <load_address>0x8f326</load_address>
         <run_address>0x8f326</run_address>
         <size>0x2a</size>
         <input_file_ref idref="fl-26"/>
      </object_component>
      <object_component id="oc-27e">
         <name>.text</name>
         <load_address>0x8f350</load_address>
         <run_address>0x8f350</run_address>
         <size>0x2a</size>
         <input_file_ref idref="fl-55"/>
      </object_component>
      <object_component id="oc-2f2">
         <name>.text</name>
         <load_address>0x8f37a</load_address>
         <run_address>0x8f37a</run_address>
         <size>0x29</size>
         <input_file_ref idref="fl-6"/>
      </object_component>
      <object_component id="oc-2e3">
         <name>.text</name>
         <load_address>0x8f3a3</load_address>
         <run_address>0x8f3a3</run_address>
         <size>0x29</size>
         <input_file_ref idref="fl-39"/>
      </object_component>
      <object_component id="oc-305">
         <name>.text</name>
         <load_address>0x8f3cc</load_address>
         <run_address>0x8f3cc</run_address>
         <size>0x28</size>
         <input_file_ref idref="fl-15"/>
      </object_component>
      <object_component id="oc-34e">
         <name>.text</name>
         <load_address>0x8f3f4</load_address>
         <run_address>0x8f3f4</run_address>
         <size>0x27</size>
         <input_file_ref idref="fl-57"/>
      </object_component>
      <object_component id="oc-306">
         <name>.text</name>
         <load_address>0x8f41b</load_address>
         <run_address>0x8f41b</run_address>
         <size>0x26</size>
         <input_file_ref idref="fl-16"/>
      </object_component>
      <object_component id="oc-2e0">
         <name>.text</name>
         <load_address>0x8f441</load_address>
         <run_address>0x8f441</run_address>
         <size>0x24</size>
         <input_file_ref idref="fl-35"/>
      </object_component>
      <object_component id="oc-352">
         <name>.text</name>
         <load_address>0x8f465</load_address>
         <run_address>0x8f465</run_address>
         <size>0x24</size>
         <input_file_ref idref="fl-5c"/>
      </object_component>
      <object_component id="oc-34a">
         <name>.text</name>
         <load_address>0x8f489</load_address>
         <run_address>0x8f489</run_address>
         <size>0x24</size>
         <input_file_ref idref="fl-4f"/>
      </object_component>
      <object_component id="oc-1c2">
         <name>.text</name>
         <load_address>0x8f4ad</load_address>
         <run_address>0x8f4ad</run_address>
         <size>0x22</size>
         <input_file_ref idref="fl-30"/>
      </object_component>
      <object_component id="oc-1a4">
         <name>.text</name>
         <load_address>0x8f4cf</load_address>
         <run_address>0x8f4cf</run_address>
         <size>0x21</size>
         <input_file_ref idref="fl-2a"/>
      </object_component>
      <object_component id="oc-1a9">
         <name>.text</name>
         <load_address>0x8f4f0</load_address>
         <run_address>0x8f4f0</run_address>
         <size>0x1f</size>
         <input_file_ref idref="fl-2b"/>
      </object_component>
      <object_component id="oc-1b3">
         <name>.text</name>
         <load_address>0x8f50f</load_address>
         <run_address>0x8f50f</run_address>
         <size>0x1e</size>
         <input_file_ref idref="fl-2d"/>
      </object_component>
      <object_component id="oc-1bd">
         <name>.text</name>
         <load_address>0x8f52d</load_address>
         <run_address>0x8f52d</run_address>
         <size>0x1d</size>
         <input_file_ref idref="fl-2f"/>
      </object_component>
      <object_component id="oc-2f1">
         <name>.text</name>
         <load_address>0x8f54a</load_address>
         <run_address>0x8f54a</run_address>
         <size>0x1d</size>
         <input_file_ref idref="fl-36"/>
      </object_component>
      <object_component id="oc-1d1">
         <name>.text</name>
         <load_address>0x8f567</load_address>
         <run_address>0x8f567</run_address>
         <size>0x1c</size>
         <input_file_ref idref="fl-33"/>
      </object_component>
      <object_component id="oc-1cc">
         <name>.text</name>
         <load_address>0x8f583</load_address>
         <run_address>0x8f583</run_address>
         <size>0x1c</size>
         <input_file_ref idref="fl-32"/>
      </object_component>
      <object_component id="oc-35b">
         <name>.text</name>
         <load_address>0x8f59f</load_address>
         <run_address>0x8f59f</run_address>
         <size>0x19</size>
         <input_file_ref idref="fl-66"/>
      </object_component>
      <object_component id="oc-334">
         <name>.text</name>
         <load_address>0x8f5b8</load_address>
         <run_address>0x8f5b8</run_address>
         <size>0x19</size>
         <input_file_ref idref="fl-4b"/>
      </object_component>
      <object_component id="oc-1ae">
         <name>.text</name>
         <load_address>0x8f5d1</load_address>
         <run_address>0x8f5d1</run_address>
         <size>0x18</size>
         <input_file_ref idref="fl-2c"/>
      </object_component>
      <object_component id="oc-345">
         <name>.text</name>
         <load_address>0x8f5e9</load_address>
         <run_address>0x8f5e9</run_address>
         <size>0x18</size>
         <input_file_ref idref="fl-60"/>
      </object_component>
      <object_component id="oc-35a">
         <name>.text</name>
         <load_address>0x8f601</load_address>
         <run_address>0x8f601</run_address>
         <size>0x15</size>
         <input_file_ref idref="fl-64"/>
      </object_component>
      <object_component id="oc-2e2">
         <name>.text</name>
         <load_address>0x8f616</load_address>
         <run_address>0x8f616</run_address>
         <size>0x12</size>
         <input_file_ref idref="fl-3c"/>
      </object_component>
      <object_component id="oc-33a">
         <name>.text</name>
         <load_address>0x8f628</load_address>
         <run_address>0x8f628</run_address>
         <size>0x10</size>
         <input_file_ref idref="fl-42"/>
      </object_component>
      <object_component id="oc-19f">
         <name>.text</name>
         <load_address>0x8f638</load_address>
         <run_address>0x8f638</run_address>
         <size>0xe</size>
         <input_file_ref idref="fl-29"/>
      </object_component>
      <object_component id="oc-335">
         <name>.text</name>
         <load_address>0x8f646</load_address>
         <run_address>0x8f646</run_address>
         <size>0xd</size>
         <input_file_ref idref="fl-43"/>
      </object_component>
      <object_component id="oc-344">
         <name>.text</name>
         <load_address>0x8f653</load_address>
         <run_address>0x8f653</run_address>
         <size>0xc</size>
         <input_file_ref idref="fl-47"/>
      </object_component>
      <object_component id="oc-1c7">
         <name>.text</name>
         <load_address>0x8f65f</load_address>
         <run_address>0x8f65f</run_address>
         <size>0xb</size>
         <input_file_ref idref="fl-31"/>
      </object_component>
      <object_component id="oc-359">
         <name>.text</name>
         <load_address>0x8f66a</load_address>
         <run_address>0x8f66a</run_address>
         <size>0xa</size>
         <input_file_ref idref="fl-63"/>
      </object_component>
      <object_component id="oc-309">
         <name>.text</name>
         <load_address>0x8f674</load_address>
         <run_address>0x8f674</run_address>
         <size>0x9</size>
         <input_file_ref idref="fl-3a"/>
      </object_component>
      <object_component id="oc-19a">
         <name>.text</name>
         <load_address>0x8f67d</load_address>
         <run_address>0x8f67d</run_address>
         <size>0x9</size>
         <input_file_ref idref="fl-28"/>
      </object_component>
      <object_component id="oc-33b">
         <name>.text</name>
         <load_address>0x8f686</load_address>
         <run_address>0x8f686</run_address>
         <size>0x9</size>
         <input_file_ref idref="fl-50"/>
      </object_component>
      <object_component id="oc-32d">
         <name>.text</name>
         <load_address>0x8f68f</load_address>
         <run_address>0x8f68f</run_address>
         <size>0x8</size>
         <input_file_ref idref="fl-49"/>
      </object_component>
      <object_component id="oc-337">
         <name>.text</name>
         <load_address>0x8f697</load_address>
         <run_address>0x8f697</run_address>
         <size>0x7</size>
         <input_file_ref idref="fl-45"/>
      </object_component>
      <object_component id="oc-338">
         <name>.text</name>
         <load_address>0x8f69e</load_address>
         <run_address>0x8f69e</run_address>
         <size>0x5</size>
         <input_file_ref idref="fl-48"/>
      </object_component>
      <object_component id="oc-356">
         <name>.text</name>
         <load_address>0x8f6a3</load_address>
         <run_address>0x8f6a3</run_address>
         <size>0x3</size>
         <input_file_ref idref="fl-65"/>
      </object_component>
      <object_component id="oc-2df">
         <name>.text</name>
         <load_address>0x8f6a6</load_address>
         <run_address>0x8f6a6</run_address>
         <size>0x2</size>
         <input_file_ref idref="fl-37"/>
      </object_component>
      <object_component id="oc-2e1">
         <name>.text</name>
         <load_address>0x8f6a8</load_address>
         <run_address>0x8f6a8</run_address>
         <size>0x1</size>
         <input_file_ref idref="fl-38"/>
      </object_component>
      <object_component id="oc-77">
         <name>codestart</name>
         <load_address>0x80000</load_address>
         <run_address>0x80000</run_address>
         <size>0x2</size>
         <input_file_ref idref="fl-f"/>
      </object_component>
      <object_component id="oc-315">
         <name>.TI.ramfunc</name>
         <load_address>0xa8000</load_address>
         <run_address>0x12000</run_address>
         <size>0x2946</size>
         <input_file_ref idref="fl-9"/>
      </object_component>
      <object_component id="oc-2f5">
         <name>.TI.ramfunc</name>
         <load_address>0xaa946</load_address>
         <run_address>0x14946</run_address>
         <size>0x561</size>
         <input_file_ref idref="fl-b"/>
      </object_component>
      <object_component id="oc-2dc">
         <name>.TI.ramfunc</name>
         <load_address>0xaaea7</load_address>
         <run_address>0x14ea7</run_address>
         <size>0x4a7</size>
         <input_file_ref idref="fl-2"/>
      </object_component>
      <object_component id="oc-c0">
         <name>.TI.ramfunc:retain</name>
         <load_address>0xab34e</load_address>
         <run_address>0x1534e</run_address>
         <size>0xff</size>
         <input_file_ref idref="fl-c"/>
      </object_component>
      <object_component id="oc-a8">
         <name>.TI.ramfunc:retain</name>
         <load_address>0xab44d</load_address>
         <run_address>0x1544d</run_address>
         <size>0x7f</size>
         <input_file_ref idref="fl-9"/>
      </object_component>
      <object_component id="oc-312">
         <name>.TI.ramfunc</name>
         <load_address>0xab4cc</load_address>
         <run_address>0x154cc</run_address>
         <size>0x6e</size>
         <input_file_ref idref="fl-17"/>
      </object_component>
      <object_component id="oc-15e">
         <name>.TI.ramfunc</name>
         <load_address>0xab53a</load_address>
         <run_address>0x1553a</run_address>
         <size>0x4</size>
         <input_file_ref idref="fl-18"/>
      </object_component>
      <object_component id="oc-18a">
         <name>.stack</name>
         <uninitialized>true</uninitialized>
         <run_address>0x122</run_address>
         <size>0x0</size>
         <input_file_ref idref="fl-25"/>
      </object_component>
      <object_component id="oc-3da">
         <name>.stack</name>
         <uninitialized>true</uninitialized>
         <run_address>0x122</run_address>
         <size>0x0</size>
      </object_component>
      <object_component id="oc-7a">
         <name>.ebss</name>
         <uninitialized>true</uninitialized>
         <run_address>0xb000</run_address>
         <size>0x147a</size>
         <input_file_ref idref="fl-2"/>
      </object_component>
      <object_component id="oc-1f1">
         <name>.ebss</name>
         <uninitialized>true</uninitialized>
         <run_address>0xc47a</run_address>
         <size>0x6</size>
         <input_file_ref idref="fl-39"/>
      </object_component>
      <object_component id="oc-b8">
         <name>.ebss</name>
         <uninitialized>true</uninitialized>
         <run_address>0xc480</run_address>
         <size>0x101c</size>
         <input_file_ref idref="fl-b"/>
      </object_component>
      <object_component id="oc-2ed">
         <name>.ebss:_bSerial</name>
         <uninitialized>true</uninitialized>
         <run_address>0xd49c</run_address>
         <size>0x21</size>
         <input_file_ref idref="fl-3"/>
      </object_component>
      <object_component id="oc-b0">
         <name>.ebss</name>
         <uninitialized>true</uninitialized>
         <run_address>0xd4bd</run_address>
         <size>0x3</size>
         <input_file_ref idref="fl-a"/>
      </object_component>
      <object_component id="oc-2da">
         <name>.ebss:_sKeySet</name>
         <uninitialized>true</uninitialized>
         <run_address>0xd4c0</run_address>
         <size>0x7b8</size>
         <input_file_ref idref="fl-9"/>
      </object_component>
      <object_component id="oc-357">
         <name>.ebss:_parmbuf</name>
         <uninitialized>true</uninitialized>
         <run_address>0xdc78</run_address>
         <size>0x8</size>
         <input_file_ref idref="fl-59"/>
      </object_component>
      <object_component id="oc-a6">
         <name>.ebss</name>
         <uninitialized>true</uninitialized>
         <run_address>0xdc80</run_address>
         <size>0x7b4</size>
         <input_file_ref idref="fl-9"/>
      </object_component>
      <object_component id="oc-249">
         <name>.ebss</name>
         <uninitialized>true</uninitialized>
         <run_address>0xe434</run_address>
         <size>0xc</size>
         <input_file_ref idref="fl-4a"/>
      </object_component>
      <object_component id="oc-9a">
         <name>.ebss</name>
         <uninitialized>true</uninitialized>
         <run_address>0xe440</run_address>
         <size>0x18c</size>
         <input_file_ref idref="fl-7"/>
      </object_component>
      <object_component id="oc-33e">
         <name>.ebss:__stream</name>
         <uninitialized>true</uninitialized>
         <run_address>0xe5cc</run_address>
         <size>0x28</size>
         <input_file_ref idref="fl-4c"/>
      </object_component>
      <object_component id="oc-a0">
         <name>.ebss</name>
         <uninitialized>true</uninitialized>
         <run_address>0xe5f4</run_address>
         <size>0xa</size>
         <input_file_ref idref="fl-8"/>
      </object_component>
      <object_component id="oc-2f3">
         <name>.ebss:__lock</name>
         <uninitialized>true</uninitialized>
         <run_address>0xe5fe</run_address>
         <size>0x2</size>
         <input_file_ref idref="fl-3a"/>
      </object_component>
      <object_component id="oc-2f8">
         <name>.ebss:_lKTY81_210</name>
         <uninitialized>true</uninitialized>
         <run_address>0xe600</run_address>
         <size>0x12e</size>
         <input_file_ref idref="fl-b"/>
      </object_component>
      <object_component id="oc-2eb">
         <name>.ebss:_bModel</name>
         <uninitialized>true</uninitialized>
         <run_address>0xe72e</run_address>
         <size>0x11</size>
         <input_file_ref idref="fl-3"/>
      </object_component>
      <object_component id="oc-8d">
         <name>.ebss</name>
         <uninitialized>true</uninitialized>
         <run_address>0xe73f</run_address>
         <size>0x1</size>
         <input_file_ref idref="fl-5"/>
      </object_component>
      <object_component id="oc-2e7">
         <name>.ebss:_fCos</name>
         <uninitialized>true</uninitialized>
         <run_address>0xe740</run_address>
         <size>0x100</size>
         <input_file_ref idref="fl-2"/>
      </object_component>
      <object_component id="oc-2e5">
         <name>.ebss:_fSin</name>
         <uninitialized>true</uninitialized>
         <run_address>0xe840</run_address>
         <size>0x100</size>
         <input_file_ref idref="fl-2"/>
      </object_component>
      <object_component id="oc-2db">
         <name>.ebss:_sRmsSet</name>
         <uninitialized>true</uninitialized>
         <run_address>0xe940</run_address>
         <size>0xc0</size>
         <input_file_ref idref="fl-b"/>
      </object_component>
      <object_component id="oc-355">
         <name>.ebss:___TI_tmpnams</name>
         <uninitialized>true</uninitialized>
         <run_address>0xea00</run_address>
         <size>0xa0</size>
         <input_file_ref idref="fl-3f"/>
      </object_component>
      <object_component id="oc-94">
         <name>.ebss</name>
         <uninitialized>true</uninitialized>
         <run_address>0xeaa0</run_address>
         <size>0x1c</size>
         <input_file_ref idref="fl-6"/>
      </object_component>
      <object_component id="oc-2f0">
         <name>.ebss:__DNS_</name>
         <uninitialized>true</uninitialized>
         <run_address>0xeabc</run_address>
         <size>0x4</size>
         <input_file_ref idref="fl-e"/>
      </object_component>
      <object_component id="oc-325">
         <name>.ebss:__ftable</name>
         <uninitialized>true</uninitialized>
         <run_address>0xeac0</run_address>
         <size>0x78</size>
         <input_file_ref idref="fl-3f"/>
      </object_component>
      <object_component id="oc-300">
         <name>.ebss:_sock_pack_info</name>
         <uninitialized>true</uninitialized>
         <run_address>0xeb38</run_address>
         <size>0x8</size>
         <input_file_ref idref="fl-a"/>
      </object_component>
      <object_component id="oc-348">
         <name>.ebss:__device</name>
         <uninitialized>true</uninitialized>
         <run_address>0xeb40</run_address>
         <size>0x48</size>
         <input_file_ref idref="fl-4c"/>
      </object_component>
      <object_component id="oc-cc">
         <name>.ebss</name>
         <uninitialized>true</uninitialized>
         <run_address>0xeb88</run_address>
         <size>0x1c</size>
         <input_file_ref idref="fl-e"/>
      </object_component>
      <object_component id="oc-d6">
         <name>.ebss</name>
         <uninitialized>true</uninitialized>
         <run_address>0xeba4</run_address>
         <size>0x18</size>
         <input_file_ref idref="fl-10"/>
      </object_component>
      <object_component id="oc-81">
         <name>.ebss</name>
         <uninitialized>true</uninitialized>
         <run_address>0xebbc</run_address>
         <size>0x4</size>
         <input_file_ref idref="fl-3"/>
      </object_component>
      <object_component id="oc-318">
         <name>.ebss:_pbChr2</name>
         <uninitialized>true</uninitialized>
         <run_address>0xebc0</run_address>
         <size>0x40</size>
         <input_file_ref idref="fl-9"/>
      </object_component>
      <object_component id="oc-32e">
         <name>.ebss:_pbChr</name>
         <uninitialized>true</uninitialized>
         <run_address>0xec00</run_address>
         <size>0x40</size>
         <input_file_ref idref="fl-9"/>
      </object_component>
      <object_component id="oc-2fc">
         <name>.ebss:_wiznet_memsize</name>
         <uninitialized>true</uninitialized>
         <run_address>0xec40</run_address>
         <size>0x10</size>
         <input_file_ref idref="fl-b"/>
      </object_component>
      <object_component id="oc-217">
         <name>.ebss</name>
         <uninitialized>true</uninitialized>
         <run_address>0xec50</run_address>
         <size>0x9</size>
         <input_file_ref idref="fl-41"/>
      </object_component>
      <object_component id="oc-302">
         <name>.ebss:_sock_remained_byte</name>
         <uninitialized>true</uninitialized>
         <run_address>0xec59</run_address>
         <size>0x8</size>
         <input_file_ref idref="fl-a"/>
      </object_component>
      <object_component id="oc-328">
         <name>.ebss:_sock_remained_size</name>
         <uninitialized>true</uninitialized>
         <run_address>0xec61</run_address>
         <size>0x8</size>
         <input_file_ref idref="fl-a"/>
      </object_component>
      <object_component id="oc-20e">
         <name>.ebss</name>
         <uninitialized>true</uninitialized>
         <run_address>0xec69</run_address>
         <size>0x1</size>
         <input_file_ref idref="fl-3f"/>
      </object_component>
      <object_component id="oc-228">
         <name>.ebss</name>
         <uninitialized>true</uninitialized>
         <run_address>0xec6a</run_address>
         <size>0x4</size>
         <input_file_ref idref="fl-44"/>
      </object_component>
      <object_component id="oc-31d">
         <name>.ebss:__unlock</name>
         <uninitialized>true</uninitialized>
         <run_address>0xec6e</run_address>
         <size>0x2</size>
         <input_file_ref idref="fl-3a"/>
      </object_component>
      <object_component id="oc-285">
         <name>.ebss</name>
         <uninitialized>true</uninitialized>
         <run_address>0xec70</run_address>
         <size>0x1</size>
         <input_file_ref idref="fl-56"/>
      </object_component>
      <object_component id="oc-26f">
         <name>.ebss</name>
         <uninitialized>true</uninitialized>
         <run_address>0xec71</run_address>
         <size>0x1</size>
         <input_file_ref idref="fl-52"/>
      </object_component>
      <object_component id="oc-2b2">
         <name>.ebss</name>
         <uninitialized>true</uninitialized>
         <run_address>0xec72</run_address>
         <size>0x1</size>
         <input_file_ref idref="fl-5f"/>
      </object_component>
      <object_component id="oc-229">
         <name>.esysmem</name>
         <uninitialized>true</uninitialized>
         <run_address>0x8000</run_address>
         <size>0x4</size>
         <input_file_ref idref="fl-44"/>
      </object_component>
      <object_component id="oc-3db">
         <name>.esysmem</name>
         <uninitialized>true</uninitialized>
         <run_address>0x8000</run_address>
         <size>0x0</size>
      </object_component>
      <object_component id="oc-2ab">
         <name>.cio</name>
         <uninitialized>true</uninitialized>
         <run_address>0x8600</run_address>
         <size>0x120</size>
         <input_file_ref idref="fl-5e"/>
      </object_component>
      <object_component id="oc-a9">
         <name>.econst:.string</name>
         <load_address>0xba000</load_address>
         <run_address>0xba000</run_address>
         <size>0x196d</size>
         <input_file_ref idref="fl-9"/>
      </object_component>
      <object_component id="oc-313">
         <name>.econst:_PieVectTableInit</name>
         <load_address>0xbb96e</load_address>
         <run_address>0xbb96e</run_address>
         <size>0x1c0</size>
         <input_file_ref idref="fl-16"/>
      </object_component>
      <object_component id="oc-ba">
         <name>.econst:.string</name>
         <load_address>0xbbb2e</load_address>
         <run_address>0xbbb2e</run_address>
         <size>0x18a</size>
         <input_file_ref idref="fl-b"/>
      </object_component>
      <object_component id="oc-8e">
         <name>.econst:.string</name>
         <load_address>0xbbcb8</load_address>
         <run_address>0xbbcb8</run_address>
         <size>0x13f</size>
         <input_file_ref idref="fl-5"/>
      </object_component>
      <object_component id="oc-340">
         <name>.econst:.string:__ctypes_</name>
         <load_address>0xbbdf7</load_address>
         <run_address>0xbbdf7</run_address>
         <size>0x101</size>
         <input_file_ref idref="fl-3e"/>
      </object_component>
      <object_component id="oc-320">
         <name>.econst:_wCRCTable</name>
         <load_address>0xbbef8</load_address>
         <run_address>0xbbef8</run_address>
         <size>0x100</size>
         <input_file_ref idref="fl-7"/>
      </object_component>
      <object_component id="oc-16a">
         <name>.econst:.string</name>
         <load_address>0xbbff8</load_address>
         <run_address>0xbbff8</run_address>
         <size>0x26</size>
         <input_file_ref idref="fl-1f"/>
      </object_component>
      <object_component id="oc-2f7">
         <name>.econst:_ADDRESS_MAP</name>
         <load_address>0xbc01e</load_address>
         <run_address>0xbc01e</run_address>
         <size>0x1c</size>
         <input_file_ref idref="fl-b"/>
      </object_component>
      <object_component id="oc-169">
         <name>.econst</name>
         <load_address>0xbc03a</load_address>
         <run_address>0xbc03a</run_address>
         <size>0x1c</size>
         <input_file_ref idref="fl-1f"/>
      </object_component>
      <object_component id="oc-259">
         <name>.econst</name>
         <load_address>0xbc056</load_address>
         <run_address>0xbc056</run_address>
         <size>0x1c</size>
         <input_file_ref idref="fl-4e"/>
      </object_component>
      <object_component id="oc-330">
         <name>.econst:_mon_day</name>
         <load_address>0xbc072</load_address>
         <run_address>0xbc072</run_address>
         <size>0xc</size>
         <input_file_ref idref="fl-46"/>
      </object_component>
      <object_component id="oc-32f">
         <name>.econst:_mon_len</name>
         <load_address>0xbc07e</load_address>
         <run_address>0xbc07e</run_address>
         <size>0xc</size>
         <input_file_ref idref="fl-46"/>
      </object_component>
      <object_component id="oc-253">
         <name>.econst</name>
         <load_address>0xbc08a</load_address>
         <run_address>0xbc08a</run_address>
         <size>0x8</size>
         <input_file_ref idref="fl-4d"/>
      </object_component>
      <object_component id="oc-b1">
         <name>.econst:.string</name>
         <load_address>0xbc092</load_address>
         <run_address>0xbc092</run_address>
         <size>0x5</size>
         <input_file_ref idref="fl-a"/>
      </object_component>
      <object_component id="oc-32a">
         <name>.econst:.string:_$P$T0$1</name>
         <load_address>0xbc097</load_address>
         <run_address>0xbc097</run_address>
         <size>0x4</size>
         <input_file_ref idref="fl-a"/>
      </object_component>
      <object_component id="oc-17a">
         <name>.econst:.string</name>
         <load_address>0xbc09c</load_address>
         <run_address>0xbc09c</run_address>
         <size>0x2</size>
         <input_file_ref idref="fl-22"/>
      </object_component>
      <object_component id="oc-32c">
         <name>.switch:_Debug_Make</name>
         <load_address>0x84000</load_address>
         <run_address>0x84000</run_address>
         <size>0x28e</size>
         <input_file_ref idref="fl-9"/>
      </object_component>
      <object_component id="oc-30e">
         <name>.switch:_Integral_Make</name>
         <load_address>0x8428e</load_address>
         <run_address>0x8428e</run_address>
         <size>0x288</size>
         <input_file_ref idref="fl-b"/>
      </object_component>
      <object_component id="oc-317">
         <name>.switch:_Debug_TCursor</name>
         <load_address>0x84516</load_address>
         <run_address>0x84516</run_address>
         <size>0xea</size>
         <input_file_ref idref="fl-9"/>
      </object_component>
      <object_component id="oc-31a">
         <name>.switch:_Debug_THelpList</name>
         <load_address>0x84600</load_address>
         <run_address>0x84600</run_address>
         <size>0xea</size>
         <input_file_ref idref="fl-9"/>
      </object_component>
      <object_component id="oc-31b">
         <name>.switch:_Debug_THelpListFull</name>
         <load_address>0x846ea</load_address>
         <run_address>0x846ea</run_address>
         <size>0xea</size>
         <input_file_ref idref="fl-9"/>
      </object_component>
      <object_component id="oc-316">
         <name>.switch:_Debug_TList</name>
         <load_address>0x847d4</load_address>
         <run_address>0x847d4</run_address>
         <size>0xea</size>
         <input_file_ref idref="fl-9"/>
      </object_component>
      <object_component id="oc-31c">
         <name>.switch:_Setting_View</name>
         <load_address>0x848be</load_address>
         <run_address>0x848be</run_address>
         <size>0x86</size>
         <input_file_ref idref="fl-9"/>
      </object_component>
      <object_component id="oc-2ff">
         <name>.switch:_Debug_ViewChk</name>
         <load_address>0x84944</load_address>
         <run_address>0x84944</run_address>
         <size>0x7e</size>
         <input_file_ref idref="fl-b"/>
      </object_component>
      <object_component id="oc-2fb">
         <name>.switch:_w5300_Make</name>
         <load_address>0x849c2</load_address>
         <run_address>0x849c2</run_address>
         <size>0x72</size>
         <input_file_ref idref="fl-b"/>
      </object_component>
      <object_component id="oc-30f">
         <name>.switch:_List_Evt</name>
         <load_address>0x84a34</load_address>
         <run_address>0x84a34</run_address>
         <size>0x40</size>
         <input_file_ref idref="fl-b"/>
      </object_component>
      <object_component id="oc-31e">
         <name>.switch:_Modbus_RxMake</name>
         <load_address>0x84a74</load_address>
         <run_address>0x84a74</run_address>
         <size>0x30</size>
         <input_file_ref idref="fl-7"/>
      </object_component>
      <object_component id="oc-2fe">
         <name>.switch:_SvCheck</name>
         <load_address>0x84aa4</load_address>
         <run_address>0x84aa4</run_address>
         <size>0x24</size>
         <input_file_ref idref="fl-b"/>
      </object_component>
      <object_component id="oc-31f">
         <name>.switch:_Modbus_Addr</name>
         <load_address>0x84ac8</load_address>
         <run_address>0x84ac8</run_address>
         <size>0x1c</size>
         <input_file_ref idref="fl-7"/>
      </object_component>
      <object_component id="oc-32b">
         <name>.switch:_getsockopt</name>
         <load_address>0x84ae4</load_address>
         <run_address>0x84ae4</run_address>
         <size>0x1a</size>
         <input_file_ref idref="fl-a"/>
      </object_component>
      <object_component id="oc-18b">
         <name>.reset</name>
         <load_address>0x3fffc0</load_address>
         <run_address>0x3fffc0</run_address>
         <size>0x2</size>
         <input_file_ref idref="fl-25"/>
      </object_component>
      <object_component id="oc-148">
         <name>PieVectTableFile</name>
         <uninitialized>true</uninitialized>
         <run_address>0xd00</run_address>
         <size>0x1c0</size>
         <input_file_ref idref="fl-13"/>
      </object_component>
      <object_component id="oc-e7">
         <name>EmuBModeVar</name>
         <uninitialized>true</uninitialized>
         <run_address>0xd00</run_address>
         <size>0x1</size>
         <input_file_ref idref="fl-13"/>
      </object_component>
      <object_component id="oc-e8">
         <name>EmuBootPinsVar</name>
         <uninitialized>true</uninitialized>
         <run_address>0xd01</run_address>
         <size>0x1</size>
         <input_file_ref idref="fl-13"/>
      </object_component>
      <object_component id="oc-fe">
         <name>AdcaResultFile</name>
         <uninitialized>true</uninitialized>
         <run_address>0xb00</run_address>
         <size>0x18</size>
         <input_file_ref idref="fl-13"/>
      </object_component>
      <object_component id="oc-ff">
         <name>AdcbResultFile</name>
         <uninitialized>true</uninitialized>
         <run_address>0xb20</run_address>
         <size>0x18</size>
         <input_file_ref idref="fl-13"/>
      </object_component>
      <object_component id="oc-100">
         <name>AdccResultFile</name>
         <uninitialized>true</uninitialized>
         <run_address>0xb40</run_address>
         <size>0x18</size>
         <input_file_ref idref="fl-13"/>
      </object_component>
      <object_component id="oc-101">
         <name>AdcdResultFile</name>
         <uninitialized>true</uninitialized>
         <run_address>0xb60</run_address>
         <size>0x18</size>
         <input_file_ref idref="fl-13"/>
      </object_component>
      <object_component id="oc-12d">
         <name>AdcaRegsFile</name>
         <uninitialized>true</uninitialized>
         <run_address>0x7400</run_address>
         <size>0x80</size>
         <input_file_ref idref="fl-13"/>
      </object_component>
      <object_component id="oc-12e">
         <name>AdcbRegsFile</name>
         <uninitialized>true</uninitialized>
         <run_address>0x7480</run_address>
         <size>0x80</size>
         <input_file_ref idref="fl-13"/>
      </object_component>
      <object_component id="oc-12f">
         <name>AdccRegsFile</name>
         <uninitialized>true</uninitialized>
         <run_address>0x7500</run_address>
         <size>0x80</size>
         <input_file_ref idref="fl-13"/>
      </object_component>
      <object_component id="oc-130">
         <name>AdcdRegsFile</name>
         <uninitialized>true</uninitialized>
         <run_address>0x7580</run_address>
         <size>0x80</size>
         <input_file_ref idref="fl-13"/>
      </object_component>
      <object_component id="oc-129">
         <name>AnalogSubsysRegsFile</name>
         <uninitialized>true</uninitialized>
         <run_address>0x5d180</run_address>
         <size>0x48</size>
         <input_file_ref idref="fl-13"/>
      </object_component>
      <object_component id="oc-143">
         <name>CanaRegsFile</name>
         <uninitialized>true</uninitialized>
         <run_address>0x48000</run_address>
         <size>0x164</size>
         <input_file_ref idref="fl-13"/>
      </object_component>
      <object_component id="oc-144">
         <name>CanbRegsFile</name>
         <uninitialized>true</uninitialized>
         <run_address>0x4a000</run_address>
         <size>0x164</size>
         <input_file_ref idref="fl-13"/>
      </object_component>
      <object_component id="oc-124">
         <name>Cla1RegsFile</name>
         <uninitialized>true</uninitialized>
         <run_address>0x1400</run_address>
         <size>0x3e</size>
         <input_file_ref idref="fl-13"/>
      </object_component>
      <object_component id="oc-ec">
         <name>Cla1SoftIntRegsFile</name>
         <uninitialized>true</uninitialized>
         <run_address>0xce0</run_address>
         <size>0x4</size>
         <input_file_ref idref="fl-13"/>
      </object_component>
      <object_component id="oc-104">
         <name>Cmpss1RegsFile</name>
         <uninitialized>true</uninitialized>
         <run_address>0x5c80</run_address>
         <size>0x20</size>
         <input_file_ref idref="fl-13"/>
      </object_component>
      <object_component id="oc-105">
         <name>Cmpss2RegsFile</name>
         <uninitialized>true</uninitialized>
         <run_address>0x5ca0</run_address>
         <size>0x20</size>
         <input_file_ref idref="fl-13"/>
      </object_component>
      <object_component id="oc-106">
         <name>Cmpss3RegsFile</name>
         <uninitialized>true</uninitialized>
         <run_address>0x5cc0</run_address>
         <size>0x20</size>
         <input_file_ref idref="fl-13"/>
      </object_component>
      <object_component id="oc-107">
         <name>Cmpss4RegsFile</name>
         <uninitialized>true</uninitialized>
         <run_address>0x5ce0</run_address>
         <size>0x20</size>
         <input_file_ref idref="fl-13"/>
      </object_component>
      <object_component id="oc-108">
         <name>Cmpss5RegsFile</name>
         <uninitialized>true</uninitialized>
         <run_address>0x5d00</run_address>
         <size>0x20</size>
         <input_file_ref idref="fl-13"/>
      </object_component>
      <object_component id="oc-109">
         <name>Cmpss6RegsFile</name>
         <uninitialized>true</uninitialized>
         <run_address>0x5d20</run_address>
         <size>0x20</size>
         <input_file_ref idref="fl-13"/>
      </object_component>
      <object_component id="oc-10a">
         <name>Cmpss7RegsFile</name>
         <uninitialized>true</uninitialized>
         <run_address>0x5d40</run_address>
         <size>0x20</size>
         <input_file_ref idref="fl-13"/>
      </object_component>
      <object_component id="oc-10b">
         <name>Cmpss8RegsFile</name>
         <uninitialized>true</uninitialized>
         <run_address>0x5d60</run_address>
         <size>0x20</size>
         <input_file_ref idref="fl-13"/>
      </object_component>
      <object_component id="oc-f2">
         <name>CpuTimer0RegsFile</name>
         <uninitialized>true</uninitialized>
         <run_address>0xc00</run_address>
         <size>0x8</size>
         <input_file_ref idref="fl-13"/>
      </object_component>
      <object_component id="oc-f3">
         <name>CpuTimer1RegsFile</name>
[...]
         <value>0x8c9e6</value>
         <object_component_ref idref="oc-304"/>
      </symbol>
      <symbol id="sm-10ac">
         <name>_SeizeFlashPump_Bank1</name>
         <value>0x8cace</value>
         <object_component_ref idref="oc-304"/>
      </symbol>
      <symbol id="sm-10ae">
         <name>_SeizeFlashPump_Bank0</name>
         <value>0x8cabf</value>
         <object_component_ref idref="oc-304"/>
      </symbol>
      <symbol id="sm-10b0">
         <name>_STANDBY</name>
         <value>0x8ce46</value>
         <object_component_ref idref="oc-304"/>
      </symbol>
      <symbol id="sm-10b2">
         <name>_AuxXtalOscSel</name>
         <value>0x8ce27</value>
         <object_component_ref idref="oc-304"/>
      </symbol>
      <symbol id="sm-10bf">
         <name>_F28x_usDelay</name>
         <value>0x1553a</value>
         <object_component_ref idref="oc-15e"/>
      </symbol>
      <symbol id="sm-10cf">
         <name>_printf</name>
         <value>0x8f265</value>
         <object_component_ref idref="oc-310"/>
      </symbol>
      <symbol id="sm-1233">
         <name>___TI_printfi</name>
         <value>0x8bd54</value>
         <object_component_ref idref="oc-327"/>
      </symbol>
      <symbol id="sm-1242">
         <name>_sprintf</name>
         <value>0x8f293</value>
         <object_component_ref idref="oc-319"/>
      </symbol>
      <symbol id="sm-1256">
         <name>_putchar</name>
         <value>0x8f0e9</value>
         <object_component_ref idref="oc-323"/>
      </symbol>
      <symbol id="sm-1258">
         <name>_putc</name>
         <value>0x8f09b</value>
         <object_component_ref idref="oc-323"/>
      </symbol>
      <symbol id="sm-1259">
         <name>_fputc</name>
         <value>0x8f09b</value>
         <object_component_ref idref="oc-323"/>
      </symbol>
      <symbol id="sm-1277">
         <name>_puts</name>
         <value>0x8e9f3</value>
         <object_component_ref idref="oc-324"/>
      </symbol>
      <symbol id="sm-1279">
         <name>_fputs</name>
         <value>0x8e95e</value>
         <object_component_ref idref="oc-324"/>
      </symbol>
      <symbol id="sm-1291">
         <name>___TI_rd_ok</name>
         <value>0x8ee5b</value>
         <object_component_ref idref="oc-332"/>
      </symbol>
      <symbol id="sm-1293">
         <name>___TI_wrt_ok</name>
         <value>0x8ee21</value>
         <object_component_ref idref="oc-332"/>
      </symbol>
      <symbol id="sm-12ab">
         <name>_setvbuf</name>
         <value>0x8ecc1</value>
         <object_component_ref idref="oc-33d"/>
      </symbol>
      <symbol id="sm-12c7">
         <name>_c_int00</name>
         <value>0x8efef</value>
         <object_component_ref idref="oc-189"/>
      </symbol>
      <symbol id="sm-12c8">
         <name>__stack</name>
         <value>0x122</value>
         <object_component_ref idref="oc-18a"/>
      </symbol>
      <symbol id="sm-12d8">
         <name>FD$$CMP</name>
         <value>0x8f326</value>
         <object_component_ref idref="oc-190"/>
      </symbol>
      <symbol id="sm-12ea">
         <name>FD$$MPY</name>
         <value>0x8ebc2</value>
         <object_component_ref idref="oc-195"/>
      </symbol>
      <symbol id="sm-12f7">
         <name>FD$$NEG</name>
         <value>0x8f67d</value>
         <object_component_ref idref="oc-19a"/>
      </symbol>
      <symbol id="sm-1303">
         <name>FD$$SUB</name>
         <value>0x8f638</value>
         <object_component_ref idref="oc-19f"/>
      </symbol>
      <symbol id="sm-1312">
         <name>FD$$TOI</name>
         <value>0x8f4cf</value>
         <object_component_ref idref="oc-1a4"/>
      </symbol>
      <symbol id="sm-1321">
         <name>FD$$TOL</name>
         <value>0x8f4f0</value>
         <object_component_ref idref="oc-1a9"/>
      </symbol>
      <symbol id="sm-132d">
         <name>LL$$AND</name>
         <value>0x8f5d1</value>
         <object_component_ref idref="oc-1ae"/>
      </symbol>
      <symbol id="sm-132e">
         <name>LL$$OR</name>
         <value>0x8f5d9</value>
         <object_component_ref idref="oc-1ae"/>
      </symbol>
      <symbol id="sm-132f">
         <name>LL$$XOR</name>
         <value>0x8f5e1</value>
         <object_component_ref idref="oc-1ae"/>
      </symbol>
      <symbol id="sm-133d">
         <name>ULL$$CMP</name>
         <value>0x8f521</value>
         <object_component_ref idref="oc-1b3"/>
      </symbol>
      <symbol id="sm-133e">
         <name>LL$$CMP</name>
         <value>0x8f50f</value>
         <object_component_ref idref="oc-1b3"/>
      </symbol>
      <symbol id="sm-136a">
         <name>ULL$$MOD</name>
         <value>0x8e75b</value>
         <object_component_ref idref="oc-1b8"/>
      </symbol>
      <symbol id="sm-136b">
         <name>ULL$$DIV</name>
         <value>0x8e72c</value>
         <object_component_ref idref="oc-1b8"/>
      </symbol>
      <symbol id="sm-136c">
         <name>LL$$MOD</name>
         <value>0x8e6f2</value>
         <object_component_ref idref="oc-1b8"/>
      </symbol>
      <symbol id="sm-136d">
         <name>LL$$DIV</name>
         <value>0x8e6b6</value>
         <object_component_ref idref="oc-1b8"/>
      </symbol>
      <symbol id="sm-137d">
         <name>I$$TOFD</name>
         <value>0x8f52d</value>
         <object_component_ref idref="oc-1bd"/>
      </symbol>
      <symbol id="sm-138b">
         <name>I$$MOD</name>
         <value>0x8f4be</value>
         <object_component_ref idref="oc-1c2"/>
      </symbol>
      <symbol id="sm-138c">
         <name>I$$DIV</name>
         <value>0x8f4ad</value>
         <object_component_ref idref="oc-1c2"/>
      </symbol>
      <symbol id="sm-1398">
         <name>U$$MOD</name>
         <value>0x8f664</value>
         <object_component_ref idref="oc-1c7"/>
      </symbol>
      <symbol id="sm-1399">
         <name>U$$DIV</name>
         <value>0x8f65f</value>
         <object_component_ref idref="oc-1c7"/>
      </symbol>
      <symbol id="sm-13a9">
         <name>L$$TOFD</name>
         <value>0x8f583</value>
         <object_component_ref idref="oc-1cc"/>
      </symbol>
      <symbol id="sm-13b9">
         <name>FS$$TOFD</name>
         <value>0x8f567</value>
         <object_component_ref idref="oc-1d1"/>
      </symbol>
      <symbol id="sm-13d0">
         <name>FD$$DIV</name>
         <value>0x8eb37</value>
         <object_component_ref idref="oc-1d6"/>
      </symbol>
      <symbol id="sm-13df">
         <name>_copy_in</name>
         <value>0x8f441</value>
         <object_component_ref idref="oc-2e0"/>
      </symbol>
      <symbol id="sm-13f1">
         <name>_memcpy</name>
         <value>0x8f54a</value>
         <object_component_ref idref="oc-2f1"/>
      </symbol>
      <symbol id="sm-13fe">
         <name>__system_pre_init</name>
         <value>0x8f6a6</value>
         <object_component_ref idref="oc-2df"/>
      </symbol>
      <symbol id="sm-140c">
         <name>__system_post_cinit</name>
         <value>0x8f6a8</value>
         <object_component_ref idref="oc-2e1"/>
      </symbol>
      <symbol id="sm-1421">
         <name>C$$EXIT</name>
         <value>0x8f3a3</value>
         <object_component_ref idref="oc-2e3"/>
      </symbol>
      <symbol id="sm-1422">
         <name>_exit</name>
         <value>0x8f3a5</value>
         <object_component_ref idref="oc-2e3"/>
      </symbol>
      <symbol id="sm-1424">
         <name>___TI_cleanup_ptr</name>
         <value>0xc47c</value>
         <object_component_ref idref="oc-1f1"/>
      </symbol>
      <symbol id="sm-1425">
         <name>___TI_enable_exit_profile_output</name>
         <value>0xc47a</value>
         <object_component_ref idref="oc-1f1"/>
      </symbol>
      <symbol id="sm-1426">
         <name>_abort</name>
         <value>0x8f3a3</value>
         <object_component_ref idref="oc-2e3"/>
      </symbol>
      <symbol id="sm-1428">
         <name>___TI_dtors_ptr</name>
         <value>0xc47e</value>
         <object_component_ref idref="oc-1f1"/>
      </symbol>
      <symbol id="sm-143c">
         <name>__unlock</name>
         <value>0xec6e</value>
         <object_component_ref idref="oc-31d"/>
      </symbol>
      <symbol id="sm-143d">
         <name>__lock</name>
         <value>0xe5fe</value>
         <object_component_ref idref="oc-2f3"/>
      </symbol>
      <symbol id="sm-143e">
         <name>__register_lock</name>
         <value>0x8f678</value>
         <object_component_ref idref="oc-309"/>
      </symbol>
      <symbol id="sm-1440">
         <name>__nop</name>
         <value>0x8f67c</value>
         <object_component_ref idref="oc-309"/>
      </symbol>
      <symbol id="sm-1442">
         <name>__register_unlock</name>
         <value>0x8f674</value>
         <object_component_ref idref="oc-309"/>
      </symbol>
      <symbol id="sm-1451">
         <name>___TI_ltoa</name>
         <value>0x8f2f6</value>
         <object_component_ref idref="oc-341"/>
      </symbol>
      <symbol id="sm-1461">
         <name>__args_main</name>
         <value>0x8f616</value>
         <object_component_ref idref="oc-2e2"/>
      </symbol>
      <symbol id="sm-1476">
         <name>_atoi</name>
         <value>0x8f2c5</value>
         <object_component_ref idref="oc-336"/>
      </symbol>
      <symbol id="sm-147f">
         <name>__ctypes_</name>
         <value>0xbbdf7</value>
         <object_component_ref idref="oc-340"/>
      </symbol>
      <symbol id="sm-1490">
         <name>___TI_ft_end</name>
         <value>0xec69</value>
         <object_component_ref idref="oc-20e"/>
      </symbol>
      <symbol id="sm-1491">
         <name>___TI_tmpnams</name>
         <value>0xea00</value>
         <object_component_ref idref="oc-355"/>
      </symbol>
      <symbol id="sm-1492">
         <name>__ftable</name>
         <value>0xeac0</value>
         <object_component_ref idref="oc-325"/>
      </symbol>
      <symbol id="sm-14a3">
         <name>___gmtime64</name>
         <value>0x8f045</value>
         <object_component_ref idref="oc-322"/>
      </symbol>
      <symbol id="sm-14c3">
         <name>___localtime64</name>
         <value>0x8e7bd</value>
         <object_component_ref idref="oc-331"/>
      </symbol>
      <symbol id="sm-14d3">
         <name>_memccpy</name>
         <value>0x8f628</value>
         <object_component_ref idref="oc-33a"/>
      </symbol>
      <symbol id="sm-14e3">
         <name>_memchr</name>
         <value>0x8f646</value>
         <object_component_ref idref="oc-335"/>
      </symbol>
      <symbol id="sm-1541">
         <name>__sys_memory</name>
         <value>0x8000</value>
         <object_component_ref idref="oc-229"/>
      </symbol>
      <symbol id="sm-1542">
         <name>___TI_heap_total_available</name>
         <value>0x8dc36</value>
         <object_component_ref idref="oc-346"/>
      </symbol>
      <symbol id="sm-1544">
         <name>_realloc</name>
         <value>0x8dadb</value>
         <object_component_ref idref="oc-346"/>
      </symbol>
      <symbol id="sm-1546">
         <name>___TI_heap_check</name>
         <value>0x8dc70</value>
         <object_component_ref idref="oc-346"/>
      </symbol>
      <symbol id="sm-1548">
         <name>_free</name>
         <value>0x8da11</value>
         <object_component_ref idref="oc-346"/>
      </symbol>
      <symbol id="sm-154a">
         <name>_memalign</name>
         <value>0x8db90</value>
         <object_component_ref idref="oc-346"/>
      </symbol>
      <symbol id="sm-154b">
         <name>_calloc</name>
         <value>0x8db63</value>
         <object_component_ref idref="oc-346"/>
      </symbol>
      <symbol id="sm-154d">
         <name>_malloc</name>
         <value>0x8d9e6</value>
         <object_component_ref idref="oc-346"/>
      </symbol>
      <symbol id="sm-154f">
         <name>_aligned_alloc</name>
         <value>0x8db90</value>
         <object_component_ref idref="oc-346"/>
      </symbol>
      <symbol id="sm-1551">
         <name>_minit</name>
         <value>0x8db5f</value>
         <object_component_ref idref="oc-346"/>
      </symbol>
      <symbol id="sm-1553">
         <name>___TI_heap_largest_available</name>
         <value>0x8dc53</value>
         <object_component_ref idref="oc-346"/>
      </symbol>
      <symbol id="sm-1562">
         <name>_memset</name>
         <value>0x8f697</value>
         <object_component_ref idref="oc-337"/>
      </symbol>
      <symbol id="sm-1590">
         <name>___mktime64</name>
         <value>0x8e10a</value>
         <object_component_ref idref="oc-321"/>
      </symbol>
      <symbol id="sm-15a0">
         <name>_strchr</name>
         <value>0x8f653</value>
         <object_component_ref idref="oc-344"/>
      </symbol>
      <symbol id="sm-15ae">
         <name>_strcpy</name>
         <value>0x8f69e</value>
         <object_component_ref idref="oc-338"/>
      </symbol>
      <symbol id="sm-15bc">
         <name>_strlen</name>
         <value>0x8f68f</value>
         <object_component_ref idref="oc-32d"/>
      </symbol>
      <symbol id="sm-15c8">
         <name>__tz</name>
         <value>0xe434</value>
         <object_component_ref idref="oc-249"/>
      </symbol>
      <symbol id="sm-15d5">
         <name>_write</name>
         <value>0x8f5b8</value>
         <object_component_ref idref="oc-334"/>
      </symbol>
      <symbol id="sm-15e6">
         <name>__device</name>
         <value>0xeb40</value>
         <object_component_ref idref="oc-348"/>
      </symbol>
      <symbol id="sm-15e7">
         <name>__stream</name>
         <value>0xe5cc</value>
         <object_component_ref idref="oc-33e"/>
      </symbol>
      <symbol id="sm-15fa">
         <name>_frexpl</name>
         <value>0x8ef3e</value>
         <object_component_ref idref="oc-342"/>
      </symbol>
      <symbol id="sm-1619">
         <name>_scalbnl</name>
         <value>0x8e8b5</value>
         <object_component_ref idref="oc-343"/>
      </symbol>
      <symbol id="sm-161b">
         <name>_ldexpl</name>
         <value>0x8e8b5</value>
         <object_component_ref idref="oc-343"/>
      </symbol>
      <symbol id="sm-1628">
         <name>_copysignl</name>
         <value>0x8f489</value>
         <object_component_ref idref="oc-34a"/>
      </symbol>
      <symbol id="sm-1637">
         <name>_wcslen</name>
         <value>0x8f686</value>
         <object_component_ref idref="oc-33b"/>
      </symbol>
      <symbol id="sm-164e">
         <name>___TI_doflush</name>
         <value>0x8ed3d</value>
         <object_component_ref idref="oc-333"/>
      </symbol>
      <symbol id="sm-1650">
         <name>_fflush</name>
         <value>0x8ed6c</value>
         <object_component_ref idref="oc-333"/>
      </symbol>
      <symbol id="sm-168c">
         <name>_fopen</name>
         <value>0x8e66f</value>
         <object_component_ref idref="oc-347"/>
      </symbol>
      <symbol id="sm-168e">
         <name>___TI_cleanup</name>
         <value>0x8e634</value>
         <object_component_ref idref="oc-347"/>
      </symbol>
      <symbol id="sm-1690">
         <name>_freopen</name>
         <value>0x8e651</value>
         <object_component_ref idref="oc-347"/>
      </symbol>
      <symbol id="sm-16a1">
         <name>_fseek</name>
         <value>0x8f17d</value>
         <object_component_ref idref="oc-33c"/>
      </symbol>
      <symbol id="sm-16a2">
         <name>_fseeko</name>
         <value>0x8f17d</value>
         <object_component_ref idref="oc-33c"/>
      </symbol>
      <symbol id="sm-16be">
         <name>FD$$ADD</name>
         <value>0x8ea06</value>
         <object_component_ref idref="oc-279"/>
      </symbol>
      <symbol id="sm-16ca">
         <name>UL$$MOD</name>
         <value>0x8f374</value>
         <object_component_ref idref="oc-27e"/>
      </symbol>
      <symbol id="sm-16cb">
         <name>L$$MOD</name>
         <value>0x8f35f</value>
         <object_component_ref idref="oc-27e"/>
      </symbol>
      <symbol id="sm-16cc">
         <name>L$$DIV</name>
         <value>0x8f350</value>
         <object_component_ref idref="oc-27e"/>
      </symbol>
      <symbol id="sm-16cd">
         <name>UL$$DIV</name>
         <value>0x8f36d</value>
         <object_component_ref idref="oc-27e"/>
      </symbol>
      <symbol id="sm-16d7">
         <name>_errno</name>
         <value>0xec70</value>
         <object_component_ref idref="oc-285"/>
      </symbol>
      <symbol id="sm-16e3">
         <name>_HOSTclose</name>
         <value>0x8f3f4</value>
         <object_component_ref idref="oc-34e"/>
      </symbol>
      <symbol id="sm-16f0">
         <name>_HOSTlseek</name>
         <value>0x8eee3</value>
         <object_component_ref idref="oc-351"/>
      </symbol>
      <symbol id="sm-1700">
         <name>_parmbuf</name>
         <value>0xdc78</value>
         <object_component_ref idref="oc-357"/>
      </symbol>
      <symbol id="sm-1701">
         <name>_HOSTopen</name>
         <value>0x8f1ba</value>
         <object_component_ref idref="oc-34d"/>
      </symbol>
      <symbol id="sm-170f">
         <name>_HOSTread</name>
         <value>0x8f229</value>
         <object_component_ref idref="oc-34f"/>
      </symbol>
      <symbol id="sm-171c">
         <name>_HOSTrename</name>
         <value>0x8f13f</value>
         <object_component_ref idref="oc-353"/>
      </symbol>
      <symbol id="sm-1729">
         <name>_HOSTunlink</name>
         <value>0x8f465</value>
         <object_component_ref idref="oc-352"/>
      </symbol>
      <symbol id="sm-1737">
         <name>_HOSTwrite</name>
         <value>0x8f1f2</value>
         <object_component_ref idref="oc-350"/>
      </symbol>
      <symbol id="sm-1751">
         <name>___TI_readmsg</name>
         <value>0x8eafa</value>
         <object_component_ref idref="oc-358"/>
      </symbol>
      <symbol id="sm-1753">
         <name>C$$IO$$</name>
         <value>0x8eaf5</value>
         <object_component_ref idref="oc-358"/>
      </symbol>
      <symbol id="sm-1754">
         <name>__CIOBUF_</name>
         <value>0x8600</value>
         <object_component_ref idref="oc-2ab"/>
      </symbol>
      <symbol id="sm-1755">
         <name>___TI_writemsg</name>
         <value>0x8eaa2</value>
         <object_component_ref idref="oc-358"/>
      </symbol>
      <symbol id="sm-1771">
         <name>_open</name>
         <value>0x8edb0</value>
         <object_component_ref idref="oc-34b"/>
      </symbol>
      <symbol id="sm-177f">
         <name>_lseek</name>
         <value>0x8f5e9</value>
         <object_component_ref idref="oc-345"/>
      </symbol>
      <symbol id="sm-1791">
         <name>___TI_closefile</name>
         <value>0x8ee86</value>
         <object_component_ref idref="oc-34c"/>
      </symbol>
      <symbol id="sm-1793">
         <name>_fclose</name>
         <value>0x8eeca</value>
         <object_component_ref idref="oc-34c"/>
      </symbol>
      <symbol id="sm-17a5">
         <name>_finddevice</name>
         <value>0x8f0ee</value>
         <object_component_ref idref="oc-354"/>
      </symbol>
      <symbol id="sm-17a7">
         <name>_getdevice</name>
         <value>0x8f109</value>
         <object_component_ref idref="oc-354"/>
      </symbol>
      <symbol id="sm-17b6">
         <name>_strcmp</name>
         <value>0x8f66a</value>
         <object_component_ref idref="oc-359"/>
      </symbol>
      <symbol id="sm-17c7">
         <name>_strncpy</name>
         <value>0x8f601</value>
         <object_component_ref idref="oc-35a"/>
      </symbol>
      <symbol id="sm-17d4">
         <name>_remove</name>
         <value>0x8f6a3</value>
         <object_component_ref idref="oc-356"/>
      </symbol>
      <symbol id="sm-17e1">
         <name>_unlink</name>
         <value>0x8f59f</value>
         <object_component_ref idref="oc-35b"/>
      </symbol>
   </symbol_table>
   <title>Link successful</title>
</link_info>
